Component: ARM Compiler 5.06 update 6 (build 750) Tool: armlink [4d35ed]

==============================================================================

Section Cross References

    main.o(.text) refers to _printf_percent.o(.ARM.Collect$$_printf_percent$$00000000) for _printf_percent
    main.o(.text) refers to _printf_c.o(.ARM.Collect$$_printf_percent$$00000013) for _printf_c
    main.o(.text) refers to _printf_str.o(.text) for _printf_str
    main.o(.text) refers to delay.o(.text) for delay_init
    main.o(.text) refers to misc.o(.text) for NVIC_PriorityGroupConfig
    main.o(.text) refers to stm32f10x_rcc.o(.text) for RCC_APB1PeriphClockCmd
    main.o(.text) refers to usart2.o(.text) for usart2_init
    main.o(.text) refers to usart_mod.o(.text) for Mod_USARTx_Config
    main.o(.text) refers to timer.o(.text) for TIM6_Int_Init
    main.o(.text) refers to stm32f10x_tim.o(.text) for TIM_SetCounter
    main.o(.text) refers to rtc.o(.text) for Init_RTC
    main.o(.text) refers to iic.o(.text) for I2C_Config
    main.o(.text) refers to usart3.o(.text) for usart3_init
    main.o(.text) refers to sim800.o(.text) for SIM800_ntpserver
    main.o(.text) refers to readconfig.o(.text) for r_defalutconfig
    main.o(.text) refers to mod.o(.text) for read_hold_register_03
    main.o(.text) refers to send.o(.text) for packagedata
    main.o(.text) refers to __2sprintf.o(.text) for __2sprintf
    main.o(.text) refers to main.o(.bss) for device
    main.o(.text) refers to main.o(.data) for IsRead
    system_stm32f10x.o(.text) refers to system_stm32f10x.o(.data) for SystemCoreClock
    startup_stm32f10x_hd.o(STACK) refers (Special) to heapauxi.o(.text) for __use_two_region_memory
    startup_stm32f10x_hd.o(HEAP) refers (Special) to heapauxi.o(.text) for __use_two_region_memory
    startup_stm32f10x_hd.o(RESET) refers (Special) to heapauxi.o(.text) for __use_two_region_memory
    startup_stm32f10x_hd.o(RESET) refers to startup_stm32f10x_hd.o(STACK) for __initial_sp
    startup_stm32f10x_hd.o(RESET) refers to startup_stm32f10x_hd.o(.text) for Reset_Handler
    startup_stm32f10x_hd.o(RESET) refers to stm32f10x_it.o(.text) for NMI_Handler
    startup_stm32f10x_hd.o(RESET) refers to usart_mod.o(.text) for SysTick_Handler
    startup_stm32f10x_hd.o(RESET) refers to rtc.o(.text) for RTC_IRQHandler
    startup_stm32f10x_hd.o(RESET) refers to usart3.o(.text) for USART3_IRQHandler
    startup_stm32f10x_hd.o(RESET) refers to timer.o(.text) for TIM5_IRQHandler
    startup_stm32f10x_hd.o(.text) refers (Special) to heapauxi.o(.text) for __use_two_region_memory
    startup_stm32f10x_hd.o(.text) refers to system_stm32f10x.o(.text) for SystemInit
    startup_stm32f10x_hd.o(.text) refers to __main.o(!!!main) for __main
    startup_stm32f10x_hd.o(.text) refers to startup_stm32f10x_hd.o(HEAP) for Heap_Mem
    startup_stm32f10x_hd.o(.text) refers to startup_stm32f10x_hd.o(STACK) for Stack_Mem
    stm32f10x_adc.o(.text) refers to stm32f10x_rcc.o(.text) for RCC_APB2PeriphResetCmd
    stm32f10x_bkp.o(.text) refers to stm32f10x_rcc.o(.text) for RCC_BackupResetCmd
    stm32f10x_can.o(.text) refers to stm32f10x_rcc.o(.text) for RCC_APB1PeriphResetCmd
    stm32f10x_cec.o(.text) refers to stm32f10x_rcc.o(.text) for RCC_APB1PeriphResetCmd
    stm32f10x_dac.o(.text) refers to stm32f10x_rcc.o(.text) for RCC_APB1PeriphResetCmd
    stm32f10x_gpio.o(.text) refers to stm32f10x_rcc.o(.text) for RCC_APB2PeriphResetCmd
    stm32f10x_i2c.o(.text) refers to stm32f10x_rcc.o(.text) for RCC_APB1PeriphResetCmd
    stm32f10x_pwr.o(.text) refers to stm32f10x_rcc.o(.text) for RCC_APB1PeriphResetCmd
    stm32f10x_rcc.o(.text) refers to stm32f10x_rcc.o(.data) for APBAHBPrescTable
    stm32f10x_spi.o(.text) refers to stm32f10x_rcc.o(.text) for RCC_APB2PeriphResetCmd
    stm32f10x_tim.o(.text) refers to stm32f10x_rcc.o(.text) for RCC_APB2PeriphResetCmd
    stm32f10x_usart.o(.text) refers to stm32f10x_rcc.o(.text) for RCC_APB2PeriphResetCmd
    stm32f10x_wwdg.o(.text) refers to stm32f10x_rcc.o(.text) for RCC_APB1PeriphResetCmd
    delay.o(.text) refers to system_stm32f10x.o(.data) for SystemCoreClock
    delay.o(.text) refers to delay.o(.data) for fac_us
    sim800.o(.text) refers to _printf_percent.o(.ARM.Collect$$_printf_percent$$00000000) for _printf_percent
    sim800.o(.text) refers to _printf_d.o(.ARM.Collect$$_printf_percent$$00000009) for _printf_d
    sim800.o(.text) refers to _printf_dec.o(.text) for _printf_int_dec
    sim800.o(.text) refers to _printf_s.o(.ARM.Collect$$_printf_percent$$00000014) for _printf_s
    sim800.o(.text) refers to _printf_str.o(.text) for _printf_str
    sim800.o(.text) refers to rt_memclr_w.o(.text) for __aeabi_memclr4
    sim800.o(.text) refers to strcpy.o(.text) for strcpy
    sim800.o(.text) refers to usart3.o(.text) for u3_printf
    sim800.o(.text) refers to delay.o(.text) for delay_ms
    sim800.o(.text) refers to strstr.o(.text) for strstr
    sim800.o(.text) refers to usart2.o(.text) for USART2_printf
[...]
    _get_lc_time                              - Undefined Weak Reference
    _getenv_init                              - Undefined Weak Reference
    _handle_redirection                       - Undefined Weak Reference
    _init_alloc                               - Undefined Weak Reference
    _init_user_alloc                          - Undefined Weak Reference
    _initio                                   - Undefined Weak Reference
    _printf_fp_hex                            - Undefined Weak Reference
    _printf_mbtowc                            - Undefined Weak Reference
    _printf_wc                                - Undefined Weak Reference
    _rand_init                                - Undefined Weak Reference
    _signal_finish                            - Undefined Weak Reference
    _signal_init                              - Undefined Weak Reference
    _terminate_alloc                          - Undefined Weak Reference
    _terminate_user_alloc                     - Undefined Weak Reference
    _terminateio                              - Undefined Weak Reference
    __Vectors_Size                           0x00000130   Number         0  startup_stm32f10x_hd.o ABSOLUTE
    __Vectors                                0x08000000   Data           4  startup_stm32f10x_hd.o(RESET)
    __Vectors_End                            0x08000130   Data           0  startup_stm32f10x_hd.o(RESET)
    __main                                   0x08000131   Thumb Code     8  __main.o(!!!main)
    __scatterload                            0x08000139   Thumb Code     0  __scatter.o(!!!scatter)
    __scatterload_rt2                        0x08000139   Thumb Code    44  __scatter.o(!!!scatter)
    __scatterload_rt2_thumb_only             0x08000139   Thumb Code     0  __scatter.o(!!!scatter)
    __scatterload_null                       0x08000147   Thumb Code     0  __scatter.o(!!!scatter)
    __decompress                             0x0800016d   Thumb Code    90  __dczerorl2.o(!!dczerorl2)
    __decompress1                            0x0800016d   Thumb Code     0  __dczerorl2.o(!!dczerorl2)
    __scatterload_zeroinit                   0x080001c9   Thumb Code    28  __scatter_zi.o(!!handler_zi)
    _printf_n                                0x080001e5   Thumb Code     0  _printf_n.o(.ARM.Collect$$_printf_percent$$00000001)
    _printf_percent                          0x080001e5   Thumb Code     0  _printf_percent.o(.ARM.Collect$$_printf_percent$$00000000)
    _printf_p                                0x080001eb   Thumb Code     0  _printf_p.o(.ARM.Collect$$_printf_percent$$00000002)
    _printf_f                                0x080001f1   Thumb Code     0  _printf_f.o(.ARM.Collect$$_printf_percent$$00000003)
    _printf_e                                0x080001f7   Thumb Code     0  _printf_e.o(.ARM.Collect$$_printf_percent$$00000004)
    _printf_g                                0x080001fd   Thumb Code     0  _printf_g.o(.ARM.Collect$$_printf_percent$$00000005)
    _printf_a                                0x08000203   Thumb Code     0  _printf_a.o(.ARM.Collect$$_printf_percent$$00000006)
    _printf_ll                               0x08000209   Thumb Code     0  _printf_ll.o(.ARM.Collect$$_printf_percent$$00000007)
    _printf_i                                0x08000213   Thumb Code     0  _printf_i.o(.ARM.Collect$$_printf_percent$$00000008)
    _printf_d                                0x08000219   Thumb Code     0  _printf_d.o(.ARM.Collect$$_printf_percent$$00000009)
    _printf_u                                0x0800021f   Thumb Code     0  _printf_u.o(.ARM.Collect$$_printf_percent$$0000000A)
    _printf_o                                0x08000225   Thumb Code     0  _printf_o.o(.ARM.Collect$$_printf_percent$$0000000B)
    _printf_x                                0x0800022b   Thumb Code     0  _printf_x.o(.ARM.Collect$$_printf_percent$$0000000C)
    _printf_lli                              0x08000231   Thumb Code     0  _printf_lli.o(.ARM.Collect$$_printf_percent$$0000000D)
    _printf_lld                              0x08000237   Thumb Code     0  _printf_lld.o(.ARM.Collect$$_printf_percent$$0000000E)
    _printf_llu                              0x0800023d   Thumb Code     0  _printf_llu.o(.ARM.Collect$$_printf_percent$$0000000F)
    _printf_llo                              0x08000243   Thumb Code     0  _printf_llo.o(.ARM.Collect$$_printf_percent$$00000010)
    _printf_llx                              0x08000249   Thumb Code     0  _printf_llx.o(.ARM.Collect$$_printf_percent$$00000011)
    _printf_l                                0x0800024f   Thumb Code     0  _printf_l.o(.ARM.Collect$$_printf_percent$$00000012)
    _printf_c                                0x08000259   Thumb Code     0  _printf_c.o(.ARM.Collect$$_printf_percent$$00000013)
    _printf_s                                0x0800025f   Thumb Code     0  _printf_s.o(.ARM.Collect$$_printf_percent$$00000014)
    _printf_lc                               0x08000265   Thumb Code     0  _printf_lc.o(.ARM.Collect$$_printf_percent$$00000015)
    _printf_ls                               0x0800026b   Thumb Code     0  _printf_ls.o(.ARM.Collect$$_printf_percent$$00000016)
    _printf_percent_end                      0x08000271   Thumb Code     0  _printf_percent_end.o(.ARM.Collect$$_printf_percent$$00000017)
    __rt_lib_init                            0x08000275   Thumb Code     0  libinit.o(.ARM.Collect$$libinit$$00000000)
    __rt_lib_init_fp_1                       0x08000277   Thumb Code     0  libinit2.o(.ARM.Collect$$libinit$$00000002)
    __rt_lib_init_heap_1                     0x08000277   Thumb Code     0  libinit2.o(.ARM.Collect$$libinit$$0000000A)
    __rt_lib_init_lc_common                  0x08000277   Thumb Code     0  libinit2.o(.ARM.Collect$$libinit$$0000000F)
    __rt_lib_init_preinit_1                  0x08000277   Thumb Code     0  libinit2.o(.ARM.Collect$$libinit$$00000004)
    __rt_lib_init_rand_1                     0x08000277   Thumb Code     0  libinit2.o(.ARM.Collect$$libinit$$0000000E)
    __rt_lib_init_user_alloc_1               0x08000277   Thumb Code     0  libinit2.o(.ARM.Collect$$libinit$$0000000C)
    __rt_lib_init_lc_collate_1               0x0800027d   Thumb Code     0  libinit2.o(.ARM.Collect$$libinit$$00000011)
    __rt_lib_init_lc_ctype_2                 0x0800027d   Thumb Code     0  libinit2.o(.ARM.Collect$$libinit$$00000012)
    __rt_lib_init_lc_ctype_1                 0x08000289   Thumb Code     0  libinit2.o(.ARM.Collect$$libinit$$00000013)
    __rt_lib_init_lc_monetary_1              0x08000289   Thumb Code     0  libinit2.o(.ARM.Collect$$libinit$$00000015)
    __rt_lib_init_lc_numeric_2               0x08000289   Thumb Code     0  libinit2.o(.ARM.Collect$$libinit$$00000016)
    __rt_lib_init_alloca_1                   0x08000293   Thumb Code     0  libinit2.o(.ARM.Collect$$libinit$$0000002E)
    __rt_lib_init_argv_1                     0x08000293   Thumb Code     0  libinit2.o(.ARM.Collect$$libinit$$0000002C)
    __rt_lib_init_atexit_1                   0x08000293   Thumb Code     0  libinit2.o(.ARM.Collect$$libinit$$0000001B)
    __rt_lib_init_clock_1                    0x08000293   Thumb Code     0  libinit2.o(.ARM.Collect$$libinit$$00000021)
    __rt_lib_init_cpp_1                      0x08000293   Thumb Code     0  libinit2.o(.ARM.Collect$$libinit$$00000032)
    __rt_lib_init_exceptions_1               0x08000293   Thumb Code     0  libinit2.o(.ARM.Collect$$libinit$$00000030)
    __rt_lib_init_fp_trap_1                  0x08000293   Thumb Code     0  libinit2.o(.ARM.Collect$$libinit$$0000001F)
    __rt_lib_init_getenv_1                   0x08000293   Thumb Code     0  libinit2.o(.ARM.Collect$$libinit$$00000023)
    __rt_lib_init_lc_numeric_1               0x08000293   Thumb Code     0  libinit2.o(.ARM.Collect$$libinit$$00000017)
    __rt_lib_init_lc_time_1                  0x08000293   Thumb Code     0  libinit2.o(.ARM.Collect$$libinit$$00000019)
    __rt_lib_init_return                     0x08000293   Thumb Code     0  libinit2.o(.ARM.Collect$$libinit$$00000033)
    __rt_lib_init_signal_1                   0x08000293   Thumb Code     0  libinit2.o(.ARM.Collect$$libinit$$0000001D)
    __rt_lib_init_stdio_1                    0x08000293   Thumb Code     0  libinit2.o(.ARM.Collect$$libinit$$00000025)
    __rt_lib_shutdown                        0x08000295   Thumb Code     0  libshutdown.o(.ARM.Collect$$libshutdown$$00000000)
    __rt_lib_shutdown_cpp_1                  0x08000297   Thumb Code     0  libshutdown2.o(.ARM.Collect$$libshutdown$$00000002)
    __rt_lib_shutdown_fp_trap_1              0x08000297   Thumb Code     0  libshutdown2.o(.ARM.Collect$$libshutdown$$00000007)
    __rt_lib_shutdown_heap_1                 0x08000297   Thumb Code     0  libshutdown2.o(.ARM.Collect$$libshutdown$$0000000F)
    __rt_lib_shutdown_return                 0x08000297   Thumb Code     0  libshutdown2.o(.ARM.Collect$$libshutdown$$00000010)
    __rt_lib_shutdown_signal_1               0x08000297   Thumb Code     0  libshutdown2.o(.ARM.Collect$$libshutdown$$0000000A)
    __rt_lib_shutdown_stdio_1                0x08000297   Thumb Code     0  libshutdown2.o(.ARM.Collect$$libshutdown$$00000004)
    __rt_lib_shutdown_user_alloc_1           0x08000297   Thumb Code     0  libshutdown2.o(.ARM.Collect$$libshutdown$$0000000C)
    __rt_entry                               0x08000299   Thumb Code     0  __rtentry.o(.ARM.Collect$$rtentry$$00000000)
    __rt_entry_presh_1                       0x08000299   Thumb Code     0  __rtentry2.o(.ARM.Collect$$rtentry$$00000002)
    __rt_entry_sh                            0x08000299   Thumb Code     0  __rtentry4.o(.ARM.Collect$$rtentry$$00000004)
    __rt_entry_li                            0x0800029f   Thumb Code     0  __rtentry2.o(.ARM.Collect$$rtentry$$0000000A)
    __rt_entry_postsh_1                      0x0800029f   Thumb Code     0  __rtentry2.o(.ARM.Collect$$rtentry$$00000009)
    __rt_entry_main                          0x080002a3   Thumb Code     0  __rtentry2.o(.ARM.Collect$$rtentry$$0000000D)
    __rt_entry_postli_1                      0x080002a3   Thumb Code     0  __rtentry2.o(.ARM.Collect$$rtentry$$0000000C)
    __rt_exit                                0x080002ab   Thumb Code     0  rtexit.o(.ARM.Collect$$rtexit$$00000000)
    __rt_exit_ls                             0x080002ad   Thumb Code     0  rtexit2.o(.ARM.Collect$$rtexit$$00000003)
    __rt_exit_prels_1                        0x080002ad   Thumb Code     0  rtexit2.o(.ARM.Collect$$rtexit$$00000002)
    __rt_exit_exit                           0x080002b1   Thumb Code     0  rtexit2.o(.ARM.Collect$$rtexit$$00000004)
    main                                     0x080002b9   Thumb Code   394  main.o(.text)
    NMI_Handler                              0x080004a1   Thumb Code     2  stm32f10x_it.o(.text)
    HardFault_Handler                        0x080004a3   Thumb Code     4  stm32f10x_it.o(.text)
    MemManage_Handler                        0x080004a7   Thumb Code     4  stm32f10x_it.o(.text)
    BusFault_Handler                         0x080004ab   Thumb Code     4  stm32f10x_it.o(.text)
    UsageFault_Handler                       0x080004af   Thumb Code     4  stm32f10x_it.o(.text)
    SVC_Handler                              0x080004b3   Thumb Code     2  stm32f10x_it.o(.text)
    DebugMon_Handler                         0x080004b5   Thumb Code     2  stm32f10x_it.o(.text)
    PendSV_Handler                           0x080004b7   Thumb Code     2  stm32f10x_it.o(.text)
    SystemInit                               0x08000597   Thumb Code    78  system_stm32f10x.o(.text)
    SystemCoreClockUpdate                    0x080005e5   Thumb Code   142  system_stm32f10x.o(.text)
    Reset_Handler                            0x08000699   Thumb Code     8  startup_stm32f10x_hd.o(.text)
    ADC1_2_IRQHandler                        0x080006b3   Thumb Code     0  startup_stm32f10x_hd.o(.text)
    ADC3_IRQHandler                          0x080006b3   Thumb Code     0  startup_stm32f10x_hd.o(.text)
    CAN1_RX1_IRQHandler                      0x080006b3   Thumb Code     0  startup_stm32f10x_hd.o(.text)
    CAN1_SCE_IRQHandler                      0x080006b3   Thumb Code     0  startup_stm32f10x_hd.o(.text)
    DMA1_Channel1_IRQHandler                 0x080006b3   Thumb Code     0  startup_stm32f10x_hd.o(.text)
    DMA1_Channel2_IRQHandler                 0x080006b3   Thumb Code     0  startup_stm32f10x_hd.o(.text)
    DMA1_Channel3_IRQHandler                 0x080006b3   Thumb Code     0  startup_stm32f10x_hd.o(.text)
    DMA1_Channel4_IRQHandler                 0x080006b3   Thumb Code     0  startup_stm32f10x_hd.o(.text)
    DMA1_Channel5_IRQHandler                 0x080006b3   Thumb Code     0  startup_stm32f10x_hd.o(.text)
    DMA1_Channel6_IRQHandler                 0x080006b3   Thumb Code     0  startup_stm32f10x_hd.o(.text)
    DMA1_Channel7_IRQHandler                 0x080006b3   Thumb Code     0  startup_stm32f10x_hd.o(.text)
    DMA2_Channel1_IRQHandler                 0x080006b3   Thumb Code     0  startup_stm32f10x_hd.o(.text)
    DMA2_Channel2_IRQHandler                 0x080006b3   Thumb Code     0  startup_stm32f10x_hd.o(.text)
    DMA2_Channel3_IRQHandler                 0x080006b3   Thumb Code     0  startup_stm32f10x_hd.o(.text)
    DMA2_Channel4_5_IRQHandler               0x080006b3   Thumb Code     0  startup_stm32f10x_hd.o(.text)
    EXTI0_IRQHandler                         0x080006b3   Thumb Code     0  startup_stm32f10x_hd.o(.text)
    EXTI15_10_IRQHandler                     0x080006b3   Thumb Code     0  startup_stm32f10x_hd.o(.text)
    EXTI1_IRQHandler                         0x080006b3   Thumb Code     0  startup_stm32f10x_hd.o(.text)
    EXTI2_IRQHandler                         0x080006b3   Thumb Code     0  startup_stm32f10x_hd.o(.text)
    EXTI3_IRQHandler                         0x080006b3   Thumb Code     0  startup_stm32f10x_hd.o(.text)
    EXTI4_IRQHandler                         0x080006b3   Thumb Code     0  startup_stm32f10x_hd.o(.text)
    EXTI9_5_IRQHandler                       0x080006b3   Thumb Code     0  startup_stm32f10x_hd.o(.text)
    FLASH_IRQHandler                         0x080006b3   Thumb Code     0  startup_stm32f10x_hd.o(.text)
    FSMC_IRQHandler                          0x080006b3   Thumb Code     0  startup_stm32f10x_hd.o(.text)
    I2C1_ER_IRQHandler                       0x080006b3   Thumb Code     0  startup_stm32f10x_hd.o(.text)
    I2C1_EV_IRQHandler                       0x080006b3   Thumb Code     0  startup_stm32f10x_hd.o(.text)
    I2C2_ER_IRQHandler                       0x080006b3   Thumb Code     0  startup_stm32f10x_hd.o(.text)
    I2C2_EV_IRQHandler                       0x080006b3   Thumb Code     0  startup_stm32f10x_hd.o(.text)
    PVD_IRQHandler                           0x080006b3   Thumb Code     0  startup_stm32f10x_hd.o(.text)
    RCC_IRQHandler                           0x080006b3   Thumb Code     0  startup_stm32f10x_hd.o(.text)
    RTCAlarm_IRQHandler                      0x080006b3   Thumb Code     0  startup_stm32f10x_hd.o(.text)
    SDIO_IRQHandler                          0x080006b3   Thumb Code     0  startup_stm32f10x_hd.o(.text)
    SPI1_IRQHandler                          0x080006b3   Thumb Code     0  startup_stm32f10x_hd.o(.text)
    SPI2_IRQHandler                          0x080006b3   Thumb Code     0  startup_stm32f10x_hd.o(.text)
    SPI3_IRQHandler                          0x080006b3   Thumb Code     0  startup_stm32f10x_hd.o(.text)
    TAMPER_IRQHandler                        0x080006b3   Thumb Code     0  startup_stm32f10x_hd.o(.text)
    TIM1_BRK_IRQHandler                      0x080006b3   Thumb Code     0  startup_stm32f10x_hd.o(.text)
    TIM1_CC_IRQHandler                       0x080006b3   Thumb Code     0  startup_stm32f10x_hd.o(.text)
    TIM1_TRG_COM_IRQHandler                  0x080006b3   Thumb Code     0  startup_stm32f10x_hd.o(.text)
    TIM1_UP_IRQHandler                       0x080006b3   Thumb Code     0  startup_stm32f10x_hd.o(.text)
    TIM2_IRQHandler                          0x080006b3   Thumb Code     0  startup_stm32f10x_hd.o(.text)
    TIM3_IRQHandler                          0x080006b3   Thumb Code     0  startup_stm32f10x_hd.o(.text)
    TIM4_IRQHandler                          0x080006b3   Thumb Code     0  startup_stm32f10x_hd.o(.text)
    TIM8_BRK_IRQHandler                      0x080006b3   Thumb Code     0  startup_stm32f10x_hd.o(.text)
    TIM8_CC_IRQHandler                       0x080006b3   Thumb Code     0  startup_stm32f10x_hd.o(.text)
    TIM8_TRG_COM_IRQHandler                  0x080006b3   Thumb Code     0  startup_stm32f10x_hd.o(.text)
    TIM8_UP_IRQHandler                       0x080006b3   Thumb Code     0  startup_stm32f10x_hd.o(.text)
    UART4_IRQHandler                         0x080006b3   Thumb Code     0  startup_stm32f10x_hd.o(.text)
    UART5_IRQHandler                         0x080006b3   Thumb Code     0  startup_stm32f10x_hd.o(.text)
    USART2_IRQHandler                        0x080006b3   Thumb Code     0  startup_stm32f10x_hd.o(.text)
    USBWakeUp_IRQHandler                     0x080006b3   Thumb Code     0  startup_stm32f10x_hd.o(.text)
    USB_HP_CAN1_TX_IRQHandler                0x080006b3   Thumb Code     0  startup_stm32f10x_hd.o(.text)
    USB_LP_CAN1_RX0_IRQHandler               0x080006b3   Thumb Code     0  startup_stm32f10x_hd.o(.text)
    WWDG_IRQHandler                          0x080006b3   Thumb Code     0  startup_stm32f10x_hd.o(.text)
    __user_initial_stackheap                 0x080006b5   Thumb Code     0  startup_stm32f10x_hd.o(.text)
    NVIC_PriorityGroupConfig                 0x080006d9   Thumb Code    10  misc.o(.text)
    NVIC_Init                                0x080006e3   Thumb Code   100  misc.o(.text)
    NVIC_SetVectorTable                      0x08000747   Thumb Code    14  misc.o(.text)
    NVIC_SystemLPConfig                      0x08000755   Thumb Code    34  misc.o(.text)
    SysTick_CLKSourceConfig                  0x08000777   Thumb Code    40  misc.o(.text)
    BKP_DeInit                               0x080007b5   Thumb Code    16  stm32f10x_bkp.o(.text)
    BKP_TamperPinLevelConfig                 0x080007c5   Thumb Code     6  stm32f10x_bkp.o(.text)
    BKP_TamperPinCmd                         0x080007cb   Thumb Code     8  stm32f10x_bkp.o(.text)
    BKP_ITConfig                             0x080007d3   Thumb Code     8  stm32f10x_bkp.o(.text)
    BKP_RTCOutputConfig                      0x080007db   Thumb Code    22  stm32f10x_bkp.o(.text)
    BKP_SetRTCCalibrationValue               0x080007f1   Thumb Code    22  stm32f10x_bkp.o(.text)
    BKP_WriteBackupRegister                  0x08000807   Thumb Code    24  stm32f10x_bkp.o(.text)
    BKP_ReadBackupRegister                   0x0800081f   Thumb Code    26  stm32f10x_bkp.o(.text)
    BKP_GetFlagStatus                        0x08000839   Thumb Code    10  stm32f10x_bkp.o(.text)
    BKP_ClearFlag                            0x08000843   Thumb Code    18  stm32f10x_bkp.o(.text)
    BKP_GetITStatus                          0x08000855   Thumb Code    10  stm32f10x_bkp.o(.text)
    BKP_ClearITPendingBit                    0x0800085f   Thumb Code    18  stm32f10x_bkp.o(.text)
    GPIO_DeInit                              0x08000879   Thumb Code   172  stm32f10x_gpio.o(.text)
    GPIO_AFIODeInit                          0x08000925   Thumb Code    20  stm32f10x_gpio.o(.text)
    GPIO_Init                                0x08000939   Thumb Code   278  stm32f10x_gpio.o(.text)
    GPIO_StructInit                          0x08000a4f   Thumb Code    16  stm32f10x_gpio.o(.text)
    GPIO_ReadInputDataBit                    0x08000a5f   Thumb Code    18  stm32f10x_gpio.o(.text)
    GPIO_ReadInputData                       0x08000a71   Thumb Code     8  stm32f10x_gpio.o(.text)
    GPIO_ReadOutputDataBit                   0x08000a79   Thumb Code    18  stm32f10x_gpio.o(.text)
    GPIO_ReadOutputData                      0x08000a8b   Thumb Code     8  stm32f10x_gpio.o(.text)
    GPIO_SetBits                             0x08000a93   Thumb Code     4  stm32f10x_gpio.o(.text)
    GPIO_ResetBits                           0x08000a97   Thumb Code     4  stm32f10x_gpio.o(.text)
    GPIO_WriteBit                            0x08000a9b   Thumb Code    10  stm32f10x_gpio.o(.text)
    GPIO_Write                               0x08000aa5   Thumb Code     4  stm32f10x_gpio.o(.text)
    GPIO_PinLockConfig                       0x08000aa9   Thumb Code    18  stm32f10x_gpio.o(.text)
    GPIO_EventOutputConfig                   0x08000abb   Thumb Code    26  stm32f10x_gpio.o(.text)
    GPIO_EventOutputCmd                      0x08000ad5   Thumb Code     6  stm32f10x_gpio.o(.text)
    GPIO_PinRemapConfig                      0x08000adb   Thumb Code   138  stm32f10x_gpio.o(.text)
    GPIO_EXTILineConfig                      0x08000b65   Thumb Code    66  stm32f10x_gpio.o(.text)
    GPIO_ETH_MediaInterfaceConfig            0x08000ba7   Thumb Code     8  stm32f10x_gpio.o(.text)
    PWR_DeInit                               0x08000bd5   Thumb Code    22  stm32f10x_pwr.o(.text)
    PWR_BackupAccessCmd                      0x08000beb   Thumb Code     6  stm32f10x_pwr.o(.text)
    PWR_PVDCmd                               0x08000bf1   Thumb Code     6  stm32f10x_pwr.o(.text)
    PWR_PVDLevelConfig                       0x08000bf7   Thumb Code    18  stm32f10x_pwr.o(.text)
    PWR_WakeUpPinCmd                         0x08000c09   Thumb Code     8  stm32f10x_pwr.o(.text)
    PWR_EnterSTOPMode                        0x08000c11   Thumb Code    54  stm32f10x_pwr.o(.text)
    PWR_EnterSTANDBYMode                     0x08000c47   Thumb Code    42  stm32f10x_pwr.o(.text)
    PWR_GetFlagStatus                        0x08000c71   Thumb Code    20  stm32f10x_pwr.o(.text)
    PWR_ClearFlag                            0x08000c85   Thumb Code    14  stm32f10x_pwr.o(.text)
    RCC_DeInit                               0x08000ca1   Thumb Code    64  stm32f10x_rcc.o(.text)
    RCC_HSEConfig                            0x08000ce1   Thumb Code    70  stm32f10x_rcc.o(.text)
    RCC_GetFlagStatus                        0x08000d27   Thumb Code    56  stm32f10x_rcc.o(.text)
    RCC_WaitForHSEStartUp                    0x08000d5f   Thumb Code    56  stm32f10x_rcc.o(.text)
    RCC_AdjustHSICalibrationValue            0x08000d97   Thumb Code    20  stm32f10x_rcc.o(.text)
    RCC_HSICmd                               0x08000dab   Thumb Code     6  stm32f10x_rcc.o(.text)
    RCC_PLLConfig                            0x08000db1   Thumb Code    24  stm32f10x_rcc.o(.text)
    RCC_PLLCmd                               0x08000dc9   Thumb Code     6  stm32f10x_rcc.o(.text)
    RCC_SYSCLKConfig                         0x08000dcf   Thumb Code    18  stm32f10x_rcc.o(.text)
    RCC_GetSYSCLKSource                      0x08000de1   Thumb Code    10  stm32f10x_rcc.o(.text)
    RCC_HCLKConfig                           0x08000deb   Thumb Code    18  stm32f10x_rcc.o(.text)
    RCC_PCLK1Config                          0x08000dfd   Thumb Code    18  stm32f10x_rcc.o(.text)
    RCC_PCLK2Config                          0x08000e0f   Thumb Code    20  stm32f10x_rcc.o(.text)
    RCC_ITConfig                             0x08000e23   Thumb Code    26  stm32f10x_rcc.o(.text)
    RCC_USBCLKConfig                         0x08000e3d   Thumb Code     8  stm32f10x_rcc.o(.text)
    RCC_ADCCLKConfig                         0x08000e45   Thumb Code    18  stm32f10x_rcc.o(.text)
    RCC_LSEConfig                            0x08000e57   Thumb Code    50  stm32f10x_rcc.o(.text)
    RCC_LSICmd                               0x08000e89   Thumb Code     6  stm32f10x_rcc.o(.text)
    RCC_RTCCLKConfig                         0x08000e8f   Thumb Code    12  stm32f10x_rcc.o(.text)
    RCC_RTCCLKCmd                            0x08000e9b   Thumb Code     8  stm32f10x_rcc.o(.text)
    RCC_GetClocksFreq                        0x08000ea3   Thumb Code   192  stm32f10x_rcc.o(.text)
    RCC_AHBPeriphClockCmd                    0x08000f63   Thumb Code    26  stm32f10x_rcc.o(.text)
    RCC_APB2PeriphClockCmd                   0x08000f7d   Thumb Code    26  stm32f10x_rcc.o(.text)
    RCC_APB1PeriphClockCmd                   0x08000f97   Thumb Code    26  stm32f10x_rcc.o(.text)
    RCC_APB2PeriphResetCmd                   0x08000fb1   Thumb Code    26  stm32f10x_rcc.o(.text)
    RCC_APB1PeriphResetCmd                   0x08000fcb   Thumb Code    26  stm32f10x_rcc.o(.text)
    RCC_BackupResetCmd                       0x08000fe5   Thumb Code     8  stm32f10x_rcc.o(.text)
    RCC_ClockSecuritySystemCmd               0x08000fed   Thumb Code     6  stm32f10x_rcc.o(.text)
    RCC_MCOConfig                            0x08000ff3   Thumb Code     6  stm32f10x_rcc.o(.text)
    RCC_ClearFlag                            0x08000ff9   Thumb Code    14  stm32f10x_rcc.o(.text)
    RCC_GetITStatus                          0x08001007   Thumb Code    20  stm32f10x_rcc.o(.text)
    RCC_ClearITPendingBit                    0x0800101b   Thumb Code     6  stm32f10x_rcc.o(.text)
    RTC_ITConfig                             0x08001045   Thumb Code    26  stm32f10x_rtc.o(.text)
    RTC_EnterConfigMode                      0x0800105f   Thumb Code    18  stm32f10x_rtc.o(.text)
    RTC_ExitConfigMode                       0x08001071   Thumb Code    20  stm32f10x_rtc.o(.text)
    RTC_GetCounter                           0x08001085   Thumb Code    18  stm32f10x_rtc.o(.text)
    RTC_SetCounter                           0x08001097   Thumb Code    26  stm32f10x_rtc.o(.text)
    RTC_SetPrescaler                         0x080010b1   Thumb Code    28  stm32f10x_rtc.o(.text)
    RTC_SetAlarm                             0x080010cd   Thumb Code    26  stm32f10x_rtc.o(.text)
    RTC_GetDivider                           0x080010e7   Thumb Code    22  stm32f10x_rtc.o(.text)
    RTC_WaitForLastTask                      0x080010fd   Thumb Code    18  stm32f10x_rtc.o(.text)
    RTC_WaitForSynchro                       0x0800110f   Thumb Code    36  stm32f10x_rtc.o(.text)
    RTC_GetFlagStatus                        0x08001133   Thumb Code    22  stm32f10x_rtc.o(.text)
    RTC_ClearFlag                            0x08001149   Thumb Code    16  stm32f10x_rtc.o(.text)
    RTC_GetITStatus                          0x08001159   Thumb Code    32  stm32f10x_rtc.o(.text)
    RTC_ClearITPendingBit                    0x08001179   Thumb Code    16  stm32f10x_rtc.o(.text)
    TIM_DeInit                               0x0800118d   Thumb Code   424  stm32f10x_tim.o(.text)
    TIM_TimeBaseInit                         0x08001335   Thumb Code   122  stm32f10x_tim.o(.text)
    TIM_OC1Init                              0x080013af   Thumb Code   132  stm32f10x_tim.o(.text)
    TIM_OC2Init                              0x08001433   Thumb Code   154  stm32f10x_tim.o(.text)
    TIM_OC3Init                              0x080014cd   Thumb Code   150  stm32f10x_tim.o(.text)
    TIM_OC4Init                              0x08001563   Thumb Code   182  stm32f10x_tim.o(.text)
    TIM_SetIC4Prescaler                      0x08001619   Thumb Code    26  stm32f10x_tim.o(.text)
    TIM_SetIC3Prescaler                      0x080016b5   Thumb Code    18  stm32f10x_tim.o(.text)
    TIM_SetIC2Prescaler                      0x08001741   Thumb Code    26  stm32f10x_tim.o(.text)
    TIM_SetIC1Prescaler                      0x080017dd   Thumb Code    18  stm32f10x_tim.o(.text)
    TIM_ICInit                               0x0800185b   Thumb Code   150  stm32f10x_tim.o(.text)
    TIM_PWMIConfig                           0x080018f1   Thumb Code   124  stm32f10x_tim.o(.text)
    TIM_BDTRConfig                           0x0800196d   Thumb Code    32  stm32f10x_tim.o(.text)
    TIM_TimeBaseStructInit                   0x0800198d   Thumb Code    18  stm32f10x_tim.o(.text)
    TIM_OCStructInit                         0x0800199f   Thumb Code    20  stm32f10x_tim.o(.text)
    TIM_ICStructInit                         0x080019b3   Thumb Code    18  stm32f10x_tim.o(.text)
    TIM_BDTRStructInit                       0x080019c5   Thumb Code    40  stm32f10x_tim.o(.text)
    TIM_Cmd                                  0x080019ed   Thumb Code    24  stm32f10x_tim.o(.text)
    TIM_CtrlPWMOutputs                       0x08001a05   Thumb Code    30  stm32f10x_tim.o(.text)
    TIM_ITConfig                             0x08001a23   Thumb Code    18  stm32f10x_tim.o(.text)
    TIM_GenerateEvent                        0x08001a35   Thumb Code     4  stm32f10x_tim.o(.text)
    TIM_DMAConfig                            0x08001a39   Thumb Code    10  stm32f10x_tim.o(.text)
    TIM_DMACmd                               0x08001a43   Thumb Code    18  stm32f10x_tim.o(.text)
    TIM_InternalClockConfig                  0x08001a55   Thumb Code    12  stm32f10x_tim.o(.text)
    TIM_SelectInputTrigger                   0x08001a61   Thumb Code    18  stm32f10x_tim.o(.text)
    TIM_ITRxExternalClockConfig              0x08001a73   Thumb Code    24  stm32f10x_tim.o(.text)
    TIM_TIxExternalClockConfig               0x08001a8b   Thumb Code    62  stm32f10x_tim.o(.text)
    TIM_ETRConfig                            0x08001ac9   Thumb Code    28  stm32f10x_tim.o(.text)
    TIM_ETRClockMode1Config                  0x08001ae5   Thumb Code    54  stm32f10x_tim.o(.text)
    TIM_ETRClockMode2Config                  0x08001b1b   Thumb Code    32  stm32f10x_tim.o(.text)
    TIM_PrescalerConfig                      0x08001b3b   Thumb Code     6  stm32f10x_tim.o(.text)
    TIM_CounterModeConfig                    0x08001b41   Thumb Code    18  stm32f10x_tim.o(.text)
    TIM_EncoderInterfaceConfig               0x08001b53   Thumb Code    66  stm32f10x_tim.o(.text)
    TIM_ForcedOC1Config                      0x08001b95   Thumb Code    18  stm32f10x_tim.o(.text)
    TIM_ForcedOC2Config                      0x08001ba7   Thumb Code    26  stm32f10x_tim.o(.text)
    TIM_ForcedOC3Config                      0x08001bc1   Thumb Code    18  stm32f10x_tim.o(.text)
    TIM_ForcedOC4Config                      0x08001bd3   Thumb Code    26  stm32f10x_tim.o(.text)
    TIM_ARRPreloadConfig                     0x08001bed   Thumb Code    24  stm32f10x_tim.o(.text)
    TIM_SelectCOM                            0x08001c05   Thumb Code    24  stm32f10x_tim.o(.text)
    TIM_SelectCCDMA                          0x08001c1d   Thumb Code    24  stm32f10x_tim.o(.text)
    TIM_CCPreloadControl                     0x08001c35   Thumb Code    24  stm32f10x_tim.o(.text)
    TIM_OC1PreloadConfig                     0x08001c4d   Thumb Code    18  stm32f10x_tim.o(.text)
    TIM_OC2PreloadConfig                     0x08001c5f   Thumb Code    26  stm32f10x_tim.o(.text)
    TIM_OC3PreloadConfig                     0x08001c79   Thumb Code    18  stm32f10x_tim.o(.text)
    TIM_OC4PreloadConfig                     0x08001c8b   Thumb Code    26  stm32f10x_tim.o(.text)
    TIM_OC1FastConfig                        0x08001ca5   Thumb Code    18  stm32f10x_tim.o(.text)
    TIM_OC2FastConfig                        0x08001cb7   Thumb Code    26  stm32f10x_tim.o(.text)
    TIM_OC3FastConfig                        0x08001cd1   Thumb Code    18  stm32f10x_tim.o(.text)
    TIM_OC4FastConfig                        0x08001ce3   Thumb Code    26  stm32f10x_tim.o(.text)
    TIM_ClearOC1Ref                          0x08001cfd   Thumb Code    18  stm32f10x_tim.o(.text)
    TIM_ClearOC2Ref                          0x08001d0f   Thumb Code    24  stm32f10x_tim.o(.text)
    TIM_ClearOC3Ref                          0x08001d27   Thumb Code    18  stm32f10x_tim.o(.text)
    TIM_ClearOC4Ref                          0x08001d39   Thumb Code    24  stm32f10x_tim.o(.text)
    TIM_OC1PolarityConfig                    0x08001d51   Thumb Code    18  stm32f10x_tim.o(.text)
    TIM_OC1NPolarityConfig                   0x08001d63   Thumb Code    18  stm32f10x_tim.o(.text)
    TIM_OC2PolarityConfig                    0x08001d75   Thumb Code    26  stm32f10x_tim.o(.text)
    TIM_OC2NPolarityConfig                   0x08001d8f   Thumb Code    26  stm32f10x_tim.o(.text)
    TIM_OC3PolarityConfig                    0x08001da9   Thumb Code    26  stm32f10x_tim.o(.text)
    TIM_OC3NPolarityConfig                   0x08001dc3   Thumb Code    26  stm32f10x_tim.o(.text)
    TIM_OC4PolarityConfig                    0x08001ddd   Thumb Code    26  stm32f10x_tim.o(.text)
    TIM_CCxCmd                               0x08001df7   Thumb Code    30  stm32f10x_tim.o(.text)
    TIM_CCxNCmd                              0x08001e15   Thumb Code    30  stm32f10x_tim.o(.text)
    TIM_SelectOCxM                           0x08001e33   Thumb Code    82  stm32f10x_tim.o(.text)
    TIM_UpdateDisableConfig                  0x08001e85   Thumb Code    24  stm32f10x_tim.o(.text)
    TIM_UpdateRequestConfig                  0x08001e9d   Thumb Code    24  stm32f10x_tim.o(.text)
    TIM_SelectHallSensor                     0x08001eb5   Thumb Code    24  stm32f10x_tim.o(.text)
    TIM_SelectOnePulseMode                   0x08001ecd   Thumb Code    18  stm32f10x_tim.o(.text)
    TIM_SelectOutputTrigger                  0x08001edf   Thumb Code    18  stm32f10x_tim.o(.text)
    TIM_SelectSlaveMode                      0x08001ef1   Thumb Code    18  stm32f10x_tim.o(.text)
    TIM_SelectMasterSlaveMode                0x08001f03   Thumb Code    18  stm32f10x_tim.o(.text)
    TIM_SetCounter                           0x08001f15   Thumb Code     4  stm32f10x_tim.o(.text)
    TIM_SetAutoreload                        0x08001f19   Thumb Code     4  stm32f10x_tim.o(.text)
    TIM_SetCompare1                          0x08001f1d   Thumb Code     4  stm32f10x_tim.o(.text)
    TIM_SetCompare2                          0x08001f21   Thumb Code     4  stm32f10x_tim.o(.text)
    TIM_SetCompare3                          0x08001f25   Thumb Code     4  stm32f10x_tim.o(.text)
    TIM_SetCompare4                          0x08001f29   Thumb Code     6  stm32f10x_tim.o(.text)
    TIM_SetClockDivision                     0x08001f2f   Thumb Code    18  stm32f10x_tim.o(.text)
    TIM_GetCapture1                          0x08001f41   Thumb Code     6  stm32f10x_tim.o(.text)
    TIM_GetCapture2                          0x08001f47   Thumb Code     6  stm32f10x_tim.o(.text)
    TIM_GetCapture3                          0x08001f4d   Thumb Code     6  stm32f10x_tim.o(.text)
    TIM_GetCapture4                          0x08001f53   Thumb Code     8  stm32f10x_tim.o(.text)
    TIM_GetCounter                           0x08001f5b   Thumb Code     6  stm32f10x_tim.o(.text)
    TIM_GetPrescaler                         0x08001f61   Thumb Code     6  stm32f10x_tim.o(.text)
    TIM_GetFlagStatus                        0x08001f67   Thumb Code    18  stm32f10x_tim.o(.text)
    TIM_ClearFlag                            0x08001f79   Thumb Code     6  stm32f10x_tim.o(.text)
    TIM_GetITStatus                          0x08001f7f   Thumb Code    34  stm32f10x_tim.o(.text)
    TIM_ClearITPendingBit                    0x08001fa1   Thumb Code     6  stm32f10x_tim.o(.text)
    USART_DeInit                             0x08001fa9   Thumb Code   134  stm32f10x_usart.o(.text)
    USART_Init                               0x0800202f   Thumb Code   210  stm32f10x_usart.o(.text)
    USART_StructInit                         0x08002101   Thumb Code    24  stm32f10x_usart.o(.text)
    USART_ClockInit                          0x08002119   Thumb Code    34  stm32f10x_usart.o(.text)
    USART_ClockStructInit                    0x0800213b   Thumb Code    12  stm32f10x_usart.o(.text)
    USART_Cmd                                0x08002147   Thumb Code    24  stm32f10x_usart.o(.text)
    USART_ITConfig                           0x0800215f   Thumb Code    74  stm32f10x_usart.o(.text)
    USART_DMACmd                             0x080021a9   Thumb Code    18  stm32f10x_usart.o(.text)
    USART_SetAddress                         0x080021bb   Thumb Code    18  stm32f10x_usart.o(.text)
    USART_WakeUpConfig                       0x080021cd   Thumb Code    18  stm32f10x_usart.o(.text)
    USART_ReceiverWakeUpCmd                  0x080021df   Thumb Code    24  stm32f10x_usart.o(.text)
    USART_LINBreakDetectLengthConfig         0x080021f7   Thumb Code    18  stm32f10x_usart.o(.text)
    USART_LINCmd                             0x08002209   Thumb Code    24  stm32f10x_usart.o(.text)
    USART_SendData                           0x08002221   Thumb Code     8  stm32f10x_usart.o(.text)
    USART_ReceiveData                        0x08002229   Thumb Code    10  stm32f10x_usart.o(.text)
    USART_SendBreak                          0x08002233   Thumb Code    10  stm32f10x_usart.o(.text)
    USART_SetGuardTime                       0x0800223d   Thumb Code    16  stm32f10x_usart.o(.text)
    USART_SetPrescaler                       0x0800224d   Thumb Code    16  stm32f10x_usart.o(.text)
    USART_SmartCardCmd                       0x0800225d   Thumb Code    24  stm32f10x_usart.o(.text)
    USART_SmartCardNACKCmd                   0x08002275   Thumb Code    24  stm32f10x_usart.o(.text)
    USART_HalfDuplexCmd                      0x0800228d   Thumb Code    24  stm32f10x_usart.o(.text)
    USART_OverSampling8Cmd                   0x080022a5   Thumb Code    22  stm32f10x_usart.o(.text)
    USART_OneBitMethodCmd                    0x080022bb   Thumb Code    24  stm32f10x_usart.o(.text)
    USART_IrDAConfig                         0x080022d3   Thumb Code    18  stm32f10x_usart.o(.text)
    USART_IrDACmd                            0x080022e5   Thumb Code    24  stm32f10x_usart.o(.text)
    USART_GetFlagStatus                      0x080022fd   Thumb Code    26  stm32f10x_usart.o(.text)
    USART_ClearFlag                          0x08002317   Thumb Code    18  stm32f10x_usart.o(.text)
    USART_GetITStatus                        0x08002329   Thumb Code    84  stm32f10x_usart.o(.text)
    USART_ClearITPendingBit                  0x0800237d   Thumb Code    52  stm32f10x_usart.o(.text)
    delay_init                               0x080023b1   Thumb Code    92  delay.o(.text)
    delay_us                                 0x0800240d   Thumb Code    72  delay.o(.text)
    delay_ms                                 0x08002455   Thumb Code    32  delay.o(.text)
    TimingDelay_Decrement                    0x08002475   Thumb Code    18  delay.o(.text)
    SIM800_Send_Cmd                          0x0800249d   Thumb Code   122  sim800.o(.text)
    Disable_Echo                             0x08002517   Thumb Code    66  sim800.o(.text)
    Get_Number                               0x08002559   Thumb Code   142  sim800.o(.text)
    Check_Module                             0x080025e7   Thumb Code    58  sim800.o(.text)
    Check_Network                            0x08002621   Thumb Code    60  sim800.o(.text)
    Check_SIM_Card                           0x0800265d   Thumb Code    76  sim800.o(.text)
    Check_OPS                                0x080026a9   Thumb Code    60  sim800.o(.text)
    Check_CSQ                                0x080026e5   Thumb Code   168  sim800.o(.text)
    Get_ICCID                                0x0800278d   Thumb Code   128  sim800.o(.text)
    Link_Server_AT                           0x0800280d   Thumb Code   460  sim800.o(.text)
    SIM800_GPRS_ON                           0x080029d9   Thumb Code    32  sim800.o(.text)
    SIM800_GPRS_OFF                          0x080029f9   Thumb Code    60  sim800.o(.text)
    SIM800_GPRS_Adhere                       0x08002a35   Thumb Code    70  sim800.o(.text)
    SIM800_GPRS_Set                          0x08002a7b   Thumb Code    70  sim800.o(.text)
    SIM800_GPRS_Dispaly_IP                   0x08002ac1   Thumb Code    62  sim800.o(.text)
    SIM800_GPRS_CIPSHUT                      0x08002aff   Thumb Code    68  sim800.o(.text)
    SIM800_GPRS_CGCLASS                      0x08002b43   Thumb Code    70  sim800.o(.text)
    SIM800_GPRS_CGDCONT                      0x08002b89   Thumb Code    70  sim800.o(.text)
    SAPBR3                                   0x08002bcf   Thumb Code    24  sim800.o(.text)
    SAPBR2                                   0x08002be7   Thumb Code    24  sim800.o(.text)
    SAPBR1                                   0x08002bff   Thumb Code    24  sim800.o(.text)
    Link_ntp_srver                           0x08002c17   Thumb Code    24  sim800.o(.text)
    ntptime                                  0x08002c2f   Thumb Code    22  sim800.o(.text)
    closebearer                              0x08002c45   Thumb Code    24  sim800.o(.text)
    OPENbearer                               0x08002c5d   Thumb Code    24  sim800.o(.text)
    qureybearer                              0x08002c75   Thumb Code    22  sim800.o(.text)
    Send_Data_To_Server                      0x08002c8b   Thumb Code   126  sim800.o(.text)
    SIM800_CMGF_Set                          0x08002d09   Thumb Code    70  sim800.o(.text)
    SIM800_CSMP_Set                          0x08002d4f   Thumb Code   538  sim800.o(.text)
    SIM800_CSCS_Set                          0x08002f69   Thumb Code    68  sim800.o(.text)
    SIM800_SMS_Create                        0x08002fad   Thumb Code    74  sim800.o(.text)
    SIM800_SMS_Notif                         0x08002ff7   Thumb Code   140  sim800.o(.text)
    SIM800_Link_Server_AT                    0x08003083   Thumb Code   162  sim800.o(.text)
    SIM800_Link_Server_Powerkey              0x08003125   Thumb Code    32  sim800.o(.text)
    SIM800_Link_Server                       0x08003145   Thumb Code    32  sim800.o(.text)
    Check_Xor_Sum                            0x08003165   Thumb Code    30  sim800.o(.text)
    SendPost_Server                          0x08003183   Thumb Code    30  sim800.o(.text)
    SIM800_ntpserver                         0x080031a1   Thumb Code   314  sim800.o(.text)
    setsmsmodel                              0x080032db   Thumb Code    26  sim800.o(.text)
    setsms_layout                            0x080032f5   Thumb Code    28  sim800.o(.text)
    readmessage                              0x08003311   Thumb Code   224  sim800.o(.text)
    sim800c_chr2hex                          0x080033f1   Thumb Code    54  sim800.o(.text)
    sim800c_hex2chr                          0x08003427   Thumb Code    34  sim800.o(.text)
    sim800c_unigbk_exchange                  0x08003449   Thumb Code   236  sim800.o(.text)
    sim800_unnicode2asiicc                   0x08003535   Thumb Code   110  sim800.o(.text)
    ByteToHexStr                             0x080035a5   Thumb Code    78  send.o(.text)
    packagedata                              0x080035f3   Thumb Code    94  send.o(.text)
    packagepost                              0x08003651   Thumb Code    66  send.o(.text)
    write                                    0x08003693   Thumb Code   120  send.o(.text)
    clear                                    0x0800370b   Thumb Code    32  send.o(.text)
    usart2_init                              0x08003809   Thumb Code   154  usart2.o(.text)
    fputc                                    0x080038a3   Thumb Code    32  usart2.o(.text)
    USART2_printf                            0x080038c3   Thumb Code    80  usart2.o(.text)
    USART3_IRQHandler                        0x08003921   Thumb Code    92  usart3.o(.text)
    usart3_init                              0x0800397d   Thumb Code   188  usart3.o(.text)
    u3_printf                                0x08003a39   Thumb Code    90  usart3.o(.text)
    Clear_Usart3                             0x08003a93   Thumb Code    20  usart3.o(.text)
    TIM6_IRQHandler                          0x08003ac9   Thumb Code    80  timer.o(.text)
    TIM7_IRQHandler                          0x08003b19   Thumb Code   228  timer.o(.text)
    TIM5_IRQHandler                          0x08003bfd   Thumb Code    98  timer.o(.text)
    TIM6_Int_Init                            0x08003c5f   Thumb Code    82  timer.o(.text)
    TIM7_Int_Init                            0x08003cb1   Thumb Code    90  timer.o(.text)
    TIM5_Int_Init                            0x08003d0b   Thumb Code    80  timer.o(.text)
    com_485_send                             0x08003dd9   Thumb Code    68  mod.o(.text)
    mc_check_crc16                           0x08003e1d   Thumb Code    62  mod.o(.text)
    Modbus_CRC16                             0x08003e5b   Thumb Code    50  mod.o(.text)
    read_hold_register_03                    0x08003e8d   Thumb Code   174  mod.o(.text)
    Mod_USARTx_Config                        0x08003f55   Thumb Code   162  usart_mod.o(.text)
    modbus_rev_deal                          0x08003ff7   Thumb Code    74  usart_mod.o(.text)
    USART1_IRQHandler                        0x08004041   Thumb Code   194  usart_mod.o(.text)
    SysTick_Handler                          0x08004103   Thumb Code   128  usart_mod.o(.text)
    claer                                    0x08004183   Thumb Code    38  usart_mod.o(.text)
    Is_Leap_Year                             0x080041b5   Thumb Code    58  rtc.o(.text)
    Time_Update                              0x080041ef   Thumb Code   172  rtc.o(.text)
    Time_Set                                 0x0800429b   Thumb Code    24  rtc.o(.text)
    Init_RTC                                 0x080042b3   Thumb Code   154  rtc.o(.text)
    Time_Get                                 0x0800434d   Thumb Code   224  rtc.o(.text)
    RTC_Get_Week                             0x0800442d   Thumb Code   116  rtc.o(.text)
    RTC_IRQHandler                           0x080044a1   Thumb Code    40  rtc.o(.text)
    r_defalutconfig                          0x080044e5   Thumb Code   274  readconfig.o(.text)
    readbak                                  0x080045f7   Thumb Code   124  readconfig.o(.text)
    Delay                                    0x0800476d   Thumb Code    26  iic.o(.text)
    I2CStart                                 0x080047a1   Thumb Code    62  iic.o(.text)
    I2CStop                                  0x080047df   Thumb Code    62  iic.o(.text)
    I2CSlaveAck                              0x0800481d   Thumb Code   106  iic.o(.text)
    I2CWriteByte                             0x08004887   Thumb Code    88  iic.o(.text)
    I2CReadByte                              0x080048df   Thumb Code   120  iic.o(.text)
    E2promWriteByte                          0x08004957   Thumb Code    88  iic.o(.text)
    E2promWriteBuffer                        0x080049af   Thumb Code    98  iic.o(.text)
    E2promReadByte                           0x08004a11   Thumb Code    92  iic.o(.text)
    E2promReadBuffer                         0x08004a6d   Thumb Code   108  iic.o(.text)
    I2C_Config                               0x08004ad9   Thumb Code    40  iic.o(.text)
    ff_convert                               0x08004b05   Thumb Code   116  cc936.o(.text)
    ff_wtoupper                              0x08004b79   Thumb Code    46  cc936.o(.text)
    __c89vsprintf                            0x08004bb9   Thumb Code    32  c89vsprintf.o(.text)
    __c89vsnprintf                           0x08004bdd   Thumb Code    48  c89vsnprintf.o(.text)
    __2sprintf                               0x08004c11   Thumb Code    38  __2sprintf.o(.text)
    _printf_pre_padding                      0x08004c3d   Thumb Code    44  _printf_pad.o(.text)
    _printf_post_padding                     0x08004c69   Thumb Code    34  _printf_pad.o(.text)
    _printf_str                              0x08004c8b   Thumb Code    82  _printf_str.o(.text)
    _printf_int_dec                          0x08004cdd   Thumb Code   104  _printf_dec.o(.text)
    __printf                                 0x08004d55   Thumb Code   388  __printf_flags_ss_wp.o(.text)
    atoi                                     0x08004edd   Thumb Code    26  atoi.o(.text)
    strstr                                   0x08004ef7   Thumb Code    36  strstr.o(.text)
    strcpy                                   0x08004f1b   Thumb Code    72  strcpy.o(.text)
    strlen                                   0x08004f63   Thumb Code    62  strlen.o(.text)
    __aeabi_memcpy4                          0x08004fa1   Thumb Code     0  rt_memcpy_w.o(.text)
    __aeabi_memcpy8                          0x08004fa1   Thumb Code     0  rt_memcpy_w.o(.text)
    __rt_memcpy_w                            0x08004fa1   Thumb Code   100  rt_memcpy_w.o(.text)
    _memcpy_lastbytes_aligned                0x08004fe9   Thumb Code     0  rt_memcpy_w.o(.text)
    __aeabi_memclr                           0x08005005   Thumb Code     0  rt_memclr.o(.text)
    __rt_memclr                              0x08005005   Thumb Code    68  rt_memclr.o(.text)
    _memset                                  0x08005009   Thumb Code     0  rt_memclr.o(.text)
    __aeabi_memclr4                          0x08005049   Thumb Code     0  rt_memclr_w.o(.text)
    __aeabi_memclr8                          0x08005049   Thumb Code     0  rt_memclr_w.o(.text)
    __rt_memclr_w                            0x08005049   Thumb Code    78  rt_memclr_w.o(.text)
    _memset_w                                0x0800504d   Thumb Code     0  rt_memclr_w.o(.text)
    strncpy                                  0x08005097   Thumb Code    86  strncpy.o(.text)
    __use_two_region_memory                  0x080050ed   Thumb Code     2  heapauxi.o(.text)
    __rt_heap_escrow$2region                 0x080050ef   Thumb Code     2  heapauxi.o(.text)
    __rt_heap_expand$2region                 0x080050f1   Thumb Code     2  heapauxi.o(.text)
    __aeabi_errno_addr                       0x080050f5   Thumb Code     8  rt_errno_addr_intlibspace.o(.text)
    __errno$intlibspace                      0x080050f5   Thumb Code     0  rt_errno_addr_intlibspace.o(.text)
    __rt_errno_addr$intlibspace              0x080050f5   Thumb Code     0  rt_errno_addr_intlibspace.o(.text)
    _printf_truncate_signed                  0x080050fd   Thumb Code    18  _printf_truncate.o(.text)
    _printf_truncate_unsigned                0x0800510f   Thumb Code    18  _printf_truncate.o(.text)
    _printf_int_common                       0x08005121   Thumb Code   178  _printf_intcommon.o(.text)
    _printf_charcount                        0x080051d3   Thumb Code    40  _printf_charcount.o(.text)
    _printf_char_common                      0x08005207   Thumb Code    32  _printf_char_common.o(.text)
    _sputc                                   0x0800522d   Thumb Code    10  _sputc.o(.text)
    _snputc                                  0x08005237   Thumb Code    16  _snputc.o(.text)
    _printf_cs_common                        0x08005247   Thumb Code    20  _printf_char.o(.text)
    _printf_char                             0x0800525b   Thumb Code    16  _printf_char.o(.text)
    _printf_string                           0x0800526b   Thumb Code     8  _printf_char.o(.text)
    _printf_wctomb                           0x08005275   Thumb Code   182  _printf_wctomb.o(.text)
    _printf_longlong_dec                     0x08005331   Thumb Code   108  _printf_longlong_dec.o(.text)
    _printf_longlong_oct                     0x080053ad   Thumb Code    66  _printf_oct_int_ll.o(.text)
    _printf_int_oct                          0x080053ef   Thumb Code    24  _printf_oct_int_ll.o(.text)
    _printf_ll_oct                           0x08005407   Thumb Code    12  _printf_oct_int_ll.o(.text)
    _printf_longlong_hex                     0x0800541d   Thumb Code    86  _printf_hex_int_ll_ptr.o(.text)
    _printf_int_hex                          0x08005473   Thumb Code    28  _printf_hex_int_ll_ptr.o(.text)
    _printf_ll_hex                           0x0800548f   Thumb Code    12  _printf_hex_int_ll_ptr.o(.text)
    _printf_hex_ptr                          0x0800549b   Thumb Code    18  _printf_hex_int_ll_ptr.o(.text)
    strtol                                   0x080054b1   Thumb Code   112  strtol.o(.text)
    __user_libspace                          0x08005521   Thumb Code     8  libspace.o(.text)
    __user_perproc_libspace                  0x08005521   Thumb Code     0  libspace.o(.text)
    __user_perthread_libspace                0x08005521   Thumb Code     0  libspace.o(.text)
    __rt_ctype_table                         0x08005529   Thumb Code    16  rt_ctype_table.o(.text)
    _ll_udiv10                               0x08005539   Thumb Code   138  lludiv10.o(.text)
    __lib_sel_fp_printf                      0x080055c3   Thumb Code     2  _printf_fp_dec.o(.text)
    _printf_fp_dec_real                      0x08005775   Thumb Code   620  _printf_fp_dec.o(.text)
    _printf_lcs_common                       0x080059e1   Thumb Code    20  _printf_wchar.o(.text)
    _printf_wchar                            0x080059f5   Thumb Code    16  _printf_wchar.o(.text)
    _printf_wstring                          0x08005a05   Thumb Code     8  _printf_wchar.o(.text)
    _strtoul                                 0x08005a0d   Thumb Code   158  _strtoul.o(.text)
    _wcrtomb                                 0x08005aab   Thumb Code    64  _wcrtomb.o(.text)
    __user_setup_stackheap                   0x08005aeb   Thumb Code    74  sys_stackheap_outer.o(.text)
    __rt_locale                              0x08005b35   Thumb Code     8  rt_locale_intlibspace.o(.text)
    _printf_fp_infnan                        0x08005b3d   Thumb Code   112  _printf_fp_infnan.o(.text)
    _chval                                   0x08005bbd   Thumb Code    28  _chval.o(.text)
    _btod_etento                             0x08005bd9   Thumb Code   224  bigflt0.o(.text)
    exit                                     0x08005cbd   Thumb Code    18  exit.o(.text)
    strcmp                                   0x08005cd1   Thumb Code   128  strcmpv7m.o(.text)
    _sys_exit                                0x08005d51   Thumb Code     8  sys_exit.o(.text)
    __I$use$semihosting                      0x08005d5d   Thumb Code     0  use_no_semi.o(.text)
    __use_no_semihosting_swi                 0x08005d5d   Thumb Code     2  use_no_semi.o(.text)
    __semihosting_library_function           0x08005d5f   Thumb Code     0  indicate_semi.o(.text)
    _btod_d2e                                0x08005d5f   Thumb Code    62  btod.o(CL$$btod_d2e)
    _d2e_denorm_low                          0x08005d9d   Thumb Code    70  btod.o(CL$$btod_d2e_denorm_low)
    _d2e_norm_op1                            0x08005de3   Thumb Code    96  btod.o(CL$$btod_d2e_norm_op1)
    __btod_div_common                        0x08005e43   Thumb Code   696  btod.o(CL$$btod_div_common)
    _e2e                                     0x0800617b   Thumb Code   220  btod.o(CL$$btod_e2e)
    _btod_ediv                               0x08006257   Thumb Code    42  btod.o(CL$$btod_ediv)
    _btod_emul                               0x08006281   Thumb Code    42  btod.o(CL$$btod_emul)
    __btod_mult_common                       0x080062ab   Thumb Code   580  btod.o(CL$$btod_mult_common)
    __ARM_fpclassify                         0x080064ef   Thumb Code    40  fpclassify.o(i.__ARM_fpclassify)
    _is_digit                                0x08006517   Thumb Code    14  __printf_wp.o(i._is_digit)
    _get_lc_ctype                            0x08006525   Thumb Code    44  lc_ctype_c.o(locale$$code)
    _get_lc_numeric                          0x08006551   Thumb Code    44  lc_numeric_c.o(locale$$code)
    _printf_fp_dec                           0x0800657d   Thumb Code     4  printf1.o(x$fpl$printf1)
    AUCHCRCHI                                0x08006580   Data         256  mod.o(.constdata)
    __I$use$fp                               0x08006580   Number         0  usenofp.o(x$fpl$usenofp)
    AUCHCRCLO                                0x08006680   Data         256  mod.o(.constdata)
    table_week                               0x08006780   Data          12  rtc.o(.constdata)
    mon_table                                0x0800678c   Data          12  rtc.o(.constdata)
    Region$$Table$$Base                      0x080315dc   Number         0  anon$$obj.o(Region$$Table)
    Region$$Table$$Limit                     0x080315fc   Number         0  anon$$obj.o(Region$$Table)
    __ctype                                  0x08031609   Data           0  lc_ctype_c.o(locale$$data)
    IsRead                                   0x20000000   Data           1  main.o(.data)
    strings                                  0x20000001   Data           5  main.o(.data)
    SystemCoreClock                          0x20000008   Data           4  system_stm32f10x.o(.data)
    AHBPrescTable                            0x2000000c   Data          16  system_stm32f10x.o(.data)
    mode                                     0x20000039   Data           1  sim800.o(.data)
    modetbl                                  0x2000003c   Data           8  sim800.o(.data)
    ipaddr                                   0x20000044   Data           4  sim800.o(.data)
    port                                     0x20000048   Data           4  sim800.o(.data)
    post                                     0x2000004c   Data           5  sim800.o(.data)
    msg_device                               0x20000054   Data           4  sim800.o(.data)
    address                                  0x20000058   Data           2  send.o(.data)
    body_data_len                            0x2000005a   Data           1  send.o(.data)
    WroteAddr                                0x2000005c   Data           4  send.o(.data)
    WriteBuf                                 0x20000060   Data         212  send.o(.data)
    ucTcpClosedFlag                          0x20000134   Data           1  send.o(.data)
    USART3_RX_STA                            0x20000136   Data           2  usart3.o(.data)
    readcount                                0x20000138   Data           4  timer.o(.data)
    timecount                                0x2000013c   Data           4  timer.o(.data)
    seccount                                 0x20000140   Data           4  timer.o(.data)
    mincount                                 0x20000144   Data           4  timer.o(.data)
    modbus_data                              0x20000148   Data           8  mod.o(.data)
    timer                                    0x20000150   Data           8  rtc.o(.data)
    readedaddr                               0x2000015c   Data           4  readconfig.o(.data)
    device                                   0x20000160   Data         208  main.o(.bss)
    coredata                                 0x20000230   Data         200  main.o(.bss)
    namenum                                  0x200002f8   Data          80  main.o(.bss)
    str                                      0x20000348   Data         200  main.o(.bss)
    gbkstr                                   0x20000410   Data         200  main.o(.bss)
    ascstr                                   0x200004d8   Data         100  main.o(.bss)
    strSIM800_Fram_Record                    0x2000053c   Data        2002  sim800.o(.bss)
    ICCID_BUF                                0x20000d0e   Data          21  sim800.o(.bss)
    Number_BUF                               0x20000d23   Data          11  sim800.o(.bss)
    dev                                      0x20000d30   Data         324  sim800.o(.bss)
    senddata                                 0x20000e74   Data         320  send.o(.bss)
    jsondata                                 0x20001185   Data         500  send.o(.bss)
    postdata                                 0x20001379   Data         380  send.o(.bss)
    USART3_RX_BUF                            0x200014f5   Data         256  usart3.o(.bss)
    USART3_TX_BUF                            0x200015f5   Data         256  usart3.o(.bss)
    usart_data                               0x200016f8   Data         552  mod.o(.bss)
    newtimer                                 0x20001920   Data          10  rtc.o(.bss)
    dev_config                               0x2000192c   Data          68  readconfig.o(.bss)
    datatemp                                 0x20001970   Data          72  readconfig.o(.bss)
    defalut                                  0x200019b8   Data          20  readconfig.o(.bss)
    ReadBuf                                  0x200019cc   Data         200  readconfig.o(.bss)
    __libspace_start                         0x20001a94   Data          96  libspace.o(.bss)
    __temporary_stack_top$libspace           0x20001af4   Data           0  libspace.o(.bss)



==============================================================================

Memory Map of the image

  Image Entry point : 0x08000131

  Load Region LR_IROM1 (Base: 0x08000000, Size: 0x00031888, Max: 0x00080000, ABSOLUTE, COMPRESSED[0x00031790])

    Execution Region ER_IROM1 (Exec base: 0x08000000, Load base: 0x08000000, Size: 0x00031728, Max: 0x00080000, ABSOLUTE)

    Exec Addr    Load Addr    Size         Type   Attr      Idx    E Section Name        Object

    0x08000000   0x08000000   0x00000130   Data   RO          138    RESET               startup_stm32f10x_hd.o
    0x08000130   0x08000130   0x00000008   Code   RO          894  * !!!main             c_w.l(__main.o)
    0x08000138   0x08000138   0x00000034   Code   RO         1189    !!!scatter          c_w.l(__scatter.o)
    0x0800016c   0x0800016c   0x0000005a   Code   RO         1187    !!dczerorl2         c_w.l(__dczerorl2.o)
    0x080001c6   0x080001c6   0x00000002   PAD
    0x080001c8   0x080001c8   0x0000001c   Code   RO         1191    !!handler_zi        c_w.l(__scatter_zi.o)
    0x080001e4   0x080001e4   0x00000000   Code   RO          875    .ARM.Collect$$_printf_percent$$00000000  c_w.l(_printf_percent.o)
    0x080001e4   0x080001e4   0x00000006   Code   RO          948    .ARM.Collect$$_printf_percent$$00000001  c_w.l(_printf_n.o)
    0x080001ea   0x080001ea   0x00000006   Code   RO          950    .ARM.Collect$$_printf_percent$$00000002  c_w.l(_printf_p.o)
    0x080001f0   0x080001f0   0x00000006   Code   RO          954    .ARM.Collect$$_printf_percent$$00000003  c_w.l(_printf_f.o)
    0x080001f6   0x080001f6   0x00000006   Code   RO          955    .ARM.Collect$$_printf_percent$$00000004  c_w.l(_printf_e.o)
    0x080001fc   0x080001fc   0x00000006   Code   RO          956    .ARM.Collect$$_printf_percent$$00000005  c_w.l(_printf_g.o)
    0x08000202   0x08000202   0x00000006   Code   RO          957    .ARM.Collect$$_printf_percent$$00000006  c_w.l(_printf_a.o)
    0x08000208   0x08000208   0x0000000a   Code   RO          962    .ARM.Collect$$_printf_percent$$00000007  c_w.l(_printf_ll.o)
    0x08000212   0x08000212   0x00000006   Code   RO          952    .ARM.Collect$$_printf_percent$$00000008  c_w.l(_printf_i.o)
    0x08000218   0x08000218   0x00000006   Code   RO          874    .ARM.Collect$$_printf_percent$$00000009  c_w.l(_printf_d.o)
    0x0800021e   0x0800021e   0x00000006   Code   RO          953    .ARM.Collect$$_printf_percent$$0000000A  c_w.l(_printf_u.o)
    0x08000224   0x08000224   0x00000006   Code   RO          951    .ARM.Collect$$_printf_percent$$0000000B  c_w.l(_printf_o.o)
    0x0800022a   0x0800022a   0x00000006   Code   RO          949    .ARM.Collect$$_printf_percent$$0000000C  c_w.l(_printf_x.o)
    0x08000230   0x08000230   0x00000006   Code   RO          959    .ARM.Collect$$_printf_percent$$0000000D  c_w.l(_printf_lli.o)
    0x08000236   0x08000236   0x00000006   Code   RO          960    .ARM.Collect$$_printf_percent$$0000000E  c_w.l(_printf_lld.o)
    0x0800023c   0x0800023c   0x00000006   Code   RO          961    .ARM.Collect$$_printf_percent$$0000000F  c_w.l(_printf_llu.o)
    0x08000242   0x08000242   0x00000006   Code   RO          966    .ARM.Collect$$_printf_percent$$00000010  c_w.l(_printf_llo.o)
    0x08000248   0x08000248   0x00000006   Code   RO          967    .ARM.Collect$$_printf_percent$$00000011  c_w.l(_printf_llx.o)
    0x0800024e   0x0800024e   0x0000000a   Code   RO          963    .ARM.Collect$$_printf_percent$$00000012  c_w.l(_printf_l.o)
    0x08000258   0x08000258   0x00000006   Code   RO          872    .ARM.Collect$$_printf_percent$$00000013  c_w.l(_printf_c.o)
    0x0800025e   0x0800025e   0x00000006   Code   RO          873    .ARM.Collect$$_printf_percent$$00000014  c_w.l(_printf_s.o)
    0x08000264   0x08000264   0x00000006   Code   RO          964    .ARM.Collect$$_printf_percent$$00000015  c_w.l(_printf_lc.o)
    0x0800026a   0x0800026a   0x00000006   Code   RO          965    .ARM.Collect$$_printf_percent$$00000016  c_w.l(_printf_ls.o)
    0x08000270   0x08000270   0x00000004   Code   RO          958    .ARM.Collect$$_printf_percent$$00000017  c_w.l(_printf_percent_end.o)
    0x08000274   0x08000274   0x00000002   Code   RO         1053    .ARM.Collect$$libinit$$00000000  c_w.l(libinit.o)
    0x08000276   0x08000276   0x00000000   Code   RO         1064    .ARM.Collect$$libinit$$00000002  c_w.l(libinit2.o)
    0x08000276   0x08000276   0x00000000   Code   RO         1066    .ARM.Collect$$libinit$$00000004  c_w.l(libinit2.o)
    0x08000276   0x08000276   0x00000000   Code   RO         1069    .ARM.Collect$$libinit$$0000000A  c_w.l(libinit2.o)
    0x08000276   0x08000276   0x00000000   Code   RO         1071    .ARM.Collect$$libinit$$0000000C  c_w.l(libinit2.o)
    0x08000276   0x08000276   0x00000000   Code   RO         1073    .ARM.Collect$$libinit$$0000000E  c_w.l(libinit2.o)
    0x08000276   0x08000276   0x00000006   Code   RO         1074    .ARM.Collect$$libinit$$0000000F  c_w.l(libinit2.o)
    0x0800027c   0x0800027c   0x00000000   Code   RO         1076    .ARM.Collect$$libinit$$00000011  c_w.l(libinit2.o)
    0x0800027c   0x0800027c   0x0000000c   Code   RO         1077    .ARM.Collect$$libinit$$00000012  c_w.l(libinit2.o)
    0x08000288   0x08000288   0x00000000   Code   RO         1078    .ARM.Collect$$libinit$$00000013  c_w.l(libinit2.o)
    0x08000288   0x08000288   0x00000000   Code   RO         1080    .ARM.Collect$$libinit$$00000015  c_w.l(libinit2.o)
    0x08000288   0x08000288   0x0000000a   Code   RO         1081    .ARM.Collect$$libinit$$00000016  c_w.l(libinit2.o)
    0x08000292   0x08000292   0x00000000   Code   RO         1082    .ARM.Collect$$libinit$$00000017  c_w.l(libinit2.o)
    0x08000292   0x08000292   0x00000000   Code   RO         1084    .ARM.Collect$$libinit$$00000019  c_w.l(libinit2.o)
    0x08000292   0x08000292   0x00000000   Code   RO         1086    .ARM.Collect$$libinit$$0000001B  c_w.l(libinit2.o)
    0x08000292   0x08000292   0x00000000   Code   RO         1088    .ARM.Collect$$libinit$$0000001D  c_w.l(libinit2.o)
    0x08000292   0x08000292   0x00000000   Code   RO         1090    .ARM.Collect$$libinit$$0000001F  c_w.l(libinit2.o)
    0x08000292   0x08000292   0x00000000   Code   RO         1092    .ARM.Collect$$libinit$$00000021  c_w.l(libinit2.o)
    0x08000292   0x08000292   0x00000000   Code   RO         1094    .ARM.Collect$$libinit$$00000023  c_w.l(libinit2.o)
    0x08000292   0x08000292   0x00000000   Code   RO         1096    .ARM.Collect$$libinit$$00000025  c_w.l(libinit2.o)
    0x08000292   0x08000292   0x00000000   Code   RO         1100    .ARM.Collect$$libinit$$0000002C  c_w.l(libinit2.o)
    0x08000292   0x08000292   0x00000000   Code   RO         1102    .ARM.Collect$$libinit$$0000002E  c_w.l(libinit2.o)
    0x08000292   0x08000292   0x00000000   Code   RO         1104    .ARM.Collect$$libinit$$00000030  c_w.l(libinit2.o)
    0x08000292   0x08000292   0x00000000   Code   RO         1106    .ARM.Collect$$libinit$$00000032  c_w.l(libinit2.o)
    0x08000292   0x08000292   0x00000002   Code   RO         1107    .ARM.Collect$$libinit$$00000033  c_w.l(libinit2.o)
    0x08000294   0x08000294   0x00000002   Code   RO         1127    .ARM.Collect$$libshutdown$$00000000  c_w.l(libshutdown.o)
    0x08000296   0x08000296   0x00000000   Code   RO         1140    .ARM.Collect$$libshutdown$$00000002  c_w.l(libshutdown2.o)
    0x08000296   0x08000296   0x00000000   Code   RO         1142    .ARM.Collect$$libshutdown$$00000004  c_w.l(libshutdown2.o)
    0x08000296   0x08000296   0x00000000   Code   RO         1145    .ARM.Collect$$libshutdown$$00000007  c_w.l(libshutdown2.o)
    0x08000296   0x08000296   0x00000000   Code   RO         1148    .ARM.Collect$$libshutdown$$0000000A  c_w.l(libshutdown2.o)
    0x08000296   0x08000296   0x00000000   Code   RO         1150    .ARM.Collect$$libshutdown$$0000000C  c_w.l(libshutdown2.o)
    0x08000296   0x08000296   0x00000000   Code   RO         1153    .ARM.Collect$$libshutdown$$0000000F  c_w.l(libshutdown2.o)
    0x08000296   0x08000296   0x00000002   Code   RO         1154    .ARM.Collect$$libshutdown$$00000010  c_w.l(libshutdown2.o)
    0x08000298   0x08000298   0x00000000   Code   RO          896    .ARM.Collect$$rtentry$$00000000  c_w.l(__rtentry.o)
    0x08000298   0x08000298   0x00000000   Code   RO          976    .ARM.Collect$$rtentry$$00000002  c_w.l(__rtentry2.o)
    0x08000298   0x08000298   0x00000006   Code   RO          988    .ARM.Collect$$rtentry$$00000004  c_w.l(__rtentry4.o)
    0x0800029e   0x0800029e   0x00000000   Code   RO          978    .ARM.Collect$$rtentry$$00000009  c_w.l(__rtentry2.o)
    0x0800029e   0x0800029e   0x00000004   Code   RO          979    .ARM.Collect$$rtentry$$0000000A  c_w.l(__rtentry2.o)
    0x080002a2   0x080002a2   0x00000000   Code   RO          981    .ARM.Collect$$rtentry$$0000000C  c_w.l(__rtentry2.o)
    0x080002a2   0x080002a2   0x00000008   Code   RO          982    .ARM.Collect$$rtentry$$0000000D  c_w.l(__rtentry2.o)
    0x080002aa   0x080002aa   0x00000002   Code   RO         1059    .ARM.Collect$$rtexit$$00000000  c_w.l(rtexit.o)
    0x080002ac   0x080002ac   0x00000000   Code   RO         1109    .ARM.Collect$$rtexit$$00000002  c_w.l(rtexit2.o)
    0x080002ac   0x080002ac   0x00000004   Code   RO         1110    .ARM.Collect$$rtexit$$00000003  c_w.l(rtexit2.o)
    0x080002b0   0x080002b0   0x00000006   Code   RO         1111    .ARM.Collect$$rtexit$$00000004  c_w.l(rtexit2.o)
    0x080002b6   0x080002b6   0x00000002   PAD
    0x080002b8   0x080002b8   0x000001e8   Code   RO            1    .text               main.o
    0x080004a0   0x080004a0   0x00000018   Code   RO           88    .text               stm32f10x_it.o
    0x080004b8   0x080004b8   0x000001e0   Code   RO          107    .text               system_stm32f10x.o
    0x08000698   0x08000698   0x00000040   Code   RO          139    .text               startup_stm32f10x_hd.o
    0x080006d8   0x080006d8   0x000000dc   Code   RO          143    .text               misc.o
    0x080007b4   0x080007b4   0x000000c4   Code   RO          187    .text               stm32f10x_bkp.o
    0x08000878   0x08000878   0x0000035c   Code   RO          334    .text               stm32f10x_gpio.o
    0x08000bd4   0x08000bd4   0x000000cc   Code   RO          376    .text               stm32f10x_pwr.o
    0x08000ca0   0x08000ca0   0x000003a4   Code   RO          391    .text               stm32f10x_rcc.o
    0x08001044   0x08001044   0x00000148   Code   RO          405    .text               stm32f10x_rtc.o
    0x0800118c   0x0800118c   0x00000e1a   Code   RO          450    .text               stm32f10x_tim.o
    0x08001fa6   0x08001fa6   0x00000002   PAD
    0x08001fa8   0x08001fa8   0x00000408   Code   RO          465    .text               stm32f10x_usart.o
    0x080023b0   0x080023b0   0x000000ec   Code   RO          492    .text               delay.o
    0x0800249c   0x0800249c   0x00001106   Code   RO          536    .text               sim800.o
    0x080035a2   0x080035a2   0x00000002   PAD
    0x080035a4   0x080035a4   0x00000264   Code   RO          592    .text               send.o
    0x08003808   0x08003808   0x00000118   Code   RO          652    .text               usart2.o
    0x08003920   0x08003920   0x000001a8   Code   RO          671    .text               usart3.o
    0x08003ac8   0x08003ac8   0x00000310   Code   RO          695    .text               timer.o
    0x08003dd8   0x08003dd8   0x0000017c   Code   RO          711    .text               mod.o
    0x08003f54   0x08003f54   0x00000260   Code   RO          728    .text               usart_mod.o
    0x080041b4   0x080041b4   0x00000330   Code   RO          750    .text               rtc.o
    0x080044e4   0x080044e4   0x00000288   Code   RO          767    .text               readconfig.o
    0x0800476c   0x0800476c   0x00000398   Code   RO          796    .text               iic.o
    0x08004b04   0x08004b04   0x000000b4   Code   RO          808    .text               cc936.o
    0x08004bb8   0x08004bb8   0x00000024   Code   RO          836    .text               c_w.l(c89vsprintf.o)
    0x08004bdc   0x08004bdc   0x00000034   Code   RO          838    .text               c_w.l(c89vsnprintf.o)
    0x08004c10   0x08004c10   0x0000002c   Code   RO          840    .text               c_w.l(__2sprintf.o)
    0x08004c3c   0x08004c3c   0x0000004e   Code   RO          846    .text               c_w.l(_printf_pad.o)
    0x08004c8a   0x08004c8a   0x00000052   Code   RO          848    .text               c_w.l(_printf_str.o)
    0x08004cdc   0x08004cdc   0x00000078   Code   RO          850    .text               c_w.l(_printf_dec.o)
    0x08004d54   0x08004d54   0x00000188   Code   RO          869    .text               c_w.l(__printf_flags_ss_wp.o)
    0x08004edc   0x08004edc   0x0000001a   Code   RO          876    .text               c_w.l(atoi.o)
    0x08004ef6   0x08004ef6   0x00000024   Code   RO          878    .text               c_w.l(strstr.o)
    0x08004f1a   0x08004f1a   0x00000048   Code   RO          880    .text               c_w.l(strcpy.o)
    0x08004f62   0x08004f62   0x0000003e   Code   RO          882    .text               c_w.l(strlen.o)
    0x08004fa0   0x08004fa0   0x00000064   Code   RO          884    .text               c_w.l(rt_memcpy_w.o)
    0x08005004   0x08005004   0x00000044   Code   RO          886    .text               c_w.l(rt_memclr.o)
    0x08005048   0x08005048   0x0000004e   Code   RO          888    .text               c_w.l(rt_memclr_w.o)
    0x08005096   0x08005096   0x00000056   Code   RO          890    .text               c_w.l(strncpy.o)
    0x080050ec   0x080050ec   0x00000006   Code   RO          892    .text               c_w.l(heapauxi.o)
    0x080050f2   0x080050f2   0x00000002   PAD
    0x080050f4   0x080050f4   0x00000008   Code   RO          900    .text               c_w.l(rt_errno_addr_intlibspace.o)
    0x080050fc   0x080050fc   0x00000024   Code   RO          902    .text               c_w.l(_printf_truncate.o)
    0x08005120   0x08005120   0x000000b2   Code   RO          904    .text               c_w.l(_printf_intcommon.o)
    0x080051d2   0x080051d2   0x00000028   Code   RO          906    .text               c_w.l(_printf_charcount.o)
    0x080051fa   0x080051fa   0x00000002   PAD
    0x080051fc   0x080051fc   0x00000030   Code   RO          908    .text               c_w.l(_printf_char_common.o)
    0x0800522c   0x0800522c   0x0000000a   Code   RO          910    .text               c_w.l(_sputc.o)
    0x08005236   0x08005236   0x00000010   Code   RO          912    .text               c_w.l(_snputc.o)
    0x08005246   0x08005246   0x0000002c   Code   RO          914    .text               c_w.l(_printf_char.o)
    0x08005272   0x08005272   0x00000002   PAD
    0x08005274   0x08005274   0x000000bc   Code   RO          916    .text               c_w.l(_printf_wctomb.o)
    0x08005330   0x08005330   0x0000007c   Code   RO          919    .text               c_w.l(_printf_longlong_dec.o)
    0x080053ac   0x080053ac   0x00000070   Code   RO          925    .text               c_w.l(_printf_oct_int_ll.o)
    0x0800541c   0x0800541c   0x00000094   Code   RO          945    .text               c_w.l(_printf_hex_int_ll_ptr.o)
    0x080054b0   0x080054b0   0x00000070   Code   RO          968    .text               c_w.l(strtol.o)
    0x08005520   0x08005520   0x00000008   Code   RO          972    .text               c_w.l(libspace.o)
    0x08005528   0x08005528   0x00000010   Code   RO          990    .text               c_w.l(rt_ctype_table.o)
    0x08005538   0x08005538   0x0000008a   Code   RO          992    .text               c_w.l(lludiv10.o)
    0x080055c2   0x080055c2   0x0000041e   Code   RO          994    .text               c_w.l(_printf_fp_dec.o)
    0x080059e0   0x080059e0   0x0000002c   Code   RO          998    .text               c_w.l(_printf_wchar.o)
    0x08005a0c   0x08005a0c   0x0000009e   Code   RO         1000    .text               c_w.l(_strtoul.o)
    0x08005aaa   0x08005aaa   0x00000040   Code   RO         1002    .text               c_w.l(_wcrtomb.o)
    0x08005aea   0x08005aea   0x0000004a   Code   RO         1004    .text               c_w.l(sys_stackheap_outer.o)
    0x08005b34   0x08005b34   0x00000008   Code   RO         1009    .text               c_w.l(rt_locale_intlibspace.o)
    0x08005b3c   0x08005b3c   0x00000080   Code   RO         1011    .text               c_w.l(_printf_fp_infnan.o)
    0x08005bbc   0x08005bbc   0x0000001c   Code   RO         1013    .text               c_w.l(_chval.o)
    0x08005bd8   0x08005bd8   0x000000e4   Code   RO         1015    .text               c_w.l(bigflt0.o)
    0x08005cbc   0x08005cbc   0x00000012   Code   RO         1046    .text               c_w.l(exit.o)
    0x08005cce   0x08005cce   0x00000002   PAD
    0x08005cd0   0x08005cd0   0x00000080   Code   RO         1061    .text               c_w.l(strcmpv7m.o)
    0x08005d50   0x08005d50   0x0000000c   Code   RO         1119    .text               c_w.l(sys_exit.o)
    0x08005d5c   0x08005d5c   0x00000002   Code   RO         1130    .text               c_w.l(use_no_semi.o)
    0x08005d5e   0x08005d5e   0x00000000   Code   RO         1132    .text               c_w.l(indicate_semi.o)
    0x08005d5e   0x08005d5e   0x0000003e   Code   RO         1018    CL$$btod_d2e        c_w.l(btod.o)
    0x08005d9c   0x08005d9c   0x00000046   Code   RO         1020    CL$$btod_d2e_denorm_low  c_w.l(btod.o)
    0x08005de2   0x08005de2   0x00000060   Code   RO         1019    CL$$btod_d2e_norm_op1  c_w.l(btod.o)
    0x08005e42   0x08005e42   0x00000338   Code   RO         1028    CL$$btod_div_common  c_w.l(btod.o)
    0x0800617a   0x0800617a   0x000000dc   Code   RO         1025    CL$$btod_e2e        c_w.l(btod.o)
    0x08006256   0x08006256   0x0000002a   Code   RO         1022    CL$$btod_ediv       c_w.l(btod.o)
    0x08006280   0x08006280   0x0000002a   Code   RO         1021    CL$$btod_emul       c_w.l(btod.o)
    0x080062aa   0x080062aa   0x00000244   Code   RO         1027    CL$$btod_mult_common  c_w.l(btod.o)
    0x080064ee   0x080064ee   0x00000028   Code   RO         1057    i.__ARM_fpclassify  m_ws.l(fpclassify.o)
    0x08006516   0x08006516   0x0000000e   Code   RO          862    i._is_digit         c_w.l(__printf_wp.o)
    0x08006524   0x08006524   0x0000002c   Code   RO         1041    locale$$code        c_w.l(lc_ctype_c.o)
    0x08006550   0x08006550   0x0000002c   Code   RO         1044    locale$$code        c_w.l(lc_numeric_c.o)
    0x0800657c   0x0800657c   0x00000004   Code   RO          970    x$fpl$printf1       fz_ws.l(printf1.o)
    0x08006580   0x08006580   0x00000000   Code   RO         1056    x$fpl$usenofp       fz_ws.l(usenofp.o)
    0x08006580   0x08006580   0x00000200   Data   RO          713    .constdata          mod.o
    0x08006780   0x08006780   0x00000018   Data   RO          752    .constdata          rtc.o
    0x08006798   0x08006798   0x0002acc8   Data   RO          809    .constdata          cc936.o
    0x08031460   0x08031460   0x00000011   Data   RO          870    .constdata          c_w.l(__printf_flags_ss_wp.o)
    0x08031471   0x08031471   0x00000003   PAD
    0x08031474   0x08031474   0x00000008   Data   RO          917    .constdata          c_w.l(_printf_wctomb.o)
    0x0803147c   0x0803147c   0x00000028   Data   RO          946    .constdata          c_w.l(_printf_hex_int_ll_ptr.o)
    0x080314a4   0x080314a4   0x00000094   Data   RO         1016    .constdata          c_w.l(bigflt0.o)
    0x08031538   0x08031538   0x000000a4   Data   RO          539    .conststring        sim800.o
    0x080315dc   0x080315dc   0x00000020   Data   RO         1185    Region$$Table       anon$$obj.o
    0x080315fc   0x080315fc   0x00000110   Data   RO         1040    locale$$data        c_w.l(lc_ctype_c.o)
    0x0803170c   0x0803170c   0x0000001c   Data   RO         1043    locale$$data        c_w.l(lc_numeric_c.o)


    Execution Region RW_IRAM1 (Exec base: 0x20000000, Load base: 0x08031728, Size: 0x000020f8, Max: 0x00010000, ABSOLUTE, COMPRESSED[0x00000068])

    Exec Addr    Load Addr    Size         Type   Attr      Idx    E Section Name        Object

    0x20000000   COMPRESSED   0x00000006   Data   RW            3    .data               main.o
    0x20000006   COMPRESSED   0x00000002   PAD
    0x20000008   COMPRESSED   0x00000014   Data   RW          108    .data               system_stm32f10x.o
    0x2000001c   COMPRESSED   0x00000014   Data   RW          392    .data               stm32f10x_rcc.o
    0x20000030   COMPRESSED   0x00000008   Data   RW          493    .data               delay.o
    0x20000038   COMPRESSED   0x00000020   Data   RW          540    .data               sim800.o
    0x20000058   COMPRESSED   0x000000dd   Data   RW          594    .data               send.o
    0x20000135   COMPRESSED   0x00000001   PAD
    0x20000136   COMPRESSED   0x00000002   Data   RW          673    .data               usart3.o
    0x20000138   COMPRESSED   0x00000010   Data   RW          696    .data               timer.o
    0x20000148   COMPRESSED   0x00000008   Data   RW          714    .data               mod.o
    0x20000150   COMPRESSED   0x0000000a   Data   RW          753    .data               rtc.o
    0x2000015a   COMPRESSED   0x00000002   PAD
    0x2000015c   COMPRESSED   0x00000004   Data   RW          769    .data               readconfig.o
    0x20000160        -       0x000003dc   Zero   RW            2    .bss                main.o
    0x2000053c        -       0x00000938   Zero   RW          537    .bss                sim800.o
    0x20000e74        -       0x00000681   Zero   RW          593    .bss                send.o
    0x200014f5        -       0x00000200   Zero   RW          672    .bss                usart3.o
    0x200016f5   COMPRESSED   0x00000003   PAD
    0x200016f8        -       0x00000228   Zero   RW          712    .bss                mod.o
    0x20001920        -       0x0000000a   Zero   RW          751    .bss                rtc.o
    0x2000192a   COMPRESSED   0x00000002   PAD
    0x2000192c        -       0x00000168   Zero   RW          768    .bss                readconfig.o
    0x20001a94        -       0x00000060   Zero   RW          973    .bss                c_w.l(libspace.o)
    0x20001af4   COMPRESSED   0x00000004   PAD
    0x20001af8        -       0x00000200   Zero   RW          137    HEAP                startup_stm32f10x_hd.o
    0x20001cf8        -       0x00000400   Zero   RW          136    STACK               startup_stm32f10x_hd.o


==============================================================================

Image component sizes


      Code (inc. data)   RO Data    RW Data    ZI Data      Debug   Object Name

       180         18     175304          0          0       1953   cc936.o
         0          0          0          0          0         32   core_cm3.o
       236         22          0          8          0     221320   delay.o
       920          4          0          0          0       3823   iic.o
       488         94          0          6        988     249229   main.o
       220         22          0          0          0     206417   misc.o
       380         26        512          8        552       2314   mod.o
       648        250          0          4        360       1717   readconfig.o
       816         28         24         10         10       3120   rtc.o
       612        222          0        221       1665       4280   send.o
      4358        876        164         32       2360      16974   sim800.o
        64         26        304          0       1536        764   startup_stm32f10x_hd.o
       196          8          0          0          0       3420   stm32f10x_bkp.o
       860         38          0          0          0       5653   stm32f10x_gpio.o
        24          0          0          0          0       1050   stm32f10x_it.o
       204         14          0          0          0       1915   stm32f10x_pwr.o
       932         36          0         20          0       8792   stm32f10x_rcc.o
       328          4          0          0          0       2686   stm32f10x_rtc.o
      3610         88          0          0          0      43072   stm32f10x_tim.o
      1032         22          0          0          0       8380   stm32f10x_usart.o
       480         38          0         20          0       1623   system_stm32f10x.o
       784        126          0         16          0       2352   timer.o
       280         14          0          0          0       2994   usart2.o
       424         34          0          2        512       2125   usart3.o
       608         12          0          0          0       1512   usart_mod.o

    ----------------------------------------------------------------------
     18688       2022     176340        352       7988     797517   Object Totals
         0          0         32          0          0          0   (incl. Generated)
         4          0          0          5          5          0   (incl. Padding)

    ----------------------------------------------------------------------

      Code (inc. data)   RO Data    RW Data    ZI Data      Debug   Library Member Name

        44          6          0          0          0         84   __2sprintf.o
        90          0          0          0          0          0   __dczerorl2.o
         8          0          0          0          0         68   __main.o
       392          4         17          0          0         92   __printf_flags_ss_wp.o
        14          0          0          0          0         68   __printf_wp.o
         0          0          0          0          0          0   __rtentry.o
        12          0          0          0          0          0   __rtentry2.o
         6          0          0          0          0          0   __rtentry4.o
        52          8          0          0          0          0   __scatter.o
        28          0          0          0          0          0   __scatter_zi.o
        28          0          0          0          0         68   _chval.o
         6          0          0          0          0          0   _printf_a.o
         6          0          0          0          0          0   _printf_c.o
        44          0          0          0          0        108   _printf_char.o
        48          6          0          0          0         96   _printf_char_common.o
        40          0          0          0          0         68   _printf_charcount.o
         6          0          0          0          0          0   _printf_d.o
       120         16          0          0          0         92   _printf_dec.o
         6          0          0          0          0          0   _printf_e.o
         6          0          0          0          0          0   _printf_f.o
      1054          0          0          0          0        216   _printf_fp_dec.o
       128         16          0          0          0         84   _printf_fp_infnan.o
         6          0          0          0          0          0   _printf_g.o
       148          4         40          0          0        160   _printf_hex_int_ll_ptr.o
         6          0          0          0          0          0   _printf_i.o
       178          0          0          0          0         88   _printf_intcommon.o
        10          0          0          0          0          0   _printf_l.o
         6          0          0          0          0          0   _printf_lc.o
        10          0          0          0          0          0   _printf_ll.o
         6          0          0          0          0          0   _printf_lld.o
         6          0          0          0          0          0   _printf_lli.o
         6          0          0          0          0          0   _printf_llo.o
         6          0          0          0          0          0   _printf_llu.o
         6          0          0          0          0          0   _printf_llx.o
       124         16          0          0          0         92   _printf_longlong_dec.o
         6          0          0          0          0          0   _printf_ls.o
         6          0          0          0          0          0   _printf_n.o
         6          0          0          0          0          0   _printf_o.o
       112         10          0          0          0        124   _printf_oct_int_ll.o
         6          0          0          0          0          0   _printf_p.o
        78          0          0          0          0        108   _printf_pad.o
         0          0          0          0          0          0   _printf_percent.o
         4          0          0          0          0          0   _printf_percent_end.o
         6          0          0          0          0          0   _printf_s.o
        82          0          0          0          0         80   _printf_str.o
        36          0          0          0          0         84   _printf_truncate.o
         6          0          0          0          0          0   _printf_u.o
        44          0          0          0          0        108   _printf_wchar.o
       188          6          8          0          0         92   _printf_wctomb.o
         6          0          0          0          0          0   _printf_x.o
        16          0          0          0          0         68   _snputc.o
        10          0          0          0          0         68   _sputc.o
       158          0          0          0          0         92   _strtoul.o
        64          0          0          0          0         92   _wcrtomb.o
        26          0          0          0          0         80   atoi.o
       228          4        148          0          0         96   bigflt0.o
      1936        128          0          0          0        672   btod.o
        52          4          0          0          0         80   c89vsnprintf.o
        36          4          0          0          0         76   c89vsprintf.o
        18          0          0          0          0         80   exit.o
         6          0          0          0          0        152   heapauxi.o
         0          0          0          0          0          0   indicate_semi.o
        44         10        272          0          0         76   lc_ctype_c.o
        44         10         28          0          0         76   lc_numeric_c.o
         2          0          0          0          0          0   libinit.o
        30          0          0          0          0          0   libinit2.o
         2          0          0          0          0          0   libshutdown.o
         2          0          0          0          0          0   libshutdown2.o
         8          4          0          0         96         68   libspace.o
       138          0          0          0          0         80   lludiv10.o
        16          4          0          0          0         76   rt_ctype_table.o
         8          4          0          0          0         68   rt_errno_addr_intlibspace.o
         8          4          0          0          0         68   rt_locale_intlibspace.o
        68          0          0          0          0         68   rt_memclr.o
        78          0          0          0          0         80   rt_memclr_w.o
       100          0          0          0          0         80   rt_memcpy_w.o
         2          0          0          0          0          0   rtexit.o
        10          0          0          0          0          0   rtexit2.o
       128          0          0          0          0         68   strcmpv7m.o
        72          0          0          0          0         80   strcpy.o
        62          0          0          0          0         76   strlen.o
        86          0          0          0          0         76   strncpy.o
        36          0          0          0          0         80   strstr.o
       112          0          0          0          0         88   strtol.o
        12          4          0          0          0         68   sys_exit.o
        74          0          0          0          0         80   sys_stackheap_outer.o
         2          0          0          0          0         68   use_no_semi.o
         4          0          0          0          0         68   printf1.o
         0          0          0          0          0          0   usenofp.o
        40          0          0          0          0         68   fpclassify.o

    ----------------------------------------------------------------------
      6992        272        516          0        100       5096   Library Totals
        12          0          3          0          4          0   (incl. Padding)

    ----------------------------------------------------------------------

      Code (inc. data)   RO Data    RW Data    ZI Data      Debug   Library Name

      6936        272        513          0         96       4960   c_w.l
         4          0          0          0          0         68   fz_ws.l
        40          0          0          0          0         68   m_ws.l

    ----------------------------------------------------------------------
      6992        272        516          0        100       5096   Library Totals

    ----------------------------------------------------------------------

==============================================================================


      Code (inc. data)   RO Data    RW Data    ZI Data      Debug   

     25680       2294     176856        352       8088     797513   Grand Totals
     25680       2294     176856        104       8088     797513   ELF Image Totals (compressed)
     25680       2294     176856        104          0          0   ROM Totals

==============================================================================

    Total RO  Size (Code + RO Data)               202536 ( 197.79kB)
    Total RW  Size (RW Data + ZI Data)              8440 (   8.24kB)
    Total ROM Size (Code + RO Data + RW Data)     202640 ( 197.89kB)

==============================================================================

