Component: ARM Compiler 5.06 update 6 (build 750) Tool: armlink [4d35ed]

==============================================================================

Section Cross References

    main.o(.text) refers to delay.o(.text) for delay_init
    main.o(.text) refers to misc.o(.text) for NVIC_PriorityGroupConfig
    main.o(.text) refers to stm32f10x_rcc.o(.text) for RCC_APB1PeriphClockCmd
    main.o(.text) refers to usart2.o(.text) for usart2_init
    main.o(.text) refers to usart_mod.o(.text) for Mod_USARTx_Config
    main.o(.text) refers to timer.o(.text) for TIM6_Int_Init
    main.o(.text) refers to stm32f10x_tim.o(.text) for TIM_SetCounter
    main.o(.text) refers to rtc.o(.text) for Init_RTC
    main.o(.text) refers to usart3.o(.text) for usart3_init
    main.o(.text) refers to sim800.o(.text) for SIM800_ntpserver
    main.o(.text) refers to mod.o(.text) for read_hold_register_03
    main.o(.text) refers to send.o(.text) for clear
    main.o(.text) refers to main.o(.bss) for device
    system_stm32f10x.o(.text) refers to system_stm32f10x.o(.data) for SystemCoreClock
    startup_stm32f10x_hd.o(STACK) refers (Special) to heapauxi.o(.text) for __use_two_region_memory
    startup_stm32f10x_hd.o(HEAP) refers (Special) to heapauxi.o(.text) for __use_two_region_memory
    startup_stm32f10x_hd.o(RESET) refers (Special) to heapauxi.o(.text) for __use_two_region_memory
    startup_stm32f10x_hd.o(RESET) refers to startup_stm32f10x_hd.o(STACK) for __initial_sp
    startup_stm32f10x_hd.o(RESET) refers to startup_stm32f10x_hd.o(.text) for Reset_Handler
    startup_stm32f10x_hd.o(RESET) refers to stm32f10x_it.o(.text) for NMI_Handler
    startup_stm32f10x_hd.o(RESET) refers to usart_mod.o(.text) for SysTick_Handler
    startup_stm32f10x_hd.o(RESET) refers to rtc.o(.text) for RTC_IRQHandler
    startup_stm32f10x_hd.o(RESET) refers to usart3.o(.text) for USART3_IRQHandler
    startup_stm32f10x_hd.o(RESET) refers to timer.o(.text) for TIM5_IRQHandler
    startup_stm32f10x_hd.o(.text) refers (Special) to heapauxi.o(.text) for __use_two_region_memory
    startup_stm32f10x_hd.o(.text) refers to system_stm32f10x.o(.text) for SystemInit
    startup_stm32f10x_hd.o(.text) refers to __main.o(!!!main) for __main
    startup_stm32f10x_hd.o(.text) refers to startup_stm32f10x_hd.o(HEAP) for Heap_Mem
    startup_stm32f10x_hd.o(.text) refers to startup_stm32f10x_hd.o(STACK) for Stack_Mem
    stm32f10x_adc.o(.text) refers to stm32f10x_rcc.o(.text) for RCC_APB2PeriphResetCmd
    stm32f10x_bkp.o(.text) refers to stm32f10x_rcc.o(.text) for RCC_BackupResetCmd
    stm32f10x_can.o(.text) refers to stm32f10x_rcc.o(.text) for RCC_APB1PeriphResetCmd
    stm32f10x_cec.o(.text) refers to stm32f10x_rcc.o(.text) for RCC_APB1PeriphResetCmd
    stm32f10x_dac.o(.text) refers to stm32f10x_rcc.o(.text) for RCC_APB1PeriphResetCmd
    stm32f10x_gpio.o(.text) refers to stm32f10x_rcc.o(.text) for RCC_APB2PeriphResetCmd
    stm32f10x_i2c.o(.text) refers to stm32f10x_rcc.o(.text) for RCC_APB1PeriphResetCmd
    stm32f10x_pwr.o(.text) refers to stm32f10x_rcc.o(.text) for RCC_APB1PeriphResetCmd
    stm32f10x_rcc.o(.text) refers to stm32f10x_rcc.o(.data) for APBAHBPrescTable
    stm32f10x_spi.o(.text) refers to stm32f10x_rcc.o(.text) for RCC_APB2PeriphResetCmd
    stm32f10x_tim.o(.text) refers to stm32f10x_rcc.o(.text) for RCC_APB2PeriphResetCmd
    stm32f10x_usart.o(.text) refers to stm32f10x_rcc.o(.text) for RCC_APB2PeriphResetCmd
    stm32f10x_wwdg.o(.text) refers to stm32f10x_rcc.o(.text) for RCC_APB1PeriphResetCmd
    delay.o(.text) refers to system_stm32f10x.o(.data) for SystemCoreClock
    delay.o(.text) refers to delay.o(.data) for fac_us
    sim800.o(.text) refers to _printf_percent.o(.ARM.Collect$$_printf_percent$$00000000) for _printf_percent
    sim800.o(.text) refers to _printf_d.o(.ARM.Collect$$_printf_percent$$00000009) for _printf_d
    sim800.o(.text) refers to _printf_dec.o(.text) for _printf_int_dec
    sim800.o(.text) refers to _printf_s.o(.ARM.Collect$$_printf_percent$$00000014) for _printf_s
    sim800.o(.text) refers to _printf_str.o(.text) for _printf_str
    sim800.o(.text) refers to strcpy.o(.text) for strcpy
    sim800.o(.text) refers to usart3.o(.text) for u3_printf
    sim800.o(.text) refers to delay.o(.text) for delay_ms
    sim800.o(.text) refers to rt_memclr_w.o(.text) for __aeabi_memclr4
    sim800.o(.text) refers to strstr.o(.text) for strstr
    sim800.o(.text) refers to atoi.o(.text) for atoi
    sim800.o(.text) refers to __2sprintf.o(.text) for __2sprintf
    sim800.o(.text) refers to usart2.o(.text) for USART2_printf
    sim800.o(.text) refers to rt_memclr.o(.text) for __aeabi_memclr
    sim800.o(.text) refers to main.o(.bss) for device
    sim800.o(.text) refers to sim800.o(.bss) for ICCID_BUF
    sim800.o(.text) refers to sim800.o(.data) for modetbl
    sim800.o(.text) refers to stm32f10x_tim.o(.text) for TIM_Cmd
    sim800.o(.text) refers to sim800.o(.conststring) for .conststring
[...]
    .data                                    0x20000030   Section       32  sim800.o(.data)
    .data                                    0x20000050   Section        4  send.o(.data)
    .data                                    0x20000054   Section        2  usart3.o(.data)
    .data                                    0x20000058   Section       16  timer.o(.data)
    .data                                    0x20000068   Section        8  mod.o(.data)
    .data                                    0x20000070   Section       10  rtc.o(.data)
    daycnt                                   0x20000078   Data           2  rtc.o(.data)
    .bss                                     0x2000007c   Section       76  main.o(.bss)
    .bss                                     0x200000c8   Section     2348  sim800.o(.bss)
    .bss                                     0x200009f4   Section     1665  send.o(.bss)
    rx_buf_str                               0x20000b34   Data         255  send.o(.bss)
    body_data_1                              0x20000c33   Data         160  send.o(.bss)
    body_data_2                              0x20000cd3   Data          50  send.o(.bss)
    .bss                                     0x20001075   Section      512  usart3.o(.bss)
    .bss                                     0x20001278   Section      552  mod.o(.bss)
    .bss                                     0x200014a0   Section       10  rtc.o(.bss)
    .bss                                     0x200014ac   Section      153  readconfig.o(.bss)
    .bss                                     0x20001548   Section       96  libspace.o(.bss)
    HEAP                                     0x200015a8   Section      512  startup_stm32f10x_hd.o(HEAP)
    Heap_Mem                                 0x200015a8   Data         512  startup_stm32f10x_hd.o(HEAP)
    STACK                                    0x200017a8   Section     1024  startup_stm32f10x_hd.o(STACK)
    Stack_Mem                                0x200017a8   Data        1024  startup_stm32f10x_hd.o(STACK)
    __initial_sp                             0x20001ba8   Data           0  startup_stm32f10x_hd.o(STACK)

    Global Symbols

    Symbol Name                              Value     Ov Type        Size  Object(Section)

    BuildAttributes$$THM_ISAv4$P$D$K$B$S$PE$A:L22UL41UL21$X:L11$S22US41US21$IEEE1$IW$USESV6$~STKCKD$USESV7$~SHL$OTIME$ROPI$IEEEJ$EBA8$UX$STANDARDLIB$REQ8$PRES8$EABIv2 0x00000000   Number         0  anon$$obj.o ABSOLUTE
    __ARM_use_no_argv                        0x00000000   Number         0  main.o ABSOLUTE
    _printf_flags                            0x00000000   Number         0  printf_stubs.o ABSOLUTE
    _printf_return_value                     0x00000000   Number         0  printf_stubs.o ABSOLUTE
    _printf_sizespec                         0x00000000   Number         0  printf_stubs.o ABSOLUTE
    _printf_widthprec                        0x00000000   Number         0  printf_stubs.o ABSOLUTE
    __ARM_exceptions_init                     - Undefined Weak Reference
    __alloca_initialize                       - Undefined Weak Reference
    __arm_preinit_                            - Undefined Weak Reference
    __cpp_initialize__aeabi_                  - Undefined Weak Reference
    __cxa_finalize                            - Undefined Weak Reference
    __sigvec_lookup                           - Undefined Weak Reference
    _atexit_init                              - Undefined Weak Reference
    _call_atexit_fns                          - Undefined Weak Reference
    _clock_init                               - Undefined Weak Reference
    _fp_trap_init                             - Undefined Weak Reference
    _fp_trap_shutdown                         - Undefined Weak Reference
    _get_lc_collate                           - Undefined Weak Reference
    _get_lc_monetary                          - Undefined Weak Reference
    _get_lc_time                              - Undefined Weak Reference
    _getenv_init                              - Undefined Weak Reference
    _handle_redirection                       - Undefined Weak Reference
    _init_alloc                               - Undefined Weak Reference
    _init_user_alloc                          - Undefined Weak Reference
    _initio                                   - Undefined Weak Reference
    _printf_fp_hex                            - Undefined Weak Reference
    _printf_mbtowc                            - Undefined Weak Reference
    _printf_wc                                - Undefined Weak Reference
    _rand_init                                - Undefined Weak Reference
    _signal_finish                            - Undefined Weak Reference
    _signal_init                              - Undefined Weak Reference
    _terminate_alloc                          - Undefined Weak Reference
    _terminate_user_alloc                     - Undefined Weak Reference
    _terminateio                              - Undefined Weak Reference
    __Vectors_Size                           0x00000130   Number         0  startup_stm32f10x_hd.o ABSOLUTE
    __Vectors                                0x08000000   Data           4  startup_stm32f10x_hd.o(RESET)
    __Vectors_End                            0x08000130   Data           0  startup_stm32f10x_hd.o(RESET)
    __main                                   0x08000131   Thumb Code     8  __main.o(!!!main)
    __scatterload                            0x08000139   Thumb Code     0  __scatter.o(!!!scatter)
    __scatterload_rt2                        0x08000139   Thumb Code    44  __scatter.o(!!!scatter)
    __scatterload_rt2_thumb_only             0x08000139   Thumb Code     0  __scatter.o(!!!scatter)
    __scatterload_null                       0x08000147   Thumb Code     0  __scatter.o(!!!scatter)
    __scatterload_copy                       0x0800016d   Thumb Code    26  __scatter_copy.o(!!handler_copy)
    __scatterload_zeroinit                   0x08000189   Thumb Code    28  __scatter_zi.o(!!handler_zi)
    _printf_n                                0x080001a5   Thumb Code     0  _printf_n.o(.ARM.Collect$$_printf_percent$$00000001)
    _printf_percent                          0x080001a5   Thumb Code     0  _printf_percent.o(.ARM.Collect$$_printf_percent$$00000000)
    _printf_p                                0x080001ab   Thumb Code     0  _printf_p.o(.ARM.Collect$$_printf_percent$$00000002)
    _printf_f                                0x080001b1   Thumb Code     0  _printf_f.o(.ARM.Collect$$_printf_percent$$00000003)
    _printf_e                                0x080001b7   Thumb Code     0  _printf_e.o(.ARM.Collect$$_printf_percent$$00000004)
    _printf_g                                0x080001bd   Thumb Code     0  _printf_g.o(.ARM.Collect$$_printf_percent$$00000005)
    _printf_a                                0x080001c3   Thumb Code     0  _printf_a.o(.ARM.Collect$$_printf_percent$$00000006)
    _printf_ll                               0x080001c9   Thumb Code     0  _printf_ll.o(.ARM.Collect$$_printf_percent$$00000007)
    _printf_i                                0x080001d3   Thumb Code     0  _printf_i.o(.ARM.Collect$$_printf_percent$$00000008)
    _printf_d                                0x080001d9   Thumb Code     0  _printf_d.o(.ARM.Collect$$_printf_percent$$00000009)
    _printf_u                                0x080001df   Thumb Code     0  _printf_u.o(.ARM.Collect$$_printf_percent$$0000000A)
    _printf_o                                0x080001e5   Thumb Code     0  _printf_o.o(.ARM.Collect$$_printf_percent$$0000000B)
    _printf_x                                0x080001eb   Thumb Code     0  _printf_x.o(.ARM.Collect$$_printf_percent$$0000000C)
    _printf_lli                              0x080001f1   Thumb Code     0  _printf_lli.o(.ARM.Collect$$_printf_percent$$0000000D)
    _printf_lld                              0x080001f7   Thumb Code     0  _printf_lld.o(.ARM.Collect$$_printf_percent$$0000000E)
    _printf_llu                              0x080001fd   Thumb Code     0  _printf_llu.o(.ARM.Collect$$_printf_percent$$0000000F)
    _printf_llo                              0x08000203   Thumb Code     0  _printf_llo.o(.ARM.Collect$$_printf_percent$$00000010)
    _printf_llx                              0x08000209   Thumb Code     0  _printf_llx.o(.ARM.Collect$$_printf_percent$$00000011)
    _printf_l                                0x0800020f   Thumb Code     0  _printf_l.o(.ARM.Collect$$_printf_percent$$00000012)
    _printf_c                                0x08000219   Thumb Code     0  _printf_c.o(.ARM.Collect$$_printf_percent$$00000013)
    _printf_s                                0x0800021f   Thumb Code     0  _printf_s.o(.ARM.Collect$$_printf_percent$$00000014)
    _printf_lc                               0x08000225   Thumb Code     0  _printf_lc.o(.ARM.Collect$$_printf_percent$$00000015)
    _printf_ls                               0x0800022b   Thumb Code     0  _printf_ls.o(.ARM.Collect$$_printf_percent$$00000016)
    _printf_percent_end                      0x08000231   Thumb Code     0  _printf_percent_end.o(.ARM.Collect$$_printf_percent$$00000017)
    __rt_lib_init                            0x08000235   Thumb Code     0  libinit.o(.ARM.Collect$$libinit$$00000000)
    __rt_lib_init_fp_1                       0x08000237   Thumb Code     0  libinit2.o(.ARM.Collect$$libinit$$00000002)
    __rt_lib_init_heap_1                     0x08000237   Thumb Code     0  libinit2.o(.ARM.Collect$$libinit$$0000000A)
    __rt_lib_init_lc_common                  0x08000237   Thumb Code     0  libinit2.o(.ARM.Collect$$libinit$$0000000F)
    __rt_lib_init_preinit_1                  0x08000237   Thumb Code     0  libinit2.o(.ARM.Collect$$libinit$$00000004)
    __rt_lib_init_rand_1                     0x08000237   Thumb Code     0  libinit2.o(.ARM.Collect$$libinit$$0000000E)
    __rt_lib_init_user_alloc_1               0x08000237   Thumb Code     0  libinit2.o(.ARM.Collect$$libinit$$0000000C)
    __rt_lib_init_lc_collate_1               0x0800023d   Thumb Code     0  libinit2.o(.ARM.Collect$$libinit$$00000011)
    __rt_lib_init_lc_ctype_2                 0x0800023d   Thumb Code     0  libinit2.o(.ARM.Collect$$libinit$$00000012)
    __rt_lib_init_lc_ctype_1                 0x08000249   Thumb Code     0  libinit2.o(.ARM.Collect$$libinit$$00000013)
    __rt_lib_init_lc_monetary_1              0x08000249   Thumb Code     0  libinit2.o(.ARM.Collect$$libinit$$00000015)
    __rt_lib_init_lc_numeric_2               0x08000249   Thumb Code     0  libinit2.o(.ARM.Collect$$libinit$$00000016)
    __rt_lib_init_alloca_1                   0x08000253   Thumb Code     0  libinit2.o(.ARM.Collect$$libinit$$0000002E)
    __rt_lib_init_argv_1                     0x08000253   Thumb Code     0  libinit2.o(.ARM.Collect$$libinit$$0000002C)
    __rt_lib_init_atexit_1                   0x08000253   Thumb Code     0  libinit2.o(.ARM.Collect$$libinit$$0000001B)
    __rt_lib_init_clock_1                    0x08000253   Thumb Code     0  libinit2.o(.ARM.Collect$$libinit$$00000021)
    __rt_lib_init_cpp_1                      0x08000253   Thumb Code     0  libinit2.o(.ARM.Collect$$libinit$$00000032)
    __rt_lib_init_exceptions_1               0x08000253   Thumb Code     0  libinit2.o(.ARM.Collect$$libinit$$00000030)
    __rt_lib_init_fp_trap_1                  0x08000253   Thumb Code     0  libinit2.o(.ARM.Collect$$libinit$$0000001F)
    __rt_lib_init_getenv_1                   0x08000253   Thumb Code     0  libinit2.o(.ARM.Collect$$libinit$$00000023)
    __rt_lib_init_lc_numeric_1               0x08000253   Thumb Code     0  libinit2.o(.ARM.Collect$$libinit$$00000017)
    __rt_lib_init_lc_time_1                  0x08000253   Thumb Code     0  libinit2.o(.ARM.Collect$$libinit$$00000019)
    __rt_lib_init_return                     0x08000253   Thumb Code     0  libinit2.o(.ARM.Collect$$libinit$$00000033)
    __rt_lib_init_signal_1                   0x08000253   Thumb Code     0  libinit2.o(.ARM.Collect$$libinit$$0000001D)
    __rt_lib_init_stdio_1                    0x08000253   Thumb Code     0  libinit2.o(.ARM.Collect$$libinit$$00000025)
    __rt_lib_shutdown                        0x08000255   Thumb Code     0  libshutdown.o(.ARM.Collect$$libshutdown$$00000000)
    __rt_lib_shutdown_cpp_1                  0x08000257   Thumb Code     0  libshutdown2.o(.ARM.Collect$$libshutdown$$00000002)
    __rt_lib_shutdown_fp_trap_1              0x08000257   Thumb Code     0  libshutdown2.o(.ARM.Collect$$libshutdown$$00000007)
    __rt_lib_shutdown_heap_1                 0x08000257   Thumb Code     0  libshutdown2.o(.ARM.Collect$$libshutdown$$0000000F)
    __rt_lib_shutdown_return                 0x08000257   Thumb Code     0  libshutdown2.o(.ARM.Collect$$libshutdown$$00000010)
    __rt_lib_shutdown_signal_1               0x08000257   Thumb Code     0  libshutdown2.o(.ARM.Collect$$libshutdown$$0000000A)
    __rt_lib_shutdown_stdio_1                0x08000257   Thumb Code     0  libshutdown2.o(.ARM.Collect$$libshutdown$$00000004)
    __rt_lib_shutdown_user_alloc_1           0x08000257   Thumb Code     0  libshutdown2.o(.ARM.Collect$$libshutdown$$0000000C)
    __rt_entry                               0x08000259   Thumb Code     0  __rtentry.o(.ARM.Collect$$rtentry$$00000000)
    __rt_entry_presh_1                       0x08000259   Thumb Code     0  __rtentry2.o(.ARM.Collect$$rtentry$$00000002)
    __rt_entry_sh                            0x08000259   Thumb Code     0  __rtentry4.o(.ARM.Collect$$rtentry$$00000004)
    __rt_entry_li                            0x0800025f   Thumb Code     0  __rtentry2.o(.ARM.Collect$$rtentry$$0000000A)
    __rt_entry_postsh_1                      0x0800025f   Thumb Code     0  __rtentry2.o(.ARM.Collect$$rtentry$$00000009)
    __rt_entry_main                          0x08000263   Thumb Code     0  __rtentry2.o(.ARM.Collect$$rtentry$$0000000D)
    __rt_entry_postli_1                      0x08000263   Thumb Code     0  __rtentry2.o(.ARM.Collect$$rtentry$$0000000C)
    __rt_exit                                0x0800026b   Thumb Code     0  rtexit.o(.ARM.Collect$$rtexit$$00000000)
    __rt_exit_ls                             0x0800026d   Thumb Code     0  rtexit2.o(.ARM.Collect$$rtexit$$00000003)
    __rt_exit_prels_1                        0x0800026d   Thumb Code     0  rtexit2.o(.ARM.Collect$$rtexit$$00000002)
    __rt_exit_exit                           0x08000271   Thumb Code     0  rtexit2.o(.ARM.Collect$$rtexit$$00000004)
    main                                     0x08000279   Thumb Code   290  main.o(.text)
    NMI_Handler                              0x080003c9   Thumb Code     2  stm32f10x_it.o(.text)
    HardFault_Handler                        0x080003cb   Thumb Code     4  stm32f10x_it.o(.text)
    MemManage_Handler                        0x080003cf   Thumb Code     4  stm32f10x_it.o(.text)
    BusFault_Handler                         0x080003d3   Thumb Code     4  stm32f10x_it.o(.text)
    UsageFault_Handler                       0x080003d7   Thumb Code     4  stm32f10x_it.o(.text)
    SVC_Handler                              0x080003db   Thumb Code     2  stm32f10x_it.o(.text)
    DebugMon_Handler                         0x080003dd   Thumb Code     2  stm32f10x_it.o(.text)
    PendSV_Handler                           0x080003df   Thumb Code     2  stm32f10x_it.o(.text)
    SystemInit                               0x080004bf   Thumb Code    78  system_stm32f10x.o(.text)
    SystemCoreClockUpdate                    0x0800050d   Thumb Code   142  system_stm32f10x.o(.text)
    Reset_Handler                            0x080005c1   Thumb Code     8  startup_stm32f10x_hd.o(.text)
    ADC1_2_IRQHandler                        0x080005db   Thumb Code     0  startup_stm32f10x_hd.o(.text)
    ADC3_IRQHandler                          0x080005db   Thumb Code     0  startup_stm32f10x_hd.o(.text)
    CAN1_RX1_IRQHandler                      0x080005db   Thumb Code     0  startup_stm32f10x_hd.o(.text)
    CAN1_SCE_IRQHandler                      0x080005db   Thumb Code     0  startup_stm32f10x_hd.o(.text)
    DMA1_Channel1_IRQHandler                 0x080005db   Thumb Code     0  startup_stm32f10x_hd.o(.text)
    DMA1_Channel2_IRQHandler                 0x080005db   Thumb Code     0  startup_stm32f10x_hd.o(.text)
    DMA1_Channel3_IRQHandler                 0x080005db   Thumb Code     0  startup_stm32f10x_hd.o(.text)
    DMA1_Channel4_IRQHandler                 0x080005db   Thumb Code     0  startup_stm32f10x_hd.o(.text)
    DMA1_Channel5_IRQHandler                 0x080005db   Thumb Code     0  startup_stm32f10x_hd.o(.text)
    DMA1_Channel6_IRQHandler                 0x080005db   Thumb Code     0  startup_stm32f10x_hd.o(.text)
    DMA1_Channel7_IRQHandler                 0x080005db   Thumb Code     0  startup_stm32f10x_hd.o(.text)
    DMA2_Channel1_IRQHandler                 0x080005db   Thumb Code     0  startup_stm32f10x_hd.o(.text)
    DMA2_Channel2_IRQHandler                 0x080005db   Thumb Code     0  startup_stm32f10x_hd.o(.text)
    DMA2_Channel3_IRQHandler                 0x080005db   Thumb Code     0  startup_stm32f10x_hd.o(.text)
    DMA2_Channel4_5_IRQHandler               0x080005db   Thumb Code     0  startup_stm32f10x_hd.o(.text)
    EXTI0_IRQHandler                         0x080005db   Thumb Code     0  startup_stm32f10x_hd.o(.text)
    EXTI15_10_IRQHandler                     0x080005db   Thumb Code     0  startup_stm32f10x_hd.o(.text)
    EXTI1_IRQHandler                         0x080005db   Thumb Code     0  startup_stm32f10x_hd.o(.text)
    EXTI2_IRQHandler                         0x080005db   Thumb Code     0  startup_stm32f10x_hd.o(.text)
    EXTI3_IRQHandler                         0x080005db   Thumb Code     0  startup_stm32f10x_hd.o(.text)
    EXTI4_IRQHandler                         0x080005db   Thumb Code     0  startup_stm32f10x_hd.o(.text)
    EXTI9_5_IRQHandler                       0x080005db   Thumb Code     0  startup_stm32f10x_hd.o(.text)
    FLASH_IRQHandler                         0x080005db   Thumb Code     0  startup_stm32f10x_hd.o(.text)
    FSMC_IRQHandler                          0x080005db   Thumb Code     0  startup_stm32f10x_hd.o(.text)
    I2C1_ER_IRQHandler                       0x080005db   Thumb Code     0  startup_stm32f10x_hd.o(.text)
    I2C1_EV_IRQHandler                       0x080005db   Thumb Code     0  startup_stm32f10x_hd.o(.text)
    I2C2_ER_IRQHandler                       0x080005db   Thumb Code     0  startup_stm32f10x_hd.o(.text)
    I2C2_EV_IRQHandler                       0x080005db   Thumb Code     0  startup_stm32f10x_hd.o(.text)
    PVD_IRQHandler                           0x080005db   Thumb Code     0  startup_stm32f10x_hd.o(.text)
    RCC_IRQHandler                           0x080005db   Thumb Code     0  startup_stm32f10x_hd.o(.text)
    RTCAlarm_IRQHandler                      0x080005db   Thumb Code     0  startup_stm32f10x_hd.o(.text)
    SDIO_IRQHandler                          0x080005db   Thumb Code     0  startup_stm32f10x_hd.o(.text)
    SPI1_IRQHandler                          0x080005db   Thumb Code     0  startup_stm32f10x_hd.o(.text)
    SPI2_IRQHandler                          0x080005db   Thumb Code     0  startup_stm32f10x_hd.o(.text)
    SPI3_IRQHandler                          0x080005db   Thumb Code     0  startup_stm32f10x_hd.o(.text)
    TAMPER_IRQHandler                        0x080005db   Thumb Code     0  startup_stm32f10x_hd.o(.text)
    TIM1_BRK_IRQHandler                      0x080005db   Thumb Code     0  startup_stm32f10x_hd.o(.text)
    TIM1_CC_IRQHandler                       0x080005db   Thumb Code     0  startup_stm32f10x_hd.o(.text)
    TIM1_TRG_COM_IRQHandler                  0x080005db   Thumb Code     0  startup_stm32f10x_hd.o(.text)
    TIM1_UP_IRQHandler                       0x080005db   Thumb Code     0  startup_stm32f10x_hd.o(.text)
    TIM2_IRQHandler                          0x080005db   Thumb Code     0  startup_stm32f10x_hd.o(.text)
    TIM3_IRQHandler                          0x080005db   Thumb Code     0  startup_stm32f10x_hd.o(.text)
    TIM4_IRQHandler                          0x080005db   Thumb Code     0  startup_stm32f10x_hd.o(.text)
    TIM8_BRK_IRQHandler                      0x080005db   Thumb Code     0  startup_stm32f10x_hd.o(.text)
    TIM8_CC_IRQHandler                       0x080005db   Thumb Code     0  startup_stm32f10x_hd.o(.text)
    TIM8_TRG_COM_IRQHandler                  0x080005db   Thumb Code     0  startup_stm32f10x_hd.o(.text)
    TIM8_UP_IRQHandler                       0x080005db   Thumb Code     0  startup_stm32f10x_hd.o(.text)
    UART4_IRQHandler                         0x080005db   Thumb Code     0  startup_stm32f10x_hd.o(.text)
    UART5_IRQHandler                         0x080005db   Thumb Code     0  startup_stm32f10x_hd.o(.text)
    USART2_IRQHandler                        0x080005db   Thumb Code     0  startup_stm32f10x_hd.o(.text)
    USBWakeUp_IRQHandler                     0x080005db   Thumb Code     0  startup_stm32f10x_hd.o(.text)
    USB_HP_CAN1_TX_IRQHandler                0x080005db   Thumb Code     0  startup_stm32f10x_hd.o(.text)
    USB_LP_CAN1_RX0_IRQHandler               0x080005db   Thumb Code     0  startup_stm32f10x_hd.o(.text)
    WWDG_IRQHandler                          0x080005db   Thumb Code     0  startup_stm32f10x_hd.o(.text)
    __user_initial_stackheap                 0x080005dd   Thumb Code     0  startup_stm32f10x_hd.o(.text)
    NVIC_PriorityGroupConfig                 0x08000601   Thumb Code    10  misc.o(.text)
    NVIC_Init                                0x0800060b   Thumb Code   100  misc.o(.text)
    NVIC_SetVectorTable                      0x0800066f   Thumb Code    14  misc.o(.text)
    NVIC_SystemLPConfig                      0x0800067d   Thumb Code    34  misc.o(.text)
    SysTick_CLKSourceConfig                  0x0800069f   Thumb Code    40  misc.o(.text)
    BKP_DeInit                               0x080006dd   Thumb Code    16  stm32f10x_bkp.o(.text)
    BKP_TamperPinLevelConfig                 0x080006ed   Thumb Code     6  stm32f10x_bkp.o(.text)
    BKP_TamperPinCmd                         0x080006f3   Thumb Code     8  stm32f10x_bkp.o(.text)
    BKP_ITConfig                             0x080006fb   Thumb Code     8  stm32f10x_bkp.o(.text)
    BKP_RTCOutputConfig                      0x08000703   Thumb Code    22  stm32f10x_bkp.o(.text)
    BKP_SetRTCCalibrationValue               0x08000719   Thumb Code    22  stm32f10x_bkp.o(.text)
    BKP_WriteBackupRegister                  0x0800072f   Thumb Code    24  stm32f10x_bkp.o(.text)
    BKP_ReadBackupRegister                   0x08000747   Thumb Code    26  stm32f10x_bkp.o(.text)
    BKP_GetFlagStatus                        0x08000761   Thumb Code    10  stm32f10x_bkp.o(.text)
    BKP_ClearFlag                            0x0800076b   Thumb Code    18  stm32f10x_bkp.o(.text)
    BKP_GetITStatus                          0x0800077d   Thumb Code    10  stm32f10x_bkp.o(.text)
    BKP_ClearITPendingBit                    0x08000787   Thumb Code    18  stm32f10x_bkp.o(.text)
    GPIO_DeInit                              0x080007a1   Thumb Code   172  stm32f10x_gpio.o(.text)
    GPIO_AFIODeInit                          0x0800084d   Thumb Code    20  stm32f10x_gpio.o(.text)
    GPIO_Init                                0x08000861   Thumb Code   278  stm32f10x_gpio.o(.text)
    GPIO_StructInit                          0x08000977   Thumb Code    16  stm32f10x_gpio.o(.text)
    GPIO_ReadInputDataBit                    0x08000987   Thumb Code    18  stm32f10x_gpio.o(.text)
    GPIO_ReadInputData                       0x08000999   Thumb Code     8  stm32f10x_gpio.o(.text)
    GPIO_ReadOutputDataBit                   0x080009a1   Thumb Code    18  stm32f10x_gpio.o(.text)
    GPIO_ReadOutputData                      0x080009b3   Thumb Code     8  stm32f10x_gpio.o(.text)
    GPIO_SetBits                             0x080009bb   Thumb Code     4  stm32f10x_gpio.o(.text)
    GPIO_ResetBits                           0x080009bf   Thumb Code     4  stm32f10x_gpio.o(.text)
    GPIO_WriteBit                            0x080009c3   Thumb Code    10  stm32f10x_gpio.o(.text)
    GPIO_Write                               0x080009cd   Thumb Code     4  stm32f10x_gpio.o(.text)
    GPIO_PinLockConfig                       0x080009d1   Thumb Code    18  stm32f10x_gpio.o(.text)
    GPIO_EventOutputConfig                   0x080009e3   Thumb Code    26  stm32f10x_gpio.o(.text)
    GPIO_EventOutputCmd                      0x080009fd   Thumb Code     6  stm32f10x_gpio.o(.text)
    GPIO_PinRemapConfig                      0x08000a03   Thumb Code   138  stm32f10x_gpio.o(.text)
    GPIO_EXTILineConfig                      0x08000a8d   Thumb Code    66  stm32f10x_gpio.o(.text)
    GPIO_ETH_MediaInterfaceConfig            0x08000acf   Thumb Code     8  stm32f10x_gpio.o(.text)
    PWR_DeInit                               0x08000afd   Thumb Code    22  stm32f10x_pwr.o(.text)
    PWR_BackupAccessCmd                      0x08000b13   Thumb Code     6  stm32f10x_pwr.o(.text)
    PWR_PVDCmd                               0x08000b19   Thumb Code     6  stm32f10x_pwr.o(.text)
    PWR_PVDLevelConfig                       0x08000b1f   Thumb Code    18  stm32f10x_pwr.o(.text)
    PWR_WakeUpPinCmd                         0x08000b31   Thumb Code     8  stm32f10x_pwr.o(.text)
    PWR_EnterSTOPMode                        0x08000b39   Thumb Code    54  stm32f10x_pwr.o(.text)
    PWR_EnterSTANDBYMode                     0x08000b6f   Thumb Code    42  stm32f10x_pwr.o(.text)
    PWR_GetFlagStatus                        0x08000b99   Thumb Code    20  stm32f10x_pwr.o(.text)
    PWR_ClearFlag                            0x08000bad   Thumb Code    14  stm32f10x_pwr.o(.text)
    RCC_DeInit                               0x08000bc9   Thumb Code    64  stm32f10x_rcc.o(.text)
    RCC_HSEConfig                            0x08000c09   Thumb Code    70  stm32f10x_rcc.o(.text)
    RCC_GetFlagStatus                        0x08000c4f   Thumb Code    56  stm32f10x_rcc.o(.text)
    RCC_WaitForHSEStartUp                    0x08000c87   Thumb Code    56  stm32f10x_rcc.o(.text)
    RCC_AdjustHSICalibrationValue            0x08000cbf   Thumb Code    20  stm32f10x_rcc.o(.text)
    RCC_HSICmd                               0x08000cd3   Thumb Code     6  stm32f10x_rcc.o(.text)
    RCC_PLLConfig                            0x08000cd9   Thumb Code    24  stm32f10x_rcc.o(.text)
    RCC_PLLCmd                               0x08000cf1   Thumb Code     6  stm32f10x_rcc.o(.text)
    RCC_SYSCLKConfig                         0x08000cf7   Thumb Code    18  stm32f10x_rcc.o(.text)
    RCC_GetSYSCLKSource                      0x08000d09   Thumb Code    10  stm32f10x_rcc.o(.text)
    RCC_HCLKConfig                           0x08000d13   Thumb Code    18  stm32f10x_rcc.o(.text)
    RCC_PCLK1Config                          0x08000d25   Thumb Code    18  stm32f10x_rcc.o(.text)
    RCC_PCLK2Config                          0x08000d37   Thumb Code    20  stm32f10x_rcc.o(.text)
    RCC_ITConfig                             0x08000d4b   Thumb Code    26  stm32f10x_rcc.o(.text)
    RCC_USBCLKConfig                         0x08000d65   Thumb Code     8  stm32f10x_rcc.o(.text)
    RCC_ADCCLKConfig                         0x08000d6d   Thumb Code    18  stm32f10x_rcc.o(.text)
    RCC_LSEConfig                            0x08000d7f   Thumb Code    50  stm32f10x_rcc.o(.text)
    RCC_LSICmd                               0x08000db1   Thumb Code     6  stm32f10x_rcc.o(.text)
    RCC_RTCCLKConfig                         0x08000db7   Thumb Code    12  stm32f10x_rcc.o(.text)
    RCC_RTCCLKCmd                            0x08000dc3   Thumb Code     8  stm32f10x_rcc.o(.text)
    RCC_GetClocksFreq                        0x08000dcb   Thumb Code   192  stm32f10x_rcc.o(.text)
    RCC_AHBPeriphClockCmd                    0x08000e8b   Thumb Code    26  stm32f10x_rcc.o(.text)
    RCC_APB2PeriphClockCmd                   0x08000ea5   Thumb Code    26  stm32f10x_rcc.o(.text)
    RCC_APB1PeriphClockCmd                   0x08000ebf   Thumb Code    26  stm32f10x_rcc.o(.text)
    RCC_APB2PeriphResetCmd                   0x08000ed9   Thumb Code    26  stm32f10x_rcc.o(.text)
    RCC_APB1PeriphResetCmd                   0x08000ef3   Thumb Code    26  stm32f10x_rcc.o(.text)
    RCC_BackupResetCmd                       0x08000f0d   Thumb Code     8  stm32f10x_rcc.o(.text)
    RCC_ClockSecuritySystemCmd               0x08000f15   Thumb Code     6  stm32f10x_rcc.o(.text)
    RCC_MCOConfig                            0x08000f1b   Thumb Code     6  stm32f10x_rcc.o(.text)
    RCC_ClearFlag                            0x08000f21   Thumb Code    14  stm32f10x_rcc.o(.text)
    RCC_GetITStatus                          0x08000f2f   Thumb Code    20  stm32f10x_rcc.o(.text)
    RCC_ClearITPendingBit                    0x08000f43   Thumb Code     6  stm32f10x_rcc.o(.text)
    RTC_ITConfig                             0x08000f6d   Thumb Code    26  stm32f10x_rtc.o(.text)
    RTC_EnterConfigMode                      0x08000f87   Thumb Code    18  stm32f10x_rtc.o(.text)
    RTC_ExitConfigMode                       0x08000f99   Thumb Code    20  stm32f10x_rtc.o(.text)
    RTC_GetCounter                           0x08000fad   Thumb Code    18  stm32f10x_rtc.o(.text)
    RTC_SetCounter                           0x08000fbf   Thumb Code    26  stm32f10x_rtc.o(.text)
    RTC_SetPrescaler                         0x08000fd9   Thumb Code    28  stm32f10x_rtc.o(.text)
    RTC_SetAlarm                             0x08000ff5   Thumb Code    26  stm32f10x_rtc.o(.text)
    RTC_GetDivider                           0x0800100f   Thumb Code    22  stm32f10x_rtc.o(.text)
    RTC_WaitForLastTask                      0x08001025   Thumb Code    18  stm32f10x_rtc.o(.text)
    RTC_WaitForSynchro                       0x08001037   Thumb Code    36  stm32f10x_rtc.o(.text)
    RTC_GetFlagStatus                        0x0800105b   Thumb Code    22  stm32f10x_rtc.o(.text)
    RTC_ClearFlag                            0x08001071   Thumb Code    16  stm32f10x_rtc.o(.text)
    RTC_GetITStatus                          0x08001081   Thumb Code    32  stm32f10x_rtc.o(.text)
    RTC_ClearITPendingBit                    0x080010a1   Thumb Code    16  stm32f10x_rtc.o(.text)
    TIM_DeInit                               0x080010b5   Thumb Code   424  stm32f10x_tim.o(.text)
    TIM_TimeBaseInit                         0x0800125d   Thumb Code   122  stm32f10x_tim.o(.text)
    TIM_OC1Init                              0x080012d7   Thumb Code   132  stm32f10x_tim.o(.text)
    TIM_OC2Init                              0x0800135b   Thumb Code   154  stm32f10x_tim.o(.text)
    TIM_OC3Init                              0x080013f5   Thumb Code   150  stm32f10x_tim.o(.text)
    TIM_OC4Init                              0x0800148b   Thumb Code   182  stm32f10x_tim.o(.text)
    TIM_SetIC4Prescaler                      0x08001541   Thumb Code    26  stm32f10x_tim.o(.text)
    TIM_SetIC3Prescaler                      0x080015dd   Thumb Code    18  stm32f10x_tim.o(.text)
    TIM_SetIC2Prescaler                      0x08001669   Thumb Code    26  stm32f10x_tim.o(.text)
    TIM_SetIC1Prescaler                      0x08001705   Thumb Code    18  stm32f10x_tim.o(.text)
    TIM_ICInit                               0x08001783   Thumb Code   150  stm32f10x_tim.o(.text)
    TIM_PWMIConfig                           0x08001819   Thumb Code   124  stm32f10x_tim.o(.text)
    TIM_BDTRConfig                           0x08001895   Thumb Code    32  stm32f10x_tim.o(.text)
    TIM_TimeBaseStructInit                   0x080018b5   Thumb Code    18  stm32f10x_tim.o(.text)
    TIM_OCStructInit                         0x080018c7   Thumb Code    20  stm32f10x_tim.o(.text)
    TIM_ICStructInit                         0x080018db   Thumb Code    18  stm32f10x_tim.o(.text)
    TIM_BDTRStructInit                       0x080018ed   Thumb Code    40  stm32f10x_tim.o(.text)
    TIM_Cmd                                  0x08001915   Thumb Code    24  stm32f10x_tim.o(.text)
    TIM_CtrlPWMOutputs                       0x0800192d   Thumb Code    30  stm32f10x_tim.o(.text)
    TIM_ITConfig                             0x0800194b   Thumb Code    18  stm32f10x_tim.o(.text)
    TIM_GenerateEvent                        0x0800195d   Thumb Code     4  stm32f10x_tim.o(.text)
    TIM_DMAConfig                            0x08001961   Thumb Code    10  stm32f10x_tim.o(.text)
    TIM_DMACmd                               0x0800196b   Thumb Code    18  stm32f10x_tim.o(.text)
    TIM_InternalClockConfig                  0x0800197d   Thumb Code    12  stm32f10x_tim.o(.text)
    TIM_SelectInputTrigger                   0x08001989   Thumb Code    18  stm32f10x_tim.o(.text)
    TIM_ITRxExternalClockConfig              0x0800199b   Thumb Code    24  stm32f10x_tim.o(.text)
    TIM_TIxExternalClockConfig               0x080019b3   Thumb Code    62  stm32f10x_tim.o(.text)
    TIM_ETRConfig                            0x080019f1   Thumb Code    28  stm32f10x_tim.o(.text)
    TIM_ETRClockMode1Config                  0x08001a0d   Thumb Code    54  stm32f10x_tim.o(.text)
    TIM_ETRClockMode2Config                  0x08001a43   Thumb Code    32  stm32f10x_tim.o(.text)
    TIM_PrescalerConfig                      0x08001a63   Thumb Code     6  stm32f10x_tim.o(.text)
    TIM_CounterModeConfig                    0x08001a69   Thumb Code    18  stm32f10x_tim.o(.text)
    TIM_EncoderInterfaceConfig               0x08001a7b   Thumb Code    66  stm32f10x_tim.o(.text)
    TIM_ForcedOC1Config                      0x08001abd   Thumb Code    18  stm32f10x_tim.o(.text)
    TIM_ForcedOC2Config                      0x08001acf   Thumb Code    26  stm32f10x_tim.o(.text)
    TIM_ForcedOC3Config                      0x08001ae9   Thumb Code    18  stm32f10x_tim.o(.text)
    TIM_ForcedOC4Config                      0x08001afb   Thumb Code    26  stm32f10x_tim.o(.text)
    TIM_ARRPreloadConfig                     0x08001b15   Thumb Code    24  stm32f10x_tim.o(.text)
    TIM_SelectCOM                            0x08001b2d   Thumb Code    24  stm32f10x_tim.o(.text)
    TIM_SelectCCDMA                          0x08001b45   Thumb Code    24  stm32f10x_tim.o(.text)
    TIM_CCPreloadControl                     0x08001b5d   Thumb Code    24  stm32f10x_tim.o(.text)
    TIM_OC1PreloadConfig                     0x08001b75   Thumb Code    18  stm32f10x_tim.o(.text)
    TIM_OC2PreloadConfig                     0x08001b87   Thumb Code    26  stm32f10x_tim.o(.text)
    TIM_OC3PreloadConfig                     0x08001ba1   Thumb Code    18  stm32f10x_tim.o(.text)
    TIM_OC4PreloadConfig                     0x08001bb3   Thumb Code    26  stm32f10x_tim.o(.text)
    TIM_OC1FastConfig                        0x08001bcd   Thumb Code    18  stm32f10x_tim.o(.text)
    TIM_OC2FastConfig                        0x08001bdf   Thumb Code    26  stm32f10x_tim.o(.text)
    TIM_OC3FastConfig                        0x08001bf9   Thumb Code    18  stm32f10x_tim.o(.text)
    TIM_OC4FastConfig                        0x08001c0b   Thumb Code    26  stm32f10x_tim.o(.text)
    TIM_ClearOC1Ref                          0x08001c25   Thumb Code    18  stm32f10x_tim.o(.text)
    TIM_ClearOC2Ref                          0x08001c37   Thumb Code    24  stm32f10x_tim.o(.text)
    TIM_ClearOC3Ref                          0x08001c4f   Thumb Code    18  stm32f10x_tim.o(.text)
    TIM_ClearOC4Ref                          0x08001c61   Thumb Code    24  stm32f10x_tim.o(.text)
    TIM_OC1PolarityConfig                    0x08001c79   Thumb Code    18  stm32f10x_tim.o(.text)
    TIM_OC1NPolarityConfig                   0x08001c8b   Thumb Code    18  stm32f10x_tim.o(.text)
    TIM_OC2PolarityConfig                    0x08001c9d   Thumb Code    26  stm32f10x_tim.o(.text)
    TIM_OC2NPolarityConfig                   0x08001cb7   Thumb Code    26  stm32f10x_tim.o(.text)
    TIM_OC3PolarityConfig                    0x08001cd1   Thumb Code    26  stm32f10x_tim.o(.text)
    TIM_OC3NPolarityConfig                   0x08001ceb   Thumb Code    26  stm32f10x_tim.o(.text)
    TIM_OC4PolarityConfig                    0x08001d05   Thumb Code    26  stm32f10x_tim.o(.text)
    TIM_CCxCmd                               0x08001d1f   Thumb Code    30  stm32f10x_tim.o(.text)
    TIM_CCxNCmd                              0x08001d3d   Thumb Code    30  stm32f10x_tim.o(.text)
    TIM_SelectOCxM                           0x08001d5b   Thumb Code    82  stm32f10x_tim.o(.text)
    TIM_UpdateDisableConfig                  0x08001dad   Thumb Code    24  stm32f10x_tim.o(.text)
    TIM_UpdateRequestConfig                  0x08001dc5   Thumb Code    24  stm32f10x_tim.o(.text)
    TIM_SelectHallSensor                     0x08001ddd   Thumb Code    24  stm32f10x_tim.o(.text)
    TIM_SelectOnePulseMode                   0x08001df5   Thumb Code    18  stm32f10x_tim.o(.text)
    TIM_SelectOutputTrigger                  0x08001e07   Thumb Code    18  stm32f10x_tim.o(.text)
    TIM_SelectSlaveMode                      0x08001e19   Thumb Code    18  stm32f10x_tim.o(.text)
    TIM_SelectMasterSlaveMode                0x08001e2b   Thumb Code    18  stm32f10x_tim.o(.text)
    TIM_SetCounter                           0x08001e3d   Thumb Code     4  stm32f10x_tim.o(.text)
    TIM_SetAutoreload                        0x08001e41   Thumb Code     4  stm32f10x_tim.o(.text)
    TIM_SetCompare1                          0x08001e45   Thumb Code     4  stm32f10x_tim.o(.text)
    TIM_SetCompare2                          0x08001e49   Thumb Code     4  stm32f10x_tim.o(.text)
    TIM_SetCompare3                          0x08001e4d   Thumb Code     4  stm32f10x_tim.o(.text)
    TIM_SetCompare4                          0x08001e51   Thumb Code     6  stm32f10x_tim.o(.text)
    TIM_SetClockDivision                     0x08001e57   Thumb Code    18  stm32f10x_tim.o(.text)
    TIM_GetCapture1                          0x08001e69   Thumb Code     6  stm32f10x_tim.o(.text)
    TIM_GetCapture2                          0x08001e6f   Thumb Code     6  stm32f10x_tim.o(.text)
    TIM_GetCapture3                          0x08001e75   Thumb Code     6  stm32f10x_tim.o(.text)
    TIM_GetCapture4                          0x08001e7b   Thumb Code     8  stm32f10x_tim.o(.text)
    TIM_GetCounter                           0x08001e83   Thumb Code     6  stm32f10x_tim.o(.text)
    TIM_GetPrescaler                         0x08001e89   Thumb Code     6  stm32f10x_tim.o(.text)
    TIM_GetFlagStatus                        0x08001e8f   Thumb Code    18  stm32f10x_tim.o(.text)
    TIM_ClearFlag                            0x08001ea1   Thumb Code     6  stm32f10x_tim.o(.text)
    TIM_GetITStatus                          0x08001ea7   Thumb Code    34  stm32f10x_tim.o(.text)
    TIM_ClearITPendingBit                    0x08001ec9   Thumb Code     6  stm32f10x_tim.o(.text)
    USART_DeInit                             0x08001ed1   Thumb Code   134  stm32f10x_usart.o(.text)
    USART_Init                               0x08001f57   Thumb Code   210  stm32f10x_usart.o(.text)
    USART_StructInit                         0x08002029   Thumb Code    24  stm32f10x_usart.o(.text)
    USART_ClockInit                          0x08002041   Thumb Code    34  stm32f10x_usart.o(.text)
    USART_ClockStructInit                    0x08002063   Thumb Code    12  stm32f10x_usart.o(.text)
    USART_Cmd                                0x0800206f   Thumb Code    24  stm32f10x_usart.o(.text)
    USART_ITConfig                           0x08002087   Thumb Code    74  stm32f10x_usart.o(.text)
    USART_DMACmd                             0x080020d1   Thumb Code    18  stm32f10x_usart.o(.text)
    USART_SetAddress                         0x080020e3   Thumb Code    18  stm32f10x_usart.o(.text)
    USART_WakeUpConfig                       0x080020f5   Thumb Code    18  stm32f10x_usart.o(.text)
    USART_ReceiverWakeUpCmd                  0x08002107   Thumb Code    24  stm32f10x_usart.o(.text)
    USART_LINBreakDetectLengthConfig         0x0800211f   Thumb Code    18  stm32f10x_usart.o(.text)
    USART_LINCmd                             0x08002131   Thumb Code    24  stm32f10x_usart.o(.text)
    USART_SendData                           0x08002149   Thumb Code     8  stm32f10x_usart.o(.text)
    USART_ReceiveData                        0x08002151   Thumb Code    10  stm32f10x_usart.o(.text)
    USART_SendBreak                          0x0800215b   Thumb Code    10  stm32f10x_usart.o(.text)
    USART_SetGuardTime                       0x08002165   Thumb Code    16  stm32f10x_usart.o(.text)
    USART_SetPrescaler                       0x08002175   Thumb Code    16  stm32f10x_usart.o(.text)
    USART_SmartCardCmd                       0x08002185   Thumb Code    24  stm32f10x_usart.o(.text)
    USART_SmartCardNACKCmd                   0x0800219d   Thumb Code    24  stm32f10x_usart.o(.text)
    USART_HalfDuplexCmd                      0x080021b5   Thumb Code    24  stm32f10x_usart.o(.text)
    USART_OverSampling8Cmd                   0x080021cd   Thumb Code    22  stm32f10x_usart.o(.text)
    USART_OneBitMethodCmd                    0x080021e3   Thumb Code    24  stm32f10x_usart.o(.text)
    USART_IrDAConfig                         0x080021fb   Thumb Code    18  stm32f10x_usart.o(.text)
    USART_IrDACmd                            0x0800220d   Thumb Code    24  stm32f10x_usart.o(.text)
    USART_GetFlagStatus                      0x08002225   Thumb Code    26  stm32f10x_usart.o(.text)
    USART_ClearFlag                          0x0800223f   Thumb Code    18  stm32f10x_usart.o(.text)
    USART_GetITStatus                        0x08002251   Thumb Code    84  stm32f10x_usart.o(.text)
    USART_ClearITPendingBit                  0x080022a5   Thumb Code    52  stm32f10x_usart.o(.text)
    delay_init                               0x080022d9   Thumb Code    92  delay.o(.text)
    delay_us                                 0x08002335   Thumb Code    72  delay.o(.text)
    delay_ms                                 0x0800237d   Thumb Code    32  delay.o(.text)
    TimingDelay_Decrement                    0x0800239d   Thumb Code    18  delay.o(.text)
    SIM800_Send_Cmd                          0x080023c5   Thumb Code   122  sim800.o(.text)
    Check_Module                             0x0800243f   Thumb Code    58  sim800.o(.text)
    Disable_Echo                             0x08002479   Thumb Code    66  sim800.o(.text)
    Check_Network                            0x080024bb   Thumb Code    60  sim800.o(.text)
    Check_SIM_Card                           0x080024f7   Thumb Code    76  sim800.o(.text)
    Check_OPS                                0x08002543   Thumb Code    60  sim800.o(.text)
    Check_CSQ                                0x0800257f   Thumb Code   162  sim800.o(.text)
    Get_ICCID                                0x08002621   Thumb Code   128  sim800.o(.text)
    Link_Server_AT                           0x080026a1   Thumb Code   186  sim800.o(.text)
    SIM800_GPRS_ON                           0x0800275b   Thumb Code    32  sim800.o(.text)
    SIM800_GPRS_OFF                          0x0800277b   Thumb Code   342  sim800.o(.text)
    SIM800_GPRS_Adhere                       0x080028d1   Thumb Code    70  sim800.o(.text)
    SIM800_GPRS_Set                          0x08002917   Thumb Code    70  sim800.o(.text)
    SIM800_GPRS_Dispaly_IP                   0x0800295d   Thumb Code    62  sim800.o(.text)
    SIM800_GPRS_CIPSHUT                      0x0800299b   Thumb Code    72  sim800.o(.text)
    SIM800_GPRS_CGCLASS                      0x080029e3   Thumb Code    70  sim800.o(.text)
    SIM800_GPRS_CGDCONT                      0x08002a29   Thumb Code    70  sim800.o(.text)
    SAPBR3                                   0x08002a6f   Thumb Code    24  sim800.o(.text)
    SAPBR2                                   0x08002a87   Thumb Code    24  sim800.o(.text)
    SAPBR1                                   0x08002a9f   Thumb Code    24  sim800.o(.text)
    Link_ntp_srver                           0x08002ab7   Thumb Code    24  sim800.o(.text)
    ntptime                                  0x08002acf   Thumb Code    22  sim800.o(.text)
    closebearer                              0x08002ae5   Thumb Code    24  sim800.o(.text)
    OPENbearer                               0x08002afd   Thumb Code    24  sim800.o(.text)
    qureybearer                              0x08002b15   Thumb Code    22  sim800.o(.text)
    Send_Data_To_Server                      0x08002b2b   Thumb Code   124  sim800.o(.text)
    SIM800_CMGF_Set                          0x08002ba7   Thumb Code    70  sim800.o(.text)
    SIM800_CSMP_Set                          0x08002bed   Thumb Code    68  sim800.o(.text)
    SIM800_CSCS_Set                          0x08002c31   Thumb Code    68  sim800.o(.text)
    SIM800_SMS_Create                        0x08002c75   Thumb Code   496  sim800.o(.text)
    SIM800_SMS_Notif                         0x08002e65   Thumb Code   140  sim800.o(.text)
    SIM800_Link_Server_AT                    0x08002ef1   Thumb Code   162  sim800.o(.text)
    SIM800_Link_Server_Powerkey              0x08002f93   Thumb Code    32  sim800.o(.text)
    SIM800_Link_Server                       0x08002fb3   Thumb Code    32  sim800.o(.text)
    Check_Xor_Sum                            0x08002fd3   Thumb Code    30  sim800.o(.text)
    SendPost_Server                          0x08002ff1   Thumb Code    34  sim800.o(.text)
    SIM800_ntpserver                         0x08003013   Thumb Code   314  sim800.o(.text)
    ByteToHexStr                             0x080031b9   Thumb Code    78  send.o(.text)
    packagedata                              0x08003207   Thumb Code   156  send.o(.text)
    packagepost                              0x080032a3   Thumb Code    88  send.o(.text)
    clear                                    0x080032fb   Thumb Code    32  send.o(.text)
    usart2_init                              0x080033e1   Thumb Code   154  usart2.o(.text)
    fputc                                    0x0800347b   Thumb Code    32  usart2.o(.text)
    USART2_printf                            0x0800349b   Thumb Code    80  usart2.o(.text)
    USART3_IRQHandler                        0x080034f9   Thumb Code    92  usart3.o(.text)
    usart3_init                              0x08003555   Thumb Code   188  usart3.o(.text)
    u3_printf                                0x08003611   Thumb Code    90  usart3.o(.text)
    Clear_Usart3                             0x0800366b   Thumb Code    20  usart3.o(.text)
    TIM6_IRQHandler                          0x080036a1   Thumb Code    72  timer.o(.text)
    TIM7_IRQHandler                          0x080036e9   Thumb Code   186  timer.o(.text)
    TIM5_IRQHandler                          0x080037a3   Thumb Code    82  timer.o(.text)
    TIM6_Int_Init                            0x080037f5   Thumb Code    82  timer.o(.text)
    TIM7_Int_Init                            0x08003847   Thumb Code    90  timer.o(.text)
    TIM5_Int_Init                            0x080038a1   Thumb Code    80  timer.o(.text)
    com_485_send                             0x08003961   Thumb Code    68  mod.o(.text)
    mc_check_crc16                           0x080039a5   Thumb Code    62  mod.o(.text)
    Modbus_CRC16                             0x080039e3   Thumb Code    50  mod.o(.text)
    read_hold_register_03                    0x08003a15   Thumb Code   174  mod.o(.text)
    Mod_USARTx_Config                        0x08003add   Thumb Code   162  usart_mod.o(.text)
    modbus_rev_deal                          0x08003b7f   Thumb Code    74  usart_mod.o(.text)
    USART1_IRQHandler                        0x08003bc9   Thumb Code   194  usart_mod.o(.text)
    SysTick_Handler                          0x08003c8b   Thumb Code   128  usart_mod.o(.text)
    claer                                    0x08003d0b   Thumb Code    38  usart_mod.o(.text)
    Is_Leap_Year                             0x08003d3d   Thumb Code    58  rtc.o(.text)
    Time_Update                              0x08003d77   Thumb Code   172  rtc.o(.text)
    Time_Set                                 0x08003e23   Thumb Code    24  rtc.o(.text)
    Init_RTC                                 0x08003e3b   Thumb Code   154  rtc.o(.text)
    Time_Get                                 0x08003ed5   Thumb Code   224  rtc.o(.text)
    RTC_Get_Week                             0x08003fb5   Thumb Code   116  rtc.o(.text)
    RTC_IRQHandler                           0x08004029   Thumb Code    40  rtc.o(.text)
    r_defalutconfig                          0x0800406d   Thumb Code    34  readconfig.o(.text)
    __c89vsprintf                            0x080040c1   Thumb Code    32  c89vsprintf.o(.text)
    __c89vsnprintf                           0x080040e5   Thumb Code    48  c89vsnprintf.o(.text)
    __2sprintf                               0x08004119   Thumb Code    38  __2sprintf.o(.text)
    _printf_pre_padding                      0x08004145   Thumb Code    44  _printf_pad.o(.text)
    _printf_post_padding                     0x08004171   Thumb Code    34  _printf_pad.o(.text)
    _printf_str                              0x08004193   Thumb Code    82  _printf_str.o(.text)
    _printf_int_dec                          0x080041e5   Thumb Code   104  _printf_dec.o(.text)
    __printf                                 0x0800425d   Thumb Code   388  __printf_flags_ss_wp.o(.text)
    atoi                                     0x080043e5   Thumb Code    26  atoi.o(.text)
    strstr                                   0x080043ff   Thumb Code    36  strstr.o(.text)
    strcpy                                   0x08004423   Thumb Code    72  strcpy.o(.text)
    strlen                                   0x0800446b   Thumb Code    62  strlen.o(.text)
    __aeabi_memcpy4                          0x080044a9   Thumb Code     0  rt_memcpy_w.o(.text)
    __aeabi_memcpy8                          0x080044a9   Thumb Code     0  rt_memcpy_w.o(.text)
    __rt_memcpy_w                            0x080044a9   Thumb Code   100  rt_memcpy_w.o(.text)
    _memcpy_lastbytes_aligned                0x080044f1   Thumb Code     0  rt_memcpy_w.o(.text)
    __aeabi_memclr                           0x0800450d   Thumb Code     0  rt_memclr.o(.text)
    __rt_memclr                              0x0800450d   Thumb Code    68  rt_memclr.o(.text)
    _memset                                  0x08004511   Thumb Code     0  rt_memclr.o(.text)
    __aeabi_memclr4                          0x08004551   Thumb Code     0  rt_memclr_w.o(.text)
    __aeabi_memclr8                          0x08004551   Thumb Code     0  rt_memclr_w.o(.text)
    __rt_memclr_w                            0x08004551   Thumb Code    78  rt_memclr_w.o(.text)
    _memset_w                                0x08004555   Thumb Code     0  rt_memclr_w.o(.text)
    strncpy                                  0x0800459f   Thumb Code    86  strncpy.o(.text)
    __use_two_region_memory                  0x080045f5   Thumb Code     2  heapauxi.o(.text)
    __rt_heap_escrow$2region                 0x080045f7   Thumb Code     2  heapauxi.o(.text)
    __rt_heap_expand$2region                 0x080045f9   Thumb Code     2  heapauxi.o(.text)
    __aeabi_errno_addr                       0x080045fd   Thumb Code     8  rt_errno_addr_intlibspace.o(.text)
    __errno$intlibspace                      0x080045fd   Thumb Code     0  rt_errno_addr_intlibspace.o(.text)
    __rt_errno_addr$intlibspace              0x080045fd   Thumb Code     0  rt_errno_addr_intlibspace.o(.text)
    _printf_truncate_signed                  0x08004605   Thumb Code    18  _printf_truncate.o(.text)
    _printf_truncate_unsigned                0x08004617   Thumb Code    18  _printf_truncate.o(.text)
    _printf_int_common                       0x08004629   Thumb Code   178  _printf_intcommon.o(.text)
    _printf_charcount                        0x080046db   Thumb Code    40  _printf_charcount.o(.text)
    _printf_char_common                      0x0800470f   Thumb Code    32  _printf_char_common.o(.text)
    _sputc                                   0x08004735   Thumb Code    10  _sputc.o(.text)
    _snputc                                  0x0800473f   Thumb Code    16  _snputc.o(.text)
    _printf_cs_common                        0x0800474f   Thumb Code    20  _printf_char.o(.text)
    _printf_char                             0x08004763   Thumb Code    16  _printf_char.o(.text)
    _printf_string                           0x08004773   Thumb Code     8  _printf_char.o(.text)
    _printf_wctomb                           0x0800477d   Thumb Code   182  _printf_wctomb.o(.text)
    _printf_longlong_dec                     0x08004839   Thumb Code   108  _printf_longlong_dec.o(.text)
    _printf_longlong_oct                     0x080048b5   Thumb Code    66  _printf_oct_int_ll.o(.text)
    _printf_int_oct                          0x080048f7   Thumb Code    24  _printf_oct_int_ll.o(.text)
    _printf_ll_oct                           0x0800490f   Thumb Code    12  _printf_oct_int_ll.o(.text)
    _printf_longlong_hex                     0x08004925   Thumb Code    86  _printf_hex_int_ll_ptr.o(.text)
    _printf_int_hex                          0x0800497b   Thumb Code    28  _printf_hex_int_ll_ptr.o(.text)
    _printf_ll_hex                           0x08004997   Thumb Code    12  _printf_hex_int_ll_ptr.o(.text)
    _printf_hex_ptr                          0x080049a3   Thumb Code    18  _printf_hex_int_ll_ptr.o(.text)
    strtol                                   0x080049b9   Thumb Code   112  strtol.o(.text)
    __user_libspace                          0x08004a29   Thumb Code     8  libspace.o(.text)
    __user_perproc_libspace                  0x08004a29   Thumb Code     0  libspace.o(.text)
    __user_perthread_libspace                0x08004a29   Thumb Code     0  libspace.o(.text)
    __rt_ctype_table                         0x08004a31   Thumb Code    16  rt_ctype_table.o(.text)
    _ll_udiv10                               0x08004a41   Thumb Code   138  lludiv10.o(.text)
    __lib_sel_fp_printf                      0x08004acb   Thumb Code     2  _printf_fp_dec.o(.text)
    _printf_fp_dec_real                      0x08004c7d   Thumb Code   620  _printf_fp_dec.o(.text)
    _printf_lcs_common                       0x08004ee9   Thumb Code    20  _printf_wchar.o(.text)
    _printf_wchar                            0x08004efd   Thumb Code    16  _printf_wchar.o(.text)
    _printf_wstring                          0x08004f0d   Thumb Code     8  _printf_wchar.o(.text)
    _strtoul                                 0x08004f15   Thumb Code   158  _strtoul.o(.text)
    _wcrtomb                                 0x08004fb3   Thumb Code    64  _wcrtomb.o(.text)
    __user_setup_stackheap                   0x08004ff3   Thumb Code    74  sys_stackheap_outer.o(.text)
    __rt_locale                              0x0800503d   Thumb Code     8  rt_locale_intlibspace.o(.text)
    _printf_fp_infnan                        0x08005045   Thumb Code   112  _printf_fp_infnan.o(.text)
    _chval                                   0x080050c5   Thumb Code    28  _chval.o(.text)
    _btod_etento                             0x080050e1   Thumb Code   224  bigflt0.o(.text)
    exit                                     0x080051c5   Thumb Code    18  exit.o(.text)
    strcmp                                   0x080051d9   Thumb Code   128  strcmpv7m.o(.text)
    _sys_exit                                0x08005259   Thumb Code     8  sys_exit.o(.text)
    __I$use$semihosting                      0x08005265   Thumb Code     0  use_no_semi.o(.text)
    __use_no_semihosting_swi                 0x08005265   Thumb Code     2  use_no_semi.o(.text)
    __semihosting_library_function           0x08005267   Thumb Code     0  indicate_semi.o(.text)
    _btod_d2e                                0x08005267   Thumb Code    62  btod.o(CL$$btod_d2e)
    _d2e_denorm_low                          0x080052a5   Thumb Code    70  btod.o(CL$$btod_d2e_denorm_low)
    _d2e_norm_op1                            0x080052eb   Thumb Code    96  btod.o(CL$$btod_d2e_norm_op1)
    __btod_div_common                        0x0800534b   Thumb Code   696  btod.o(CL$$btod_div_common)
    _e2e                                     0x08005683   Thumb Code   220  btod.o(CL$$btod_e2e)
    _btod_ediv                               0x0800575f   Thumb Code    42  btod.o(CL$$btod_ediv)
    _btod_emul                               0x08005789   Thumb Code    42  btod.o(CL$$btod_emul)
    __btod_mult_common                       0x080057b3   Thumb Code   580  btod.o(CL$$btod_mult_common)
    __ARM_fpclassify                         0x080059f7   Thumb Code    40  fpclassify.o(i.__ARM_fpclassify)
    _is_digit                                0x08005a1f   Thumb Code    14  __printf_wp.o(i._is_digit)
    _get_lc_ctype                            0x08005a2d   Thumb Code    44  lc_ctype_c.o(locale$$code)
    _get_lc_numeric                          0x08005a59   Thumb Code    44  lc_numeric_c.o(locale$$code)
    _printf_fp_dec                           0x08005a85   Thumb Code     4  printf1.o(x$fpl$printf1)
    AUCHCRCHI                                0x08005a88   Data         256  mod.o(.constdata)
    __I$use$fp                               0x08005a88   Number         0  usenofp.o(x$fpl$usenofp)
    AUCHCRCLO                                0x08005b88   Data         256  mod.o(.constdata)
    table_week                               0x08005c88   Data          12  rtc.o(.constdata)
    mon_table                                0x08005c94   Data          12  rtc.o(.constdata)
    Region$$Table$$Base                      0x08005e80   Number         0  anon$$obj.o(Region$$Table)
    Region$$Table$$Limit                     0x08005ea0   Number         0  anon$$obj.o(Region$$Table)
    __ctype                                  0x08005ead   Data           0  lc_ctype_c.o(locale$$data)
    SystemCoreClock                          0x20000000   Data           4  system_stm32f10x.o(.data)
    AHBPrescTable                            0x20000004   Data          16  system_stm32f10x.o(.data)
    mode                                     0x20000030   Data           1  sim800.o(.data)
    modetbl                                  0x20000034   Data           8  sim800.o(.data)
    ipaddr                                   0x2000003c   Data           4  sim800.o(.data)
    port                                     0x20000040   Data           4  sim800.o(.data)
    post                                     0x20000044   Data           5  sim800.o(.data)
    msg_device                               0x2000004c   Data           4  sim800.o(.data)
    address                                  0x20000050   Data           2  send.o(.data)
    body_data_len                            0x20000052   Data           1  send.o(.data)
    ucTcpClosedFlag                          0x20000053   Data           1  send.o(.data)
    USART3_RX_STA                            0x20000054   Data           2  usart3.o(.data)
    readcount                                0x20000058   Data           4  timer.o(.data)
    timecount                                0x2000005c   Data           4  timer.o(.data)
    seccount                                 0x20000060   Data           4  timer.o(.data)
    mincount                                 0x20000064   Data           4  timer.o(.data)
    modbus_data                              0x20000068   Data           8  mod.o(.data)
    timer                                    0x20000070   Data           8  rtc.o(.data)
    device                                   0x2000007c   Data          76  main.o(.bss)
    strSIM800_Fram_Record                    0x200000c8   Data        2002  sim800.o(.bss)
    ICCID_BUF                                0x2000089a   Data          21  sim800.o(.bss)
    dev                                      0x200008b0   Data         324  sim800.o(.bss)
    senddata                                 0x200009f4   Data         320  send.o(.bss)
    jsondata                                 0x20000d05   Data         500  send.o(.bss)
    postdata                                 0x20000ef9   Data         380  send.o(.bss)
    USART3_RX_BUF                            0x20001075   Data         256  usart3.o(.bss)
    USART3_TX_BUF                            0x20001175   Data         256  usart3.o(.bss)
    usart_data                               0x20001278   Data         552  mod.o(.bss)
    newtimer                                 0x200014a0   Data          10  rtc.o(.bss)
    dev_config                               0x200014ac   Data          68  readconfig.o(.bss)
    datatemp                                 0x200014f0   Data          65  readconfig.o(.bss)
    defalut                                  0x20001531   Data          20  readconfig.o(.bss)
    __libspace_start                         0x20001548   Data          96  libspace.o(.bss)
    __temporary_stack_top$libspace           0x200015a8   Data           0  libspace.o(.bss)



==============================================================================

Memory Map of the image

  Image Entry point : 0x08000131

  Load Region LR_IROM1 (Base: 0x08000000, Size: 0x00006048, Max: 0x00080000, ABSOLUTE)

    Execution Region ER_IROM1 (Exec base: 0x08000000, Load base: 0x08000000, Size: 0x00005fcc, Max: 0x00080000, ABSOLUTE)

    Exec Addr    Load Addr    Size         Type   Attr      Idx    E Section Name        Object

    0x08000000   0x08000000   0x00000130   Data   RO          137    RESET               startup_stm32f10x_hd.o
    0x08000130   0x08000130   0x00000008   Code   RO          872  * !!!main             c_w.l(__main.o)
    0x08000138   0x08000138   0x00000034   Code   RO         1166    !!!scatter          c_w.l(__scatter.o)
    0x0800016c   0x0800016c   0x0000001a   Code   RO         1168    !!handler_copy      c_w.l(__scatter_copy.o)
    0x08000186   0x08000186   0x00000002   PAD
    0x08000188   0x08000188   0x0000001c   Code   RO         1170    !!handler_zi        c_w.l(__scatter_zi.o)
    0x080001a4   0x080001a4   0x00000000   Code   RO          853    .ARM.Collect$$_printf_percent$$00000000  c_w.l(_printf_percent.o)
    0x080001a4   0x080001a4   0x00000006   Code   RO          927    .ARM.Collect$$_printf_percent$$00000001  c_w.l(_printf_n.o)
    0x080001aa   0x080001aa   0x00000006   Code   RO          929    .ARM.Collect$$_printf_percent$$00000002  c_w.l(_printf_p.o)
    0x080001b0   0x080001b0   0x00000006   Code   RO          933    .ARM.Collect$$_printf_percent$$00000003  c_w.l(_printf_f.o)
    0x080001b6   0x080001b6   0x00000006   Code   RO          934    .ARM.Collect$$_printf_percent$$00000004  c_w.l(_printf_e.o)
    0x080001bc   0x080001bc   0x00000006   Code   RO          935    .ARM.Collect$$_printf_percent$$00000005  c_w.l(_printf_g.o)
    0x080001c2   0x080001c2   0x00000006   Code   RO          936    .ARM.Collect$$_printf_percent$$00000006  c_w.l(_printf_a.o)
    0x080001c8   0x080001c8   0x0000000a   Code   RO          941    .ARM.Collect$$_printf_percent$$00000007  c_w.l(_printf_ll.o)
    0x080001d2   0x080001d2   0x00000006   Code   RO          931    .ARM.Collect$$_printf_percent$$00000008  c_w.l(_printf_i.o)
    0x080001d8   0x080001d8   0x00000006   Code   RO          852    .ARM.Collect$$_printf_percent$$00000009  c_w.l(_printf_d.o)
    0x080001de   0x080001de   0x00000006   Code   RO          932    .ARM.Collect$$_printf_percent$$0000000A  c_w.l(_printf_u.o)
    0x080001e4   0x080001e4   0x00000006   Code   RO          930    .ARM.Collect$$_printf_percent$$0000000B  c_w.l(_printf_o.o)
    0x080001ea   0x080001ea   0x00000006   Code   RO          928    .ARM.Collect$$_printf_percent$$0000000C  c_w.l(_printf_x.o)
    0x080001f0   0x080001f0   0x00000006   Code   RO          938    .ARM.Collect$$_printf_percent$$0000000D  c_w.l(_printf_lli.o)
    0x080001f6   0x080001f6   0x00000006   Code   RO          939    .ARM.Collect$$_printf_percent$$0000000E  c_w.l(_printf_lld.o)
    0x080001fc   0x080001fc   0x00000006   Code   RO          940    .ARM.Collect$$_printf_percent$$0000000F  c_w.l(_printf_llu.o)
    0x08000202   0x08000202   0x00000006   Code   RO          945    .ARM.Collect$$_printf_percent$$00000010  c_w.l(_printf_llo.o)
    0x08000208   0x08000208   0x00000006   Code   RO          946    .ARM.Collect$$_printf_percent$$00000011  c_w.l(_printf_llx.o)
    0x0800020e   0x0800020e   0x0000000a   Code   RO          942    .ARM.Collect$$_printf_percent$$00000012  c_w.l(_printf_l.o)
    0x08000218   0x08000218   0x00000006   Code   RO          926    .ARM.Collect$$_printf_percent$$00000013  c_w.l(_printf_c.o)
    0x0800021e   0x0800021e   0x00000006   Code   RO          851    .ARM.Collect$$_printf_percent$$00000014  c_w.l(_printf_s.o)
    0x08000224   0x08000224   0x00000006   Code   RO          943    .ARM.Collect$$_printf_percent$$00000015  c_w.l(_printf_lc.o)
    0x0800022a   0x0800022a   0x00000006   Code   RO          944    .ARM.Collect$$_printf_percent$$00000016  c_w.l(_printf_ls.o)
    0x08000230   0x08000230   0x00000004   Code   RO          937    .ARM.Collect$$_printf_percent$$00000017  c_w.l(_printf_percent_end.o)
    0x08000234   0x08000234   0x00000002   Code   RO         1032    .ARM.Collect$$libinit$$00000000  c_w.l(libinit.o)
    0x08000236   0x08000236   0x00000000   Code   RO         1043    .ARM.Collect$$libinit$$00000002  c_w.l(libinit2.o)
    0x08000236   0x08000236   0x00000000   Code   RO         1045    .ARM.Collect$$libinit$$00000004  c_w.l(libinit2.o)
    0x08000236   0x08000236   0x00000000   Code   RO         1048    .ARM.Collect$$libinit$$0000000A  c_w.l(libinit2.o)
    0x08000236   0x08000236   0x00000000   Code   RO         1050    .ARM.Collect$$libinit$$0000000C  c_w.l(libinit2.o)
    0x08000236   0x08000236   0x00000000   Code   RO         1052    .ARM.Collect$$libinit$$0000000E  c_w.l(libinit2.o)
    0x08000236   0x08000236   0x00000006   Code   RO         1053    .ARM.Collect$$libinit$$0000000F  c_w.l(libinit2.o)
    0x0800023c   0x0800023c   0x00000000   Code   RO         1055    .ARM.Collect$$libinit$$00000011  c_w.l(libinit2.o)
    0x0800023c   0x0800023c   0x0000000c   Code   RO         1056    .ARM.Collect$$libinit$$00000012  c_w.l(libinit2.o)
    0x08000248   0x08000248   0x00000000   Code   RO         1057    .ARM.Collect$$libinit$$00000013  c_w.l(libinit2.o)
    0x08000248   0x08000248   0x00000000   Code   RO         1059    .ARM.Collect$$libinit$$00000015  c_w.l(libinit2.o)
    0x08000248   0x08000248   0x0000000a   Code   RO         1060    .ARM.Collect$$libinit$$00000016  c_w.l(libinit2.o)
    0x08000252   0x08000252   0x00000000   Code   RO         1061    .ARM.Collect$$libinit$$00000017  c_w.l(libinit2.o)
    0x08000252   0x08000252   0x00000000   Code   RO         1063    .ARM.Collect$$libinit$$00000019  c_w.l(libinit2.o)
    0x08000252   0x08000252   0x00000000   Code   RO         1065    .ARM.Collect$$libinit$$0000001B  c_w.l(libinit2.o)
    0x08000252   0x08000252   0x00000000   Code   RO         1067    .ARM.Collect$$libinit$$0000001D  c_w.l(libinit2.o)
    0x08000252   0x08000252   0x00000000   Code   RO         1069    .ARM.Collect$$libinit$$0000001F  c_w.l(libinit2.o)
    0x08000252   0x08000252   0x00000000   Code   RO         1071    .ARM.Collect$$libinit$$00000021  c_w.l(libinit2.o)
    0x08000252   0x08000252   0x00000000   Code   RO         1073    .ARM.Collect$$libinit$$00000023  c_w.l(libinit2.o)
    0x08000252   0x08000252   0x00000000   Code   RO         1075    .ARM.Collect$$libinit$$00000025  c_w.l(libinit2.o)
    0x08000252   0x08000252   0x00000000   Code   RO         1079    .ARM.Collect$$libinit$$0000002C  c_w.l(libinit2.o)
    0x08000252   0x08000252   0x00000000   Code   RO         1081    .ARM.Collect$$libinit$$0000002E  c_w.l(libinit2.o)
    0x08000252   0x08000252   0x00000000   Code   RO         1083    .ARM.Collect$$libinit$$00000030  c_w.l(libinit2.o)
    0x08000252   0x08000252   0x00000000   Code   RO         1085    .ARM.Collect$$libinit$$00000032  c_w.l(libinit2.o)
    0x08000252   0x08000252   0x00000002   Code   RO         1086    .ARM.Collect$$libinit$$00000033  c_w.l(libinit2.o)
    0x08000254   0x08000254   0x00000002   Code   RO         1106    .ARM.Collect$$libshutdown$$00000000  c_w.l(libshutdown.o)
    0x08000256   0x08000256   0x00000000   Code   RO         1119    .ARM.Collect$$libshutdown$$00000002  c_w.l(libshutdown2.o)
    0x08000256   0x08000256   0x00000000   Code   RO         1121    .ARM.Collect$$libshutdown$$00000004  c_w.l(libshutdown2.o)
    0x08000256   0x08000256   0x00000000   Code   RO         1124    .ARM.Collect$$libshutdown$$00000007  c_w.l(libshutdown2.o)
    0x08000256   0x08000256   0x00000000   Code   RO         1127    .ARM.Collect$$libshutdown$$0000000A  c_w.l(libshutdown2.o)
    0x08000256   0x08000256   0x00000000   Code   RO         1129    .ARM.Collect$$libshutdown$$0000000C  c_w.l(libshutdown2.o)
    0x08000256   0x08000256   0x00000000   Code   RO         1132    .ARM.Collect$$libshutdown$$0000000F  c_w.l(libshutdown2.o)
    0x08000256   0x08000256   0x00000002   Code   RO         1133    .ARM.Collect$$libshutdown$$00000010  c_w.l(libshutdown2.o)
    0x08000258   0x08000258   0x00000000   Code   RO          874    .ARM.Collect$$rtentry$$00000000  c_w.l(__rtentry.o)
    0x08000258   0x08000258   0x00000000   Code   RO          955    .ARM.Collect$$rtentry$$00000002  c_w.l(__rtentry2.o)
    0x08000258   0x08000258   0x00000006   Code   RO          967    .ARM.Collect$$rtentry$$00000004  c_w.l(__rtentry4.o)
    0x0800025e   0x0800025e   0x00000000   Code   RO          957    .ARM.Collect$$rtentry$$00000009  c_w.l(__rtentry2.o)
    0x0800025e   0x0800025e   0x00000004   Code   RO          958    .ARM.Collect$$rtentry$$0000000A  c_w.l(__rtentry2.o)
    0x08000262   0x08000262   0x00000000   Code   RO          960    .ARM.Collect$$rtentry$$0000000C  c_w.l(__rtentry2.o)
    0x08000262   0x08000262   0x00000008   Code   RO          961    .ARM.Collect$$rtentry$$0000000D  c_w.l(__rtentry2.o)
    0x0800026a   0x0800026a   0x00000002   Code   RO         1038    .ARM.Collect$$rtexit$$00000000  c_w.l(rtexit.o)
    0x0800026c   0x0800026c   0x00000000   Code   RO         1088    .ARM.Collect$$rtexit$$00000002  c_w.l(rtexit2.o)
    0x0800026c   0x0800026c   0x00000004   Code   RO         1089    .ARM.Collect$$rtexit$$00000003  c_w.l(rtexit2.o)
    0x08000270   0x08000270   0x00000006   Code   RO         1090    .ARM.Collect$$rtexit$$00000004  c_w.l(rtexit2.o)
    0x08000276   0x08000276   0x00000002   PAD
    0x08000278   0x08000278   0x00000150   Code   RO            1    .text               main.o
    0x080003c8   0x080003c8   0x00000018   Code   RO           87    .text               stm32f10x_it.o
    0x080003e0   0x080003e0   0x000001e0   Code   RO          106    .text               system_stm32f10x.o
    0x080005c0   0x080005c0   0x00000040   Code   RO          138    .text               startup_stm32f10x_hd.o
    0x08000600   0x08000600   0x000000dc   Code   RO          142    .text               misc.o
    0x080006dc   0x080006dc   0x000000c4   Code   RO          186    .text               stm32f10x_bkp.o
    0x080007a0   0x080007a0   0x0000035c   Code   RO          333    .text               stm32f10x_gpio.o
    0x08000afc   0x08000afc   0x000000cc   Code   RO          375    .text               stm32f10x_pwr.o
    0x08000bc8   0x08000bc8   0x000003a4   Code   RO          390    .text               stm32f10x_rcc.o
    0x08000f6c   0x08000f6c   0x00000148   Code   RO          404    .text               stm32f10x_rtc.o
    0x080010b4   0x080010b4   0x00000e1a   Code   RO          449    .text               stm32f10x_tim.o
    0x08001ece   0x08001ece   0x00000002   PAD
    0x08001ed0   0x08001ed0   0x00000408   Code   RO          464    .text               stm32f10x_usart.o
    0x080022d8   0x080022d8   0x000000ec   Code   RO          491    .text               delay.o
    0x080023c4   0x080023c4   0x00000df4   Code   RO          535    .text               sim800.o
    0x080031b8   0x080031b8   0x00000228   Code   RO          582    .text               send.o
    0x080033e0   0x080033e0   0x00000118   Code   RO          643    .text               usart2.o
    0x080034f8   0x080034f8   0x000001a8   Code   RO          662    .text               usart3.o
    0x080036a0   0x080036a0   0x000002c0   Code   RO          686    .text               timer.o
    0x08003960   0x08003960   0x0000017c   Code   RO          702    .text               mod.o
    0x08003adc   0x08003adc   0x00000260   Code   RO          719    .text               usart_mod.o
    0x08003d3c   0x08003d3c   0x00000330   Code   RO          741    .text               rtc.o
    0x0800406c   0x0800406c   0x00000054   Code   RO          758    .text               readconfig.o
    0x080040c0   0x080040c0   0x00000024   Code   RO          815    .text               c_w.l(c89vsprintf.o)
    0x080040e4   0x080040e4   0x00000034   Code   RO          817    .text               c_w.l(c89vsnprintf.o)
    0x08004118   0x08004118   0x0000002c   Code   RO          819    .text               c_w.l(__2sprintf.o)
    0x08004144   0x08004144   0x0000004e   Code   RO          825    .text               c_w.l(_printf_pad.o)
    0x08004192   0x08004192   0x00000052   Code   RO          827    .text               c_w.l(_printf_str.o)
    0x080041e4   0x080041e4   0x00000078   Code   RO          829    .text               c_w.l(_printf_dec.o)
    0x0800425c   0x0800425c   0x00000188   Code   RO          848    .text               c_w.l(__printf_flags_ss_wp.o)
    0x080043e4   0x080043e4   0x0000001a   Code   RO          854    .text               c_w.l(atoi.o)
    0x080043fe   0x080043fe   0x00000024   Code   RO          856    .text               c_w.l(strstr.o)
    0x08004422   0x08004422   0x00000048   Code   RO          858    .text               c_w.l(strcpy.o)
    0x0800446a   0x0800446a   0x0000003e   Code   RO          860    .text               c_w.l(strlen.o)
    0x080044a8   0x080044a8   0x00000064   Code   RO          862    .text               c_w.l(rt_memcpy_w.o)
    0x0800450c   0x0800450c   0x00000044   Code   RO          864    .text               c_w.l(rt_memclr.o)
    0x08004550   0x08004550   0x0000004e   Code   RO          866    .text               c_w.l(rt_memclr_w.o)
    0x0800459e   0x0800459e   0x00000056   Code   RO          868    .text               c_w.l(strncpy.o)
    0x080045f4   0x080045f4   0x00000006   Code   RO          870    .text               c_w.l(heapauxi.o)
    0x080045fa   0x080045fa   0x00000002   PAD
    0x080045fc   0x080045fc   0x00000008   Code   RO          878    .text               c_w.l(rt_errno_addr_intlibspace.o)
    0x08004604   0x08004604   0x00000024   Code   RO          880    .text               c_w.l(_printf_truncate.o)
    0x08004628   0x08004628   0x000000b2   Code   RO          882    .text               c_w.l(_printf_intcommon.o)
    0x080046da   0x080046da   0x00000028   Code   RO          884    .text               c_w.l(_printf_charcount.o)
    0x08004702   0x08004702   0x00000002   PAD
    0x08004704   0x08004704   0x00000030   Code   RO          886    .text               c_w.l(_printf_char_common.o)
    0x08004734   0x08004734   0x0000000a   Code   RO          888    .text               c_w.l(_sputc.o)
    0x0800473e   0x0800473e   0x00000010   Code   RO          890    .text               c_w.l(_snputc.o)
    0x0800474e   0x0800474e   0x0000002c   Code   RO          892    .text               c_w.l(_printf_char.o)
    0x0800477a   0x0800477a   0x00000002   PAD
    0x0800477c   0x0800477c   0x000000bc   Code   RO          894    .text               c_w.l(_printf_wctomb.o)
    0x08004838   0x08004838   0x0000007c   Code   RO          897    .text               c_w.l(_printf_longlong_dec.o)
    0x080048b4   0x080048b4   0x00000070   Code   RO          903    .text               c_w.l(_printf_oct_int_ll.o)
    0x08004924   0x08004924   0x00000094   Code   RO          923    .text               c_w.l(_printf_hex_int_ll_ptr.o)
    0x080049b8   0x080049b8   0x00000070   Code   RO          947    .text               c_w.l(strtol.o)
    0x08004a28   0x08004a28   0x00000008   Code   RO          951    .text               c_w.l(libspace.o)
    0x08004a30   0x08004a30   0x00000010   Code   RO          969    .text               c_w.l(rt_ctype_table.o)
    0x08004a40   0x08004a40   0x0000008a   Code   RO          971    .text               c_w.l(lludiv10.o)
    0x08004aca   0x08004aca   0x0000041e   Code   RO          973    .text               c_w.l(_printf_fp_dec.o)
    0x08004ee8   0x08004ee8   0x0000002c   Code   RO          977    .text               c_w.l(_printf_wchar.o)
    0x08004f14   0x08004f14   0x0000009e   Code   RO          979    .text               c_w.l(_strtoul.o)
    0x08004fb2   0x08004fb2   0x00000040   Code   RO          981    .text               c_w.l(_wcrtomb.o)
    0x08004ff2   0x08004ff2   0x0000004a   Code   RO          983    .text               c_w.l(sys_stackheap_outer.o)
    0x0800503c   0x0800503c   0x00000008   Code   RO          988    .text               c_w.l(rt_locale_intlibspace.o)
    0x08005044   0x08005044   0x00000080   Code   RO          990    .text               c_w.l(_printf_fp_infnan.o)
    0x080050c4   0x080050c4   0x0000001c   Code   RO          992    .text               c_w.l(_chval.o)
    0x080050e0   0x080050e0   0x000000e4   Code   RO          994    .text               c_w.l(bigflt0.o)
    0x080051c4   0x080051c4   0x00000012   Code   RO         1025    .text               c_w.l(exit.o)
    0x080051d6   0x080051d6   0x00000002   PAD
    0x080051d8   0x080051d8   0x00000080   Code   RO         1040    .text               c_w.l(strcmpv7m.o)
    0x08005258   0x08005258   0x0000000c   Code   RO         1098    .text               c_w.l(sys_exit.o)
    0x08005264   0x08005264   0x00000002   Code   RO         1109    .text               c_w.l(use_no_semi.o)
    0x08005266   0x08005266   0x00000000   Code   RO         1111    .text               c_w.l(indicate_semi.o)
    0x08005266   0x08005266   0x0000003e   Code   RO          997    CL$$btod_d2e        c_w.l(btod.o)
    0x080052a4   0x080052a4   0x00000046   Code   RO          999    CL$$btod_d2e_denorm_low  c_w.l(btod.o)
    0x080052ea   0x080052ea   0x00000060   Code   RO          998    CL$$btod_d2e_norm_op1  c_w.l(btod.o)
    0x0800534a   0x0800534a   0x00000338   Code   RO         1007    CL$$btod_div_common  c_w.l(btod.o)
    0x08005682   0x08005682   0x000000dc   Code   RO         1004    CL$$btod_e2e        c_w.l(btod.o)
    0x0800575e   0x0800575e   0x0000002a   Code   RO         1001    CL$$btod_ediv       c_w.l(btod.o)
    0x08005788   0x08005788   0x0000002a   Code   RO         1000    CL$$btod_emul       c_w.l(btod.o)
    0x080057b2   0x080057b2   0x00000244   Code   RO         1006    CL$$btod_mult_common  c_w.l(btod.o)
    0x080059f6   0x080059f6   0x00000028   Code   RO         1036    i.__ARM_fpclassify  m_ws.l(fpclassify.o)
    0x08005a1e   0x08005a1e   0x0000000e   Code   RO          841    i._is_digit         c_w.l(__printf_wp.o)
    0x08005a2c   0x08005a2c   0x0000002c   Code   RO         1020    locale$$code        c_w.l(lc_ctype_c.o)
    0x08005a58   0x08005a58   0x0000002c   Code   RO         1023    locale$$code        c_w.l(lc_numeric_c.o)
    0x08005a84   0x08005a84   0x00000004   Code   RO          949    x$fpl$printf1       fz_ws.l(printf1.o)
    0x08005a88   0x08005a88   0x00000000   Code   RO         1035    x$fpl$usenofp       fz_ws.l(usenofp.o)
    0x08005a88   0x08005a88   0x00000200   Data   RO          704    .constdata          mod.o
    0x08005c88   0x08005c88   0x00000018   Data   RO          743    .constdata          rtc.o
    0x08005ca0   0x08005ca0   0x00000011   Data   RO          849    .constdata          c_w.l(__printf_flags_ss_wp.o)
    0x08005cb1   0x08005cb1   0x00000003   PAD
    0x08005cb4   0x08005cb4   0x00000008   Data   RO          895    .constdata          c_w.l(_printf_wctomb.o)
    0x08005cbc   0x08005cbc   0x00000028   Data   RO          924    .constdata          c_w.l(_printf_hex_int_ll_ptr.o)
    0x08005ce4   0x08005ce4   0x00000094   Data   RO          995    .constdata          c_w.l(bigflt0.o)
    0x08005d78   0x08005d78   0x000000a4   Data   RO          538    .conststring        sim800.o
    0x08005e1c   0x08005e1c   0x00000062   Data   RO          584    .conststring        send.o
    0x08005e7e   0x08005e7e   0x00000002   PAD
    0x08005e80   0x08005e80   0x00000020   Data   RO         1164    Region$$Table       anon$$obj.o
    0x08005ea0   0x08005ea0   0x00000110   Data   RO         1019    locale$$data        c_w.l(lc_ctype_c.o)
    0x08005fb0   0x08005fb0   0x0000001c   Data   RO         1022    locale$$data        c_w.l(lc_numeric_c.o)


    Execution Region RW_IRAM1 (Exec base: 0x20000000, Load base: 0x08005fcc, Size: 0x00001ba8, Max: 0x00010000, ABSOLUTE)

    Exec Addr    Load Addr    Size         Type   Attr      Idx    E Section Name        Object

    0x20000000   0x08005fcc   0x00000014   Data   RW          107    .data               system_stm32f10x.o
    0x20000014   0x08005fe0   0x00000014   Data   RW          391    .data               stm32f10x_rcc.o
    0x20000028   0x08005ff4   0x00000008   Data   RW          492    .data               delay.o
    0x20000030   0x08005ffc   0x00000020   Data   RW          539    .data               sim800.o
    0x20000050   0x0800601c   0x00000004   Data   RW          585    .data               send.o
    0x20000054   0x08006020   0x00000002   Data   RW          664    .data               usart3.o
    0x20000056   0x08006022   0x00000002   PAD
    0x20000058   0x08006024   0x00000010   Data   RW          687    .data               timer.o
    0x20000068   0x08006034   0x00000008   Data   RW          705    .data               mod.o
    0x20000070   0x0800603c   0x0000000a   Data   RW          744    .data               rtc.o
    0x2000007a   0x08006046   0x00000002   PAD
    0x2000007c        -       0x0000004c   Zero   RW            2    .bss                main.o
    0x200000c8        -       0x0000092c   Zero   RW          536    .bss                sim800.o
    0x200009f4        -       0x00000681   Zero   RW          583    .bss                send.o
    0x20001075        -       0x00000200   Zero   RW          663    .bss                usart3.o
    0x20001275   0x08006046   0x00000003   PAD
    0x20001278        -       0x00000228   Zero   RW          703    .bss                mod.o
    0x200014a0        -       0x0000000a   Zero   RW          742    .bss                rtc.o
    0x200014aa   0x08006046   0x00000002   PAD
    0x200014ac        -       0x00000099   Zero   RW          759    .bss                readconfig.o
    0x20001545   0x08006046   0x00000003   PAD
    0x20001548        -       0x00000060   Zero   RW          952    .bss                c_w.l(libspace.o)
    0x200015a8        -       0x00000200   Zero   RW          136    HEAP                startup_stm32f10x_hd.o
    0x200017a8        -       0x00000400   Zero   RW          135    STACK               startup_stm32f10x_hd.o


==============================================================================

Image component sizes


      Code (inc. data)   RO Data    RW Data    ZI Data      Debug   Object Name

         0          0          0          0          0         32   core_cm3.o
       236         22          0          8          0     221320   delay.o
       336         46          0          0         76     248295   main.o
       220         22          0          0          0     206417   misc.o
       380         26        512          8        552       2314   mod.o
        84         50          0          0        153       1181   readconfig.o
       816         28         24         10         10       3120   rtc.o
       552        198         98          4       1665       3746   send.o
      3572        810        164         32       2348      14214   sim800.o
        64         26        304          0       1536        764   startup_stm32f10x_hd.o
       196          8          0          0          0       3420   stm32f10x_bkp.o
       860         38          0          0          0       5653   stm32f10x_gpio.o
        24          0          0          0          0       1050   stm32f10x_it.o
       204         14          0          0          0       1915   stm32f10x_pwr.o
       932         36          0         20          0       8792   stm32f10x_rcc.o
       328          4          0          0          0       2686   stm32f10x_rtc.o
      3610         88          0          0          0      43072   stm32f10x_tim.o
      1032         22          0          0          0       8380   stm32f10x_usart.o
       480         38          0         20          0       1623   system_stm32f10x.o
       704        112          0         16          0       2316   timer.o
       280         14          0          0          0       2994   usart2.o
       424         34          0          2        512       2125   usart3.o
       608         12          0          0          0       1512   usart_mod.o

    ----------------------------------------------------------------------
     15944       1648       1136        124       6860     786941   Object Totals
         0          0         32          0          0          0   (incl. Generated)
         2          0          2          4          8          0   (incl. Padding)

    ----------------------------------------------------------------------

      Code (inc. data)   RO Data    RW Data    ZI Data      Debug   Library Member Name

        44          6          0          0          0         84   __2sprintf.o
         8          0          0          0          0         68   __main.o
       392          4         17          0          0         92   __printf_flags_ss_wp.o
        14          0          0          0          0         68   __printf_wp.o
         0          0          0          0          0          0   __rtentry.o
        12          0          0          0          0          0   __rtentry2.o
         6          0          0          0          0          0   __rtentry4.o
        52          8          0          0          0          0   __scatter.o
        26          0          0          0          0          0   __scatter_copy.o
        28          0          0          0          0          0   __scatter_zi.o
        28          0          0          0          0         68   _chval.o
         6          0          0          0          0          0   _printf_a.o
         6          0          0          0          0          0   _printf_c.o
        44          0          0          0          0        108   _printf_char.o
        48          6          0          0          0         96   _printf_char_common.o
        40          0          0          0          0         68   _printf_charcount.o
         6          0          0          0          0          0   _printf_d.o
       120         16          0          0          0         92   _printf_dec.o
         6          0          0          0          0          0   _printf_e.o
         6          0          0          0          0          0   _printf_f.o
      1054          0          0          0          0        216   _printf_fp_dec.o
       128         16          0          0          0         84   _printf_fp_infnan.o
         6          0          0          0          0          0   _printf_g.o
       148          4         40          0          0        160   _printf_hex_int_ll_ptr.o
         6          0          0          0          0          0   _printf_i.o
       178          0          0          0          0         88   _printf_intcommon.o
        10          0          0          0          0          0   _printf_l.o
         6          0          0          0          0          0   _printf_lc.o
        10          0          0          0          0          0   _printf_ll.o
         6          0          0          0          0          0   _printf_lld.o
         6          0          0          0          0          0   _printf_lli.o
         6          0          0          0          0          0   _printf_llo.o
         6          0          0          0          0          0   _printf_llu.o
         6          0          0          0          0          0   _printf_llx.o
       124         16          0          0          0         92   _printf_longlong_dec.o
         6          0          0          0          0          0   _printf_ls.o
         6          0          0          0          0          0   _printf_n.o
         6          0          0          0          0          0   _printf_o.o
       112         10          0          0          0        124   _printf_oct_int_ll.o
         6          0          0          0          0          0   _printf_p.o
        78          0          0          0          0        108   _printf_pad.o
         0          0          0          0          0          0   _printf_percent.o
         4          0          0          0          0          0   _printf_percent_end.o
         6          0          0          0          0          0   _printf_s.o
        82          0          0          0          0         80   _printf_str.o
        36          0          0          0          0         84   _printf_truncate.o
         6          0          0          0          0          0   _printf_u.o
        44          0          0          0          0        108   _printf_wchar.o
       188          6          8          0          0         92   _printf_wctomb.o
         6          0          0          0          0          0   _printf_x.o
        16          0          0          0          0         68   _snputc.o
        10          0          0          0          0         68   _sputc.o
       158          0          0          0          0         92   _strtoul.o
        64          0          0          0          0         92   _wcrtomb.o
        26          0          0          0          0         80   atoi.o
       228          4        148          0          0         96   bigflt0.o
      1936        128          0          0          0        672   btod.o
        52          4          0          0          0         80   c89vsnprintf.o
        36          4          0          0          0         76   c89vsprintf.o
        18          0          0          0          0         80   exit.o
         6          0          0          0          0        152   heapauxi.o
         0          0          0          0          0          0   indicate_semi.o
        44         10        272          0          0         76   lc_ctype_c.o
        44         10         28          0          0         76   lc_numeric_c.o
         2          0          0          0          0          0   libinit.o
        30          0          0          0          0          0   libinit2.o
         2          0          0          0          0          0   libshutdown.o
         2          0          0          0          0          0   libshutdown2.o
         8          4          0          0         96         68   libspace.o
       138          0          0          0          0         80   lludiv10.o
        16          4          0          0          0         76   rt_ctype_table.o
         8          4          0          0          0         68   rt_errno_addr_intlibspace.o
         8          4          0          0          0         68   rt_locale_intlibspace.o
        68          0          0          0          0         68   rt_memclr.o
        78          0          0          0          0         80   rt_memclr_w.o
       100          0          0          0          0         80   rt_memcpy_w.o
         2          0          0          0          0          0   rtexit.o
        10          0          0          0          0          0   rtexit2.o
       128          0          0          0          0         68   strcmpv7m.o
        72          0          0          0          0         80   strcpy.o
        62          0          0          0          0         76   strlen.o
        86          0          0          0          0         76   strncpy.o
        36          0          0          0          0         80   strstr.o
       112          0          0          0          0         88   strtol.o
        12          4          0          0          0         68   sys_exit.o
        74          0          0          0          0         80   sys_stackheap_outer.o
         2          0          0          0          0         68   use_no_semi.o
         4          0          0          0          0         68   printf1.o
         0          0          0          0          0          0   usenofp.o
        40          0          0          0          0         68   fpclassify.o

    ----------------------------------------------------------------------
      6928        272        516          0         96       5096   Library Totals
        12          0          3          0          0          0   (incl. Padding)

    ----------------------------------------------------------------------

      Code (inc. data)   RO Data    RW Data    ZI Data      Debug   Library Name

      6872        272        513          0         96       4960   c_w.l
         4          0          0          0          0         68   fz_ws.l
        40          0          0          0          0         68   m_ws.l

    ----------------------------------------------------------------------
      6928        272        516          0         96       5096   Library Totals

    ----------------------------------------------------------------------

==============================================================================


      Code (inc. data)   RO Data    RW Data    ZI Data      Debug   

     22872       1920       1652        124       6956     787197   Grand Totals
     22872       1920       1652        124       6956     787197   ELF Image Totals
     22872       1920       1652        124          0          0   ROM Totals

==============================================================================

    Total RO  Size (Code + RO Data)                24524 (  23.95kB)
    Total RW  Size (RW Data + ZI Data)              7080 (   6.91kB)
    Total ROM Size (Code + RO Data + RW Data)      24648 (  24.07kB)

==============================================================================

