<html>
<body>
<pre>
<h1>礦ision Build Log</h1>
<h2>Tool Versions:</h2>
IDE-Version: μVision V5.25.2.0
Copyright (C) 2018 ARM Ltd and ARM Germany GmbH. All rights reserved.
License Information: 1 1, 1, LIC=0VR8T-RD819-PFSIX-HAFQG-8QH67-630RF
 
Tool Versions:
Toolchain:       MDK-ARM Professional  Version: 5.25.2.0
Toolchain Path:  C:\Keil_v5\ARM\ARMCC\Bin
C Compiler:      Armcc.exe V5.06 update 6 (build 750)
Assembler:       Armasm.exe V5.06 update 6 (build 750)
Linker/Locator:  ArmLink.exe V5.06 update 6 (build 750)
Library Manager: ArmAr.exe V5.06 update 6 (build 750)
Hex Converter:   FromElf.exe V5.06 update 6 (build 750)
CPU DLL:         SARMCM3.DLL V5.25.2.0
Dialog DLL:      DARMSTM.DLL V1.68.0.0
Target DLL:      Segger\JL2CM3.dll V2.99.29.0
Dialog DLL:      TARMSTM.DLL V1.66.0.0
 
<h2>Project:</h2>
F:\plc_stm32\Demo\USER\Template.uvprojx
Project File Date:  01/23/2019

<h2>Output:</h2>
*** Using Compiler 'V5.06 update 6 (build 750)', folder: 'C:\Keil_v5\ARM\ARMCC\Bin'
Rebuild target 'Template'
compiling stm32f10x_it.c...
compiling system_stm32f10x.c...
compiling main.c...
..\SYSTEM\sim800\SIM800.h(88): warning:  #1295-D: Deprecated declaration setsms_layout - give arg types
  u8 setsms_layout();
..\SYSTEM\sim800\SIM800.h(89): warning:  #1295-D: Deprecated declaration setsmsmodel - give arg types
  u8 setsmsmodel();
..\SYSTEM\sim800\SIM800.h(106): warning:  #1295-D: Deprecated declaration SendPost_Server - give arg types
  u8 SendPost_Server();
..\SYSTEM\sim800\SIM800.h(114): warning:  #1295-D: Deprecated declaration SIM800_ntpserver - give arg types
  	void SIM800_ntpserver();
..\SYSTEM\mod\mod.h(62): warning:  #1295-D: Deprecated declaration packagepost - give arg types
  void packagepost();
..\SYSTEM\mod\mod.h(64): warning:  #1295-D: Deprecated declaration modbus_rev_deal - give arg types
  unsigned char  modbus_rev_deal();
..\SYSTEM\iic\iic.h(13): warning:  #1-D: last line of file ends without a newline
  #endif
main.c(55): warning:  #223-D: function "TIM_SetCounter" declared implicitly
  	 TIM_SetCounter(TIM6,0); 
main.c(57): warning:  #223-D: function "TIM_Cmd" declared implicitly
  	 TIM_Cmd(TIM6,ENABLE);
main.c(58): warning:  #223-D: function "Init_RTC" declared implicitly
  	 Init_RTC();  //初始化时钟
main.c(59): warning:  #223-D: function "I2C_Config" declared implicitly
  	 I2C_Config();
main.c(87): warning:  #223-D: function "read_hold_register_03" declared implicitly
  					 read_hold_register_03(1,0,40);
main.c(103): warning:  #223-D: function "packagedata" declared implicitly
  						packagedata();
main.c(104): warning:  #223-D: function "write" declared implicitly
  						write();
main.c(110): warning:  #223-D: function "packagedata" declared implicitly
  					  packagedata();//打包实时数据
main.c(114): warning:  #223-D: function "clear" declared implicitly
  				   clear();
main.c(121): warning:  #223-D: function "readmessage" declared implicitly
  				  	IsRead=readmessage(str);		
main.c(126): warning:  #223-D: function "sim800_unnicode2asiicc" declared implicitly
  					sim800_unnicode2asiicc(str,ascstr);       
main.c: 18 warnings, 0 errors
assembling startup_stm32f10x_hd.s...
compiling core_cm3.c...
compiling misc.c...
compiling stm32f10x_adc.c...
compiling stm32f10x_bkp.c...
compiling stm32f10x_can.c...
compiling stm32f10x_cec.c...
compiling stm32f10x_crc.c...
compiling stm32f10x_dbgmcu.c...
compiling stm32f10x_dac.c...
compiling stm32f10x_dma.c...
compiling stm32f10x_exti.c...
compiling stm32f10x_flash.c...
compiling stm32f10x_fsmc.c...
compiling stm32f10x_gpio.c...
compiling stm32f10x_i2c.c...
compiling stm32f10x_iwdg.c...
compiling stm32f10x_pwr.c...
compiling stm32f10x_rcc.c...
compiling stm32f10x_rtc.c...
compiling stm32f10x_sdio.c...
compiling stm32f10x_spi.c...
compiling stm32f10x_usart.c...
compiling stm32f10x_tim.c...
compiling stm32f10x_wwdg.c...
compiling delay.c...
compiling SIM800.c...
..\SYSTEM\sim800\sim800.h(88): warning:  #1295-D: Deprecated declaration setsms_layout - give arg types
  u8 setsms_layout();
..\SYSTEM\sim800\sim800.h(89): warning:  #1295-D: Deprecated declaration setsmsmodel - give arg types
  u8 setsmsmodel();
..\SYSTEM\sim800\sim800.h(106): warning:  #1295-D: Deprecated declaration SendPost_Server - give arg types
  u8 SendPost_Server();
..\SYSTEM\sim800\sim800.h(114): warning:  #1295-D: Deprecated declaration SIM800_ntpserver - give arg types
  	void SIM800_ntpserver();
..\SYSTEM\sim800\SIM800.c(60): warning:  #167-D: argument of type "u8 *" is incompatible with parameter of type "char *restrict"
  			strcpy(device.ack1,(char*)reply1);
..\SYSTEM\sim800\SIM800.c(132): warning:  #167-D: argument of type "u8 *" is incompatible with parameter of type "char *restrict"
  			 strcpy(device.simid,Number_BUF);
..\SYSTEM\sim800\SIM800.c(570): warning:  #170-D: pointer points outside of underlying object
  			memcpy(location_BUF,device.sim_data+11,20);
..\SYSTEM\sim800\SIM800.c(565): warning:  #177-D: variable "p_temp"  was declared but never referenced
  	char *p_temp = NULL;
..\SYSTEM\sim800\SIM800.c(566): warning:  #177-D: variable "index"  was declared but never referenced
  	int index=0;
..\SYSTEM\sim800\SIM800.c(627): warning:  #167-D: argument of type "u8 *" is incompatible with parameter of type "char *"
  		ret = SIM800_Send_Cmd(p,"CONNECT",0,15000);
..\SYSTEM\sim800\SIM800.c(672): warning:  #167-D: argument of type "u8 *" is incompatible with parameter of type "char *"
  		ret = SIM800_Send_Cmd((u8*)0x1A,"SEND OK",0,3000);
..\SYSTEM\sim800\SIM800.c(679): warning:  #223-D: function "TIM_Cmd" declared implicitly
  	  	TIM_Cmd(TIM5,ENABLE);	//打开断网计时
..\SYSTEM\sim800\SIM800.c(799): warning:  #167-D: argument of type "u8 *" is incompatible with parameter of type "char *"
  							if(SIM800_Send_Cmd(sms_cmd,">",0,200)==CMD_ACK_OK)					//发送短信命令+电话号码
..\SYSTEM\sim800\SIM800.c(805): warning:  #167-D: argument of type "u8 *" is incompatible with parameter of type "char *"
  								ret = SIM800_Send_Cmd((u8*)0X1A,"+CMGS:",0,2000); //发送结束符,等待发送完成(最长等待10秒钟,因为短信长了的话,等待时间会长一些)
..\SYSTEM\sim800\SIM800.c(910): warning:  #940-D: missing return statement at end of non-void function "SIM800_Link_Server_AT" 
  }
..\SYSTEM\sim800\SIM800.c(853): warning:  #550-D: variable "ret"  was set but never used
  	u8 ret = CMD_ACK_NONE;
..\SYSTEM\sim800\SIM800.c(983): warning:  #1293-D: assignment in condition
  			if(ret=(qureybearer())==CMD_ACK_OK)
..\SYSTEM\sim800\SIM800.c(992): warning:  #175-D: subscript out of range
  					 { newtimer.newyear=(device.sim_data[10]-'0')*10+(device.sim_data[11]-'0')+2000;
..\SYSTEM\sim800\SIM800.c(992): warning:  #175-D: subscript out of range
  					 { newtimer.newyear=(device.sim_data[10]-'0')*10+(device.sim_data[11]-'0')+2000;
..\SYSTEM\sim800\SIM800.c(993): warning:  #175-D: subscript out of range
  						 newtimer.newmonth=(device.sim_data[13]-'0')*10+(device.sim_data[14]-'0');
..\SYSTEM\sim800\SIM800.c(993): warning:  #175-D: subscript out of range
  						 newtimer.newmonth=(device.sim_data[13]-'0')*10+(device.sim_data[14]-'0');
..\SYSTEM\sim800\SIM800.c(994): warning:  #175-D: subscript out of range
  						 newtimer.newdate=(device.sim_data[16]-'0')*10+(device.sim_data[17]-'0');
..\SYSTEM\sim800\SIM800.c(994): warning:  #175-D: subscript out of range
  						 newtimer.newdate=(device.sim_data[16]-'0')*10+(device.sim_data[17]-'0');
..\SYSTEM\sim800\SIM800.c(996): warning:  #175-D: subscript out of range
  						 newtimer.newhour=(device.sim_data[19]-'0')*10+(device.sim_data[20]-'0');
..\SYSTEM\sim800\SIM800.c(996): warning:  #175-D: subscript out of range
  						 newtimer.newhour=(device.sim_data[19]-'0')*10+(device.sim_data[20]-'0');
..\SYSTEM\sim800\SIM800.c(997): warning:  #175-D: subscript out of range
  						 newtimer.newmin=(device.sim_data[22]-'0')*10+(device.sim_data[23]-'0');
..\SYSTEM\sim800\SIM800.c(997): warning:  #175-D: subscript out of range
  						 newtimer.newmin=(device.sim_data[22]-'0')*10+(device.sim_data[23]-'0');
..\SYSTEM\sim800\SIM800.c(998): warning:  #175-D: subscript out of range
  						 newtimer.newsec=(device.sim_data[25]-'0')*10+(device.sim_data[26]-'0');		
..\SYSTEM\sim800\SIM800.c(998): warning:  #175-D: subscript out of range
  						 newtimer.newsec=(device.sim_data[25]-'0')*10+(device.sim_data[26]-'0');		
..\SYSTEM\sim800\SIM800.c(977): warning:  #550-D: variable "ret"  was set but never used
  	 u8 ret=0;
..\SYSTEM\sim800\SIM800.c(978): warning:  #177-D: variable "timePtr"  was declared but never referenced
  	 char *timePtr = NULL;
..\SYSTEM\sim800\SIM800.c(1033): warning:  #513-D: a value of type "u8 *" cannot be assigned to an entity of type "char *"
  		 redata=device.message;
..\SYSTEM\sim800\SIM800.c(1031): warning:  #177-D: variable "cmd"  was declared but never referenced
      char cmd[100]={0};
..\SYSTEM\sim800\SIM800.c(1032): warning:  #177-D: variable "result"  was declared but never referenced
  	  char result=0;
..\SYSTEM\sim800\SIM800.c(17): warning:  #177-D: variable "MaxMessAdd"  was declared but never referenced
  static uint8_t MaxMessAdd=50;
..\SYSTEM\sim800\SIM800.c: 35 warnings, 0 errors
compiling sys.c...
compiling send.c...
..\SYSTEM\iic\iic.h(13): warning:  #1-D: last line of file ends without a newline
  #endif
..\SYSTEM\mod\mod.h(62): warning:  #1295-D: Deprecated declaration packagepost - give arg types
  void packagepost();
..\SYSTEM\mod\mod.h(64): warning:  #1295-D: Deprecated declaration modbus_rev_deal - give arg types
  unsigned char  modbus_rev_deal();
..\SYSTEM\send\send.c(83): warning:  #167-D: argument of type "char *" is incompatible with parameter of type "const unsigned char *"
       ByteToHexStr(usart_data.rx_buf,rx_buf_str,usart_data.rx_len_ed); 
..\SYSTEM\send\send.c(96): warning:  #177-D: variable "content_page"  was declared but never referenced
     char content_page[50];
..\SYSTEM\send\send.c(97): warning:  #177-D: variable "content_len"  was declared but never referenced
  	 char content_len[300];
..\SYSTEM\send\send.c(98): warning:  #177-D: variable "content_host"  was declared but never referenced
  	 char content_host[50];
..\SYSTEM\send\send.c(99): warning:  #177-D: variable "content_type"  was declared but never referenced
  	 char content_type[] = "Content-Type:application/json-patch+json\r\n";
..\SYSTEM\send\send.c(165): warning:  #223-D: function "toupper" declared implicitly
  s1 = toupper(h1) - 0x30;
..\SYSTEM\send\send.c(26): warning:  #177-D: variable "body_data_2"  was declared but never referenced
  static char body_data_2[50];        //需发送数据
..\SYSTEM\send\send.c: 10 warnings, 0 errors
compiling SysTick.c...
compiling device.c...
compiling usart2.c...
compiling usart3.c...
..\SYSTEM\sim800\sim800.h(88): warning:  #1295-D: Deprecated declaration setsms_layout - give arg types
  u8 setsms_layout();
..\SYSTEM\sim800\sim800.h(89): warning:  #1295-D: Deprecated declaration setsmsmodel - give arg types
  u8 setsmsmodel();
..\SYSTEM\sim800\sim800.h(106): warning:  #1295-D: Deprecated declaration SendPost_Server - give arg types
  u8 SendPost_Server();
..\SYSTEM\sim800\sim800.h(114): warning:  #1295-D: Deprecated declaration SIM800_ntpserver - give arg types
  	void SIM800_ntpserver();
..\SYSTEM\usart3\usart3.c(35): warning:  #223-D: function "TIM_SetCounter" declared implicitly
  				TIM_SetCounter(TIM7,0);             //计数器清空          				
..\SYSTEM\usart3\usart3.c(38): warning:  #223-D: function "TIM_Cmd" declared implicitly
  					TIM_Cmd(TIM7,ENABLE);             //使能定时器7
..\SYSTEM\usart3\usart3.c(103): warning:  #223-D: function "TIM_Cmd" declared implicitly
  	TIM_Cmd(TIM7,DISABLE);		//关闭定时器7
..\SYSTEM\usart3\usart3.c: 7 warnings, 0 errors
compiling mod.c...
..\SYSTEM\mod\mod.h(62): warning:  #1295-D: Deprecated declaration packagepost - give arg types
  void packagepost();
..\SYSTEM\mod\mod.h(64): warning:  #1295-D: Deprecated declaration modbus_rev_deal - give arg types
  unsigned char  modbus_rev_deal();
..\SYSTEM\mod\mod.c(157): warning:  #550-D: variable "addr_edd"  was set but never used
  	unsigned int addr_edd;
..\SYSTEM\mod\mod.c(202): warning:  #940-D: missing return statement at end of non-void function "set_hold_register_06" 
  }
..\SYSTEM\mod\mod.c: 4 warnings, 0 errors
compiling timer.c...
..\SYSTEM\iic\iic.h(13): warning:  #1-D: last line of file ends without a newline
  #endif
..\SYSTEM\timer\timer.c(21): warning:  #177-D: variable "index"  was declared but never referenced
  	u8 index;
..\SYSTEM\timer\timer.c(61): warning:  #167-D: argument of type "u8 *" is incompatible with parameter of type "const char *"
  		  if((strstr(device.ack1, ">")!=NULL) && (strstr((const char*)USART3_RX_BUF,"ERROR")!=NULL))
..\SYSTEM\timer\timer.c(73): warning:  #167-D: argument of type "u8 *" is incompatible with parameter of type "const char *"
  			if(strstr((const char*)USART3_RX_BUF, device.ack1) != NULL)
..\SYSTEM\timer\timer.c(83): warning:  #167-D: argument of type "u8 *" is incompatible with parameter of type "char *restrict"
             	strcpy(device.message,(const char *)USART3_RX_BUF);
..\SYSTEM\timer\timer.c(42): warning:  #177-D: variable "length"  was declared but never referenced
  	u16 length = 0; 
..\SYSTEM\timer\timer.c(43): warning:  #177-D: variable "result"  was declared but never referenced
  	u8 result = 0;
..\SYSTEM\timer\timer.c(44): warning:  #177-D: variable "result_temp"  was declared but never referenced
  	u8 result_temp = 0;
..\SYSTEM\timer\timer.c(45): warning:  #177-D: variable "uart_data_left"  was declared but never referenced
  	char *uart_data_left;
..\SYSTEM\timer\timer.c(46): warning:  #177-D: variable "p"  was declared but never referenced
  	char *p, *p1;
..\SYSTEM\timer\timer.c(46): warning:  #177-D: variable "p1"  was declared but never referenced
  	char *p, *p1;
..\SYSTEM\timer\timer.c(47): warning:  #177-D: variable "p_temp"  was declared but never referenced
  	char *p_temp = NULL;
..\SYSTEM\timer\timer.c(220): warning:  #1-D: last line of file ends without a newline
  }
..\SYSTEM\timer\timer.c: 13 warnings, 0 errors
compiling rtc.c...
..\SYSTEM\rtc\rtc.c(18): warning:  #223-D: function "PWR_BackupAccessCmd" declared implicitly
  	PWR_BackupAccessCmd(ENABLE);									//使能RTC和后备寄存器访问 
..\SYSTEM\rtc\rtc.c: 1 warning, 0 errors
compiling usart_mod.c...
..\SYSTEM\mod\mod.h(62): warning:  #1295-D: Deprecated declaration packagepost - give arg types
  void packagepost();
..\SYSTEM\mod\mod.h(64): warning:  #1295-D: Deprecated declaration modbus_rev_deal - give arg types
  unsigned char  modbus_rev_deal();
..\SYSTEM\mod\usart_mod.c(87): warning:  #167-D: argument of type "char *" is incompatible with parameter of type "uint8_t *"
  		 if(crc==Modbus_CRC16(usart_data.rx_buf,rec_len-2))  //如果校验通过
..\SYSTEM\mod\usart_mod.c: 3 warnings, 0 errors
compiling readconfig.c...
..\SYSTEM\iic\iic.h(13): warning:  #1-D: last line of file ends without a newline
  #endif
..\SYSTEM\sim800\sim800.h(88): warning:  #1295-D: Deprecated declaration setsms_layout - give arg types
  u8 setsms_layout();
..\SYSTEM\sim800\sim800.h(89): warning:  #1295-D: Deprecated declaration setsmsmodel - give arg types
  u8 setsmsmodel();
..\SYSTEM\sim800\sim800.h(106): warning:  #1295-D: Deprecated declaration SendPost_Server - give arg types
  u8 SendPost_Server();
..\SYSTEM\sim800\sim800.h(114): warning:  #1295-D: Deprecated declaration SIM800_ntpserver - give arg types
  	void SIM800_ntpserver();
..\SYSTEM\readconfig\readconfig.c(37): warning:  #167-D: argument of type "char *" is incompatible with parameter of type "unsigned char *"
  	E2promReadBuffer(0,datatemp,72);
..\SYSTEM\readconfig\readconfig.c(41): warning:  #167-D: argument of type "u8 *" is incompatible with parameter of type "char *restrict"
  	strncpy(device.machineid,datatemp+3,8);//截取机器码
..\SYSTEM\readconfig\readconfig.c(42): warning:  #167-D: argument of type "u8 *" is incompatible with parameter of type "char *restrict"
  	strncpy(device.simid,datatemp+17,11);//截取手机号码
..\SYSTEM\readconfig\readconfig.c(43): warning:  #167-D: argument of type "u8 *" is incompatible with parameter of type "char *restrict"
  	strncpy(device.period,datatemp+35,2);//截取时间间隔
..\SYSTEM\readconfig\readconfig.c(44): warning:  #167-D: argument of type "u8 *" is incompatible with parameter of type "char *restrict"
    strncpy(device.ipaddress,datatemp+42,15);//截取ip
..\SYSTEM\readconfig\readconfig.c(45): warning:  #167-D: argument of type "u8 *" is incompatible with parameter of type "char *restrict"
    strncpy(device.port,datatemp+57,5);//截取端口
..\SYSTEM\readconfig\readconfig.c(48): warning:  #223-D: function "atoi" declared implicitly
  	  a=atoi(device.period);
..\SYSTEM\readconfig\readconfig.c(77): warning:  #167-D: argument of type "char *" is incompatible with parameter of type "unsigned char *"
  		E2promReadBuffer(readedaddr,ReadBuf,200);
..\SYSTEM\readconfig\readconfig.c: 13 warnings, 0 errors
compiling Common.c...
compiling iic.c...
..\SYSTEM\iic\iic.c(357): warning:  #940-D: missing return statement at end of non-void function "E2promReadBuffer" 
  }
..\SYSTEM\iic\iic.c: 1 warning, 0 errors
compiling cc936.c...
compiling ff.c...
compiling swo_printf.c...
swo_printf.c(37): warning:  #1-D: last line of file ends without a newline
  #endif 
swo_printf.c: 1 warning, 0 errors
linking...
Program Size: Code=26756 RO-data=176856 RW-data=376 ZI-data=7904  
FromELF: creating hex file...
"..\OBJ\Template.axf" - 0 Error(s), 106 Warning(s).

<h2>Software Packages used:</h2>

Package Vendor: Keil
                http://www.keil.com/pack/Keil.STM32F1xx_DFP.2.2.0.pack
                Keil.STM32F1xx_DFP.2.2.0
                STMicroelectronics STM32F1 Series Device Support, Drivers and Examples

<h2>Collection of Component include folders:</h2>
  .\RTE\_Template
  C:\Keil_v5\ARM\PACK\Keil\STM32F1xx_DFP\2.2.0\Device\Include

<h2>Collection of Component Files used:</h2>
Build Time Elapsed:  00:00:22
</pre>
</body>
</html>
