<html>
<body>
<pre>
<h1>礦ision Build Log</h1>
<h2>Tool Versions:</h2>
IDE-Version: μVision V5.25.2.0
Copyright (C) 2018 ARM Ltd and ARM Germany GmbH. All rights reserved.
License Information: 1 1, 1, LIC=0VR8T-RD819-PFSIX-HAFQG-8QH67-630RF
 
Tool Versions:
Toolchain:       MDK-ARM Professional  Version: 5.25.2.0
Toolchain Path:  C:\Keil_v5\ARM\ARMCC\Bin
C Compiler:      Armcc.exe V5.06 update 6 (build 750)
Assembler:       Armasm.exe V5.06 update 6 (build 750)
Linker/Locator:  ArmLink.exe V5.06 update 6 (build 750)
Library Manager: ArmAr.exe V5.06 update 6 (build 750)
Hex Converter:   FromElf.exe V5.06 update 6 (build 750)
CPU DLL:         SARMCM3.DLL V5.25.2.0
Dialog DLL:      DARMSTM.DLL V1.68.0.0
Target DLL:      Segger\JL2CM3.dll V2.99.29.0
Dialog DLL:      TARMSTM.DLL V1.66.0.0
 
<h2>Project:</h2>
F:\plc_stm32\Demo\USER\Template.uvprojx
Project File Date:  12/13/2018

<h2>Output:</h2>
*** Using Compiler 'V5.06 update 6 (build 750)', folder: 'C:\Keil_v5\ARM\ARMCC\Bin'
Build target 'Template'
compiling main.c...
..\SYSTEM\sim800\SIM800.h(104): warning:  #1295-D: Deprecated declaration SendPost_Server - give arg types
  u8 SendPost_Server();
..\SYSTEM\sim800\SIM800.h(112): warning:  #1295-D: Deprecated declaration SIM800_ntpserver - give arg types
  	void SIM800_ntpserver();
..\SYSTEM\mod\mod.h(62): warning:  #1295-D: Deprecated declaration packagepost - give arg types
  void packagepost();
..\SYSTEM\mod\mod.h(64): warning:  #1295-D: Deprecated declaration modbus_rev_deal - give arg types
  unsigned char  modbus_rev_deal();
main.c(27): warning:  #223-D: function "TIM_SetCounter" declared implicitly
  	 TIM_SetCounter(TIM6,0); 
main.c(29): warning:  #223-D: function "TIM_Cmd" declared implicitly
  	 TIM_Cmd(TIM6,ENABLE);
main.c(30): warning:  #223-D: function "Init_RTC" declared implicitly
  	 Init_RTC();  //初始化时钟
main.c(31): warning:  #223-D: function "I2C_Config" declared implicitly
  	 I2C_Config();
main.c(41): warning:  #223-D: function "r_defalutconfig" declared implicitly
  	 r_defalutconfig();
main.c(42): warning:  #223-D: function "readbak" declared implicitly
  	 readbak();
main.c(59): warning:  #223-D: function "read_hold_register_03" declared implicitly
  					 read_hold_register_03(1,0,40);
main.c(75): warning:  #223-D: function "packagedata" declared implicitly
  						packagedata();
main.c(76): warning:  #223-D: function "write" declared implicitly
  						write();
main.c(82): warning:  #223-D: function "packagedata" declared implicitly
  					 packagedata();//打包实时数据
main.c(85): warning:  #223-D: function "clear" declared implicitly
  				   clear();
main.c(92): warning:  #223-D: function "readmessage" declared implicitly
  				  	IsRead=readmessage(str);		
main.c(96): warning:  #223-D: function "USART2_printf" declared implicitly
  					BSP_Printf("短信内容:  %s",str);
main.c(98): warning:  #223-D: function "sim800c_unigbk_exchange" declared implicitly
  					sim800c_unigbk_exchange(str,gbkstr,0);
main.c: 18 warnings, 0 errors
linking...
Program Size: Code=25516 RO-data=176856 RW-data=348 ZI-data=7988  
FromELF: creating hex file...
"..\OBJ\Template.axf" - 0 Error(s), 18 Warning(s).

<h2>Software Packages used:</h2>

Package Vendor: Keil
                http://www.keil.com/pack/Keil.STM32F1xx_DFP.2.2.0.pack
                Keil.STM32F1xx_DFP.2.2.0
                STMicroelectronics STM32F1 Series Device Support, Drivers and Examples

<h2>Collection of Component include folders:</h2>
  .\RTE\_Template
  C:\Keil_v5\ARM\PACK\Keil\STM32F1xx_DFP\2.2.0\Device\Include

<h2>Collection of Component Files used:</h2>
Build Time Elapsed:  00:00:04
</pre>
</body>
</html>
